Component: Arm Compiler for Embedded 6.22 Tool: armlink [5ee90200]

==============================================================================

Section Cross References

    startup.o(RESET) refers to startup.o(STACK) for StackMem
    startup.o(RESET) refers to osasm.o(.text) for SVC_Handler
    startup.o(RESET) refers to os.o(.text.SysTick_Handler) for SysTick_Handler
    startup.o(RESET) refers to uart0int.o(.text.UART0_Handler) for UART0_Handler
    startup.o(RESET) refers to adct0atrigger.o(.text.ADC0Seq0_Handler) for ADC0Seq0_Handler
    startup.o(RESET) refers to adct0atrigger.o(.text.ADC0Seq3_Handler) for ADC0Seq3_Handler
    startup.o(RESET) refers to timer0a.o(.text.Timer0A_Handler) for Timer0A_Handler
    startup.o(RESET) refers to timer1a.o(.text.Timer1A_Handler) for Timer1A_Handler
    startup.o(RESET) refers to timer2a.o(.text.Timer2A_Handler) for Timer2A_Handler
    startup.o(RESET) refers to os.o(.text.GPIOPortF_Handler) for GPIOPortF_Handler
    startup.o(RESET) refers to timer3a.o(.text.Timer3A_Handler) for Timer3A_Handler
    startup.o(RESET) refers to timer4a.o(.text.Timer4A_Handler) for Timer4A_Handler
    startup.o(RESET) refers to timer5a.o(.text.Timer5A_Handler) for Timer5A_Handler
    startup.o(RESET) refers to wtimer0a.o(.text.WideTimer0A_Handler) for WideTimer0A_Handler
    startup.o(RESET) refers to entry.o(.ARM.Collect$$$$00000000) for __main
    lab4.o(.ARM.exidx.text.PortD_Init) refers to lab4.o(.text.PortD_Init) for [Anonymous Symbol]
    lab4.o(.text.DAS) refers to adc.o(.text.ADC_In) for ADC_In
    lab4.o(.text.DAS) refers to lab4.o(.bss.ADCdata) for ADCdata
    lab4.o(.text.DAS) refers to lab4.o(.bss.Index3) for Index3
    lab4.o(.text.DAS) refers to lpf.o(.text.Median) for Median
    lab4.o(.text.DAS) refers to lab4.o(.bss.FilterOutput) for FilterOutput
    lab4.o(.text.DAS) refers to irdistance.o(.text.IRDistance_Convert) for IRDistance_Convert
    lab4.o(.text.DAS) refers to lab4.o(.bss.FilterWork) for FilterWork
    lab4.o(.text.DAS) refers to lab4.o(.bss.Distance) for Distance
    lab4.o(.text.DAS) refers to lab4.o(.bss.x) for x
    lab4.o(.text.DAS) refers to lab4.o(.bss.doFFT) for doFFT
    lab4.o(.text.DAS) refers to os.o(.text.OS_Signal) for OS_Signal
    lab4.o(.ARM.exidx.text.DAS) refers to lab4.o(.text.DAS) for [Anonymous Symbol]
    lab4.o(.text.DSP) refers to lab4.o(.bss.doFFT) for doFFT
    lab4.o(.text.DSP) refers to lab4.o(.bss.y) for y
    lab4.o(.text.DSP) refers to lab4.o(.bss.x) for x
    lab4.o(.text.DSP) refers to lab4.o(.bss.Index3) for Index3
    lab4.o(.text.DSP) refers to os.o(.text.OS_Wait) for OS_Wait
    lab4.o(.text.DSP) refers to cr4_fft_64_stm32.o(.text) for cr4_fft_64_stm32
    lab4.o(.text.DSP) refers to st7735.o(.text.ST7735_Message) for ST7735_Message
    lab4.o(.ARM.exidx.text.DSP) refers to lab4.o(.text.DSP) for [Anonymous Symbol]
    lab4.o(.text.Robot) refers to lab4.o(.bss.DataLost) for DataLost
    lab4.o(.text.Robot) refers to os.o(.text.OS_ClearMsTime) for OS_ClearMsTime
    lab4.o(.text.Robot) refers to os.o(.text.OS_Fifo_Init) for OS_Fifo_Init
    lab4.o(.text.Robot) refers to printf6.o(i.__0printf$6) for __2printf
    lab4.o(.text.Robot) refers to lab4.o(.data.FileName) for FileName
    lab4.o(.text.Robot) refers to os.o(.text.OS_RedirectToFile) for OS_RedirectToFile
    lab4.o(.text.Robot) refers to lab4.o(.bss.PIDWork) for PIDWork
    lab4.o(.text.Robot) refers to os.o(.text.OS_MsTime) for OS_MsTime
    lab4.o(.text.Robot) refers to os.o(.text.OS_Fifo_Get) for OS_Fifo_Get
    lab4.o(.text.Robot) refers to irdistance.o(.text.IRDistance_Convert) for IRDistance_Convert
    lab4.o(.text.Robot) refers to os.o(.text.OS_EndRedirectToFile) for OS_EndRedirectToFile
    lab4.o(.text.Robot) refers to st7735.o(.text.ST7735_Message) for ST7735_Message
    lab4.o(.text.Robot) refers to lab4.o(.bss.Running) for Running
    lab4.o(.text.Robot) refers to os.o(.text.OS_Kill) for OS_Kill
    lab4.o(.ARM.exidx.text.Robot) refers to lab4.o(.text.Robot) for [Anonymous Symbol]
    lab4.o(.text.SW1Push) refers to lab4.o(.bss.Running) for Running
    lab4.o(.text.SW1Push) refers to lab4.o(.text.Robot) for Robot
    lab4.o(.text.SW1Push) refers to os.o(.text.OS_AddThread) for OS_AddThread
    lab4.o(.text.SW1Push) refers to lab4.o(.bss.NumCreated) for NumCreated
    lab4.o(.ARM.exidx.text.SW1Push) refers to lab4.o(.text.SW1Push) for [Anonymous Symbol]
    lab4.o(.ARM.exidx.text.SW2Push) refers to lab4.o(.text.SW2Push) for [Anonymous Symbol]
    lab4.o(.text.Producer) refers to lab4.o(.bss.Running) for Running
    lab4.o(.text.Producer) refers to os.o(.text.OS_Fifo_Put) for OS_Fifo_Put
    lab4.o(.text.Producer) refers to lab4.o(.bss.NumSamples) for NumSamples
    lab4.o(.text.Producer) refers to lab4.o(.bss.DataLost) for DataLost
    lab4.o(.ARM.exidx.text.Producer) refers to lab4.o(.text.Producer) for [Anonymous Symbol]
    lab4.o(.text.Init) refers to efile.o(.text.eFile_Init) for eFile_Init
[...]
    Removing os.o(.ARM.exidx.text.wake_threads), (8 bytes).
    Removing os.o(.ARM.exidx.text.insert_RunList), (8 bytes).
    Removing os.o(.text.remove_RunList), (92 bytes).
    Removing os.o(.ARM.exidx.text.remove_RunList), (8 bytes).
    Removing os.o(.text.insert_blockList), (92 bytes).
    Removing os.o(.ARM.exidx.text.insert_blockList), (8 bytes).
    Removing os.o(.text.remove_blockList), (70 bytes).
    Removing os.o(.ARM.exidx.text.remove_blockList), (8 bytes).
    Removing os.o(.text.insert_RRList), (64 bytes).
    Removing os.o(.ARM.exidx.text.insert_RRList), (8 bytes).
    Removing os.o(.text.remove_RRList), (60 bytes).
    Removing os.o(.ARM.exidx.text.remove_RRList), (8 bytes).
    Removing os.o(.ARM.exidx.text.OS_Init), (8 bytes).
    Removing os.o(.text.OS_ClearMsTime), (14 bytes).
    Removing os.o(.ARM.exidx.text.OS_ClearMsTime), (8 bytes).
    Removing os.o(.ARM.exidx.text.OS_InitSemaphore), (8 bytes).
    Removing os.o(.text.OS_Wait_S_RR), (42 bytes).
    Removing os.o(.ARM.exidx.text.OS_Wait_S_RR), (8 bytes).
    Removing os.o(.text.OS_Signal_S_RR), (22 bytes).
    Removing os.o(.ARM.exidx.text.OS_Signal_S_RR), (8 bytes).
    Removing os.o(.text.OS_Wait_B_RR), (274 bytes).
    Removing os.o(.ARM.exidx.text.OS_Wait_B_RR), (8 bytes).
    Removing os.o(.text.OS_Signal_B_RR), (142 bytes).
    Removing os.o(.ARM.exidx.text.OS_Signal_B_RR), (8 bytes).
    Removing os.o(.ARM.exidx.text.OS_Wait), (8 bytes).
    Removing os.o(.ARM.exidx.text.OS_Signal), (8 bytes).
    Removing os.o(.text.OS_bWait_RR), (42 bytes).
    Removing os.o(.ARM.exidx.text.OS_bWait_RR), (8 bytes).
    Removing os.o(.text.OS_bWait), (300 bytes).
    Removing os.o(.ARM.exidx.text.OS_bWait), (8 bytes).
    Removing os.o(.text.OS_bSignal), (212 bytes).
    Removing os.o(.ARM.exidx.text.OS_bSignal), (8 bytes).
    Removing os.o(.text.OS_AddThreadRR), (166 bytes).
    Removing os.o(.ARM.exidx.text.OS_AddThreadRR), (8 bytes).
    Removing os.o(.ARM.exidx.text.OS_AddThread), (8 bytes).
    Removing os.o(.text.OS_AddProcess), (4 bytes).
    Removing os.o(.ARM.exidx.text.OS_AddProcess), (8 bytes).
    Removing os.o(.ARM.exidx.text.OS_Id), (8 bytes).
    Removing os.o(.text.OS_AddPeriodicThread), (166 bytes).
    Removing os.o(.ARM.exidx.text.OS_AddPeriodicThread), (8 bytes).
    Removing os.o(.ARM.exidx.text.GPIOPortF_Handler), (8 bytes).
    Removing os.o(.text.OS_AddSW1Task), (216 bytes).
    Removing os.o(.ARM.exidx.text.OS_AddSW1Task), (8 bytes).
    Removing os.o(.text.OS_AddSW2Task), (210 bytes).
    Removing os.o(.ARM.exidx.text.OS_AddSW2Task), (8 bytes).
    Removing os.o(.ARM.exidx.text.OS_Sleep), (8 bytes).
    Removing os.o(.text.OS_Kill_RR), (182 bytes).
    Removing os.o(.ARM.exidx.text.OS_Kill_RR), (8 bytes).
    Removing os.o(.ARM.exidx.text.OS_Kill), (8 bytes).
    Removing os.o(.text.OS_Fifo_Init), (40 bytes).
    Removing os.o(.ARM.exidx.text.OS_Fifo_Init), (8 bytes).
    Removing os.o(.text.OS_Fifo_Put), (68 bytes).
    Removing os.o(.ARM.exidx.text.OS_Fifo_Put), (8 bytes).
    Removing os.o(.text.OS_Fifo_Get), (42 bytes).
    Removing os.o(.ARM.exidx.text.OS_Fifo_Get), (8 bytes).
    Removing os.o(.text.OS_Fifo_Size), (14 bytes).
    Removing os.o(.ARM.exidx.text.OS_Fifo_Size), (8 bytes).
    Removing os.o(.text.OS_MailBox_Init), (36 bytes).
    Removing os.o(.ARM.exidx.text.OS_MailBox_Init), (8 bytes).
    Removing os.o(.text.OS_MailBox_Send), (30 bytes).
    Removing os.o(.ARM.exidx.text.OS_MailBox_Send), (8 bytes).
    Removing os.o(.text.OS_MailBox_Recv), (30 bytes).
    Removing os.o(.ARM.exidx.text.OS_MailBox_Recv), (8 bytes).
    Removing os.o(.ARM.exidx.text.OS_Time), (8 bytes).
    Removing os.o(.text.OS_TimeDifference), (10 bytes).
    Removing os.o(.ARM.exidx.text.OS_TimeDifference), (8 bytes).
    Removing os.o(.ARM.exidx.text.OS_Jitter1Calc), (8 bytes).
    Removing os.o(.ARM.exidx.text.OS_Jitter2Calc), (8 bytes).
    Removing os.o(.text.OS_MsTime), (12 bytes).
    Removing os.o(.ARM.exidx.text.OS_MsTime), (8 bytes).
    Removing os.o(.text.OS_IncrementTime), (16 bytes).
    Removing os.o(.ARM.exidx.text.OS_IncrementTime), (8 bytes).
    Removing os.o(.text.OS_Launch), (168 bytes).
    Removing os.o(.ARM.exidx.text.OS_Launch), (8 bytes).
    Removing os.o(.text.fputc), (56 bytes).
    Removing os.o(.ARM.exidx.text.fputc), (8 bytes).
    Removing os.o(.text.OS_EndRedirectToFile), (26 bytes).
    Removing os.o(.ARM.exidx.text.OS_EndRedirectToFile), (8 bytes).
    Removing os.o(.text.fgetc), (16 bytes).
    Removing os.o(.ARM.exidx.text.fgetc), (8 bytes).
    Removing os.o(.text.OS_RedirectToFile), (38 bytes).
    Removing os.o(.ARM.exidx.text.OS_RedirectToFile), (8 bytes).
    Removing os.o(.text.OS_RedirectToUART), (16 bytes).
    Removing os.o(.ARM.exidx.text.OS_RedirectToUART), (8 bytes).
    Removing os.o(.text.OS_RedirectToST7735), (4 bytes).
    Removing os.o(.ARM.exidx.text.OS_RedirectToST7735), (8 bytes).
    Removing os.o(.text.OS_getThreadCount), (12 bytes).
    Removing os.o(.ARM.exidx.text.OS_getThreadCount), (8 bytes).
    Removing os.o(.bss.periodic_threadCount), (4 bytes).
    Removing os.o(.bss.head_node), (4 bytes).
    Removing os.o(.rodata.JitterSize), (4 bytes).
    Removing os.o(.rodata.JitterSize2), (4 bytes).
    Removing os.o(.bss.fifo_1), (304 bytes).
    Removing os.o(.bss.mailbox_1), (32 bytes).
    Removing os.o(.bss.StreamToDevice), (4 bytes).
    Removing os.o(.bss.main_stack_pointer), (4 bytes).
    Removing st7735.o(.text), (0 bytes).
    Removing st7735.o(.text.Delay1ms), (42 bytes).
    Removing st7735.o(.ARM.exidx.text.Delay1ms), (8 bytes).
    Removing st7735.o(.text.ST7735_InitfB), (136 bytes).
    Removing st7735.o(.ARM.exidx.text.ST7735_InitfB), (8 bytes).
    Removing st7735.o(.ARM.exidx.text.commonInit), (8 bytes).
    Removing st7735.o(.text.ST7735_SetCursor), (32 bytes).
    Removing st7735.o(.ARM.exidx.text.ST7735_SetCursor), (8 bytes).
    Removing st7735.o(.text.ST7735_FillScreen), (82 bytes).
    Removing st7735.o(.ARM.exidx.text.ST7735_FillScreen), (8 bytes).
    Removing st7735.o(.ARM.exidx.text.ST7735_InitR), (8 bytes).
    Removing st7735.o(.ARM.exidx.text.commandList), (8 bytes).
    Removing st7735.o(.text.ST7735_DrawPixel), (190 bytes).
    Removing st7735.o(.ARM.exidx.text.ST7735_DrawPixel), (8 bytes).
    Removing st7735.o(.ARM.exidx.text.setAddrWindow), (8 bytes).
    Removing st7735.o(.text.ST7735_DrawFastVLine), (208 bytes).
    Removing st7735.o(.ARM.exidx.text.ST7735_DrawFastVLine), (8 bytes).
    Removing st7735.o(.ARM.exidx.text.ST7735_DrawFastHLine), (8 bytes).
    Removing st7735.o(.ARM.exidx.text.ST7735_FillRect), (8 bytes).
    Removing st7735.o(.text.ST7735_DrawSmallCircle), (260 bytes).
    Removing st7735.o(.ARM.exidx.text.ST7735_DrawSmallCircle), (8 bytes).
    Removing st7735.o(.text.ST7735_DrawCircle), (260 bytes).
    Removing st7735.o(.ARM.exidx.text.ST7735_DrawCircle), (8 bytes).
    Removing st7735.o(.text.ST7735_Color565), (20 bytes).
    Removing st7735.o(.ARM.exidx.text.ST7735_Color565), (8 bytes).
    Removing st7735.o(.text.ST7735_SwapColor), (16 bytes).
    Removing st7735.o(.ARM.exidx.text.ST7735_SwapColor), (8 bytes).
    Removing st7735.o(.text.ST7735_DrawBitmap), (384 bytes).
    Removing st7735.o(.ARM.exidx.text.ST7735_DrawBitmap), (8 bytes).
    Removing st7735.o(.text.ST7735_DrawCharS), (240 bytes).
    Removing st7735.o(.ARM.exidx.text.ST7735_DrawCharS), (8 bytes).
    Removing st7735.o(.text.ST7735_DrawChar), (490 bytes).
    Removing st7735.o(.ARM.exidx.text.ST7735_DrawChar), (8 bytes).
    Removing st7735.o(.text.ST7735_DrawString), (106 bytes).
    Removing st7735.o(.ARM.exidx.text.ST7735_DrawString), (8 bytes).
    Removing st7735.o(.text.fillmessage), (70 bytes).
    Removing st7735.o(.ARM.exidx.text.fillmessage), (8 bytes).
    Removing st7735.o(.text.fillmessage4), (74 bytes).
    Removing st7735.o(.ARM.exidx.text.fillmessage4), (8 bytes).
    Removing st7735.o(.text.fillmessage5), (104 bytes).
    Removing st7735.o(.ARM.exidx.text.fillmessage5), (8 bytes).
    Removing st7735.o(.text.ST7735_OutUDec), (294 bytes).
    Removing st7735.o(.ARM.exidx.text.ST7735_OutUDec), (8 bytes).
    Removing st7735.o(.text.ST7735_OutUDec2), (134 bytes).
    Removing st7735.o(.ARM.exidx.text.ST7735_OutUDec2), (8 bytes).
    Removing st7735.o(.text.ST7735_Message), (156 bytes).
    Removing st7735.o(.ARM.exidx.text.ST7735_Message), (8 bytes).
    Removing st7735.o(.text.ST7735_OutChar), (358 bytes).
    Removing st7735.o(.ARM.exidx.text.ST7735_OutChar), (8 bytes).
    Removing st7735.o(.text.ST7735_MessageString), (136 bytes).
    Removing st7735.o(.ARM.exidx.text.ST7735_MessageString), (8 bytes).
    Removing st7735.o(.text.ST7735_MessageDelay), (168 bytes).
    Removing st7735.o(.ARM.exidx.text.ST7735_MessageDelay), (8 bytes).
    Removing st7735.o(.text.ST7735_MessageNum), (122 bytes).
    Removing st7735.o(.ARM.exidx.text.ST7735_MessageNum), (8 bytes).
    Removing st7735.o(.text.ST7735_OutUDec4), (350 bytes).
    Removing st7735.o(.ARM.exidx.text.ST7735_OutUDec4), (8 bytes).
    Removing st7735.o(.text.ST7735_OutUDec5), (382 bytes).
    Removing st7735.o(.ARM.exidx.text.ST7735_OutUDec5), (8 bytes).
    Removing st7735.o(.text.ST7735_SetRotation), (446 bytes).
    Removing st7735.o(.ARM.exidx.text.ST7735_SetRotation), (8 bytes).
    Removing st7735.o(.text.ST7735_InvertDisplay), (118 bytes).
    Removing st7735.o(.ARM.exidx.text.ST7735_InvertDisplay), (8 bytes).
    Removing st7735.o(.text.ST7735_PlotClear), (88 bytes).
    Removing st7735.o(.ARM.exidx.text.ST7735_PlotClear), (8 bytes).
    Removing st7735.o(.text.ST7735_PlotPoint), (144 bytes).
    Removing st7735.o(.ARM.exidx.text.ST7735_PlotPoint), (8 bytes).
    Removing st7735.o(.text.ST7735_PlotLine), (284 bytes).
    Removing st7735.o(.ARM.exidx.text.ST7735_PlotLine), (8 bytes).
    Removing st7735.o(.text.ST7735_PlotPoints), (160 bytes).
    Removing st7735.o(.ARM.exidx.text.ST7735_PlotPoints), (8 bytes).
    Removing st7735.o(.text.ST7735_PlotBar), (82 bytes).
    Removing st7735.o(.ARM.exidx.text.ST7735_PlotBar), (8 bytes).
    Removing st7735.o(.text.ST7735_PlotdBfs), (52 bytes).
    Removing st7735.o(.ARM.exidx.text.ST7735_PlotdBfs), (8 bytes).
    Removing st7735.o(.text.ST7735_PlotNext), (22 bytes).
    Removing st7735.o(.ARM.exidx.text.ST7735_PlotNext), (8 bytes).
    Removing st7735.o(.text.ST7735_PlotNextErase), (48 bytes).
    Removing st7735.o(.ARM.exidx.text.ST7735_PlotNextErase), (8 bytes).
    Removing st7735.o(.text.ST7735_OutString), (32 bytes).
    Removing st7735.o(.ARM.exidx.text.ST7735_OutString), (8 bytes).
    Removing st7735.o(.text.ST7735_SetTextColor), (12 bytes).
    Removing st7735.o(.ARM.exidx.text.ST7735_SetTextColor), (8 bytes).
    Removing st7735.o(.rodata.Bcmd), (103 bytes).
    Removing st7735.o(.rodata.smallCircle), (36 bytes).
    Removing st7735.o(.rodata.circle), (60 bytes).
    Removing st7735.o(.rodata.Font), (1275 bytes).
    Removing st7735.o(.bss.Message), (12 bytes).
    Removing st7735.o(.bss.Messageindex), (4 bytes).
    Removing st7735.o(.bss.Ymax), (4 bytes).
    Removing st7735.o(.bss.Ymin), (4 bytes).
    Removing st7735.o(.bss.Yrange), (4 bytes).
    Removing st7735.o(.bss.X), (4 bytes).
    Removing st7735.o(.bss.lastj), (4 bytes).
    Removing st7735.o(.rodata.dBfs), (512 bytes).
    Removing st7735.o(.rodata.str1.1), (22 bytes).
    Removing interpreter.o(.text), (0 bytes).
    Removing interpreter.o(.text.writeToLCD), (64 bytes).
    Removing interpreter.o(.ARM.exidx.text.writeToLCD), (8 bytes).
    Removing interpreter.o(.text.printADC), (48 bytes).
    Removing interpreter.o(.ARM.exidx.text.printADC), (8 bytes).
    Removing interpreter.o(.text.getTime), (36 bytes).
    Removing interpreter.o(.ARM.exidx.text.getTime), (8 bytes).
    Removing interpreter.o(.text.help), (120 bytes).
    Removing interpreter.o(.ARM.exidx.text.help), (8 bytes).
    Removing interpreter.o(.text.clear), (30 bytes).
    Removing interpreter.o(.ARM.exidx.text.clear), (8 bytes).
    Removing interpreter.o(.text.num_created), (36 bytes).
    Removing interpreter.o(.ARM.exidx.text.num_created), (8 bytes).
    Removing interpreter.o(.text.max_jitter), (94 bytes).
    Removing interpreter.o(.ARM.exidx.text.max_jitter), (8 bytes).
    Removing interpreter.o(.text.display_cat), (60 bytes).
    Removing interpreter.o(.ARM.exidx.text.display_cat), (8 bytes).
    Removing interpreter.o(.text.format), (48 bytes).
    Removing interpreter.o(.ARM.exidx.text.format), (8 bytes).
    Removing interpreter.o(.text.list), (196 bytes).
    Removing interpreter.o(.ARM.exidx.text.list), (8 bytes).
    Removing interpreter.o(.text.makeFile), (132 bytes).
    Removing interpreter.o(.ARM.exidx.text.makeFile), (8 bytes).
    Removing interpreter.o(.text.writeFile), (180 bytes).
    Removing interpreter.o(.ARM.exidx.text.writeFile), (8 bytes).
    Removing interpreter.o(.text.printFile), (164 bytes).
    Removing interpreter.o(.ARM.exidx.text.printFile), (8 bytes).
    Removing interpreter.o(.text.delFile), (68 bytes).
    Removing interpreter.o(.ARM.exidx.text.delFile), (8 bytes).
    Removing interpreter.o(.text.loadDirectory), (112 bytes).
    Removing interpreter.o(.ARM.exidx.text.loadDirectory), (8 bytes).
    Removing interpreter.o(.text.saveDirectory), (28 bytes).
    Removing interpreter.o(.ARM.exidx.text.saveDirectory), (8 bytes).
    Removing interpreter.o(.text.Jitter), (76 bytes).
    Removing interpreter.o(.ARM.exidx.text.Jitter), (8 bytes).
    Removing interpreter.o(.text.isCommand), (44 bytes).
    Removing interpreter.o(.ARM.exidx.text.isCommand), (8 bytes).
    Removing interpreter.o(.text.Interpreter), (320 bytes).
    Removing interpreter.o(.ARM.exidx.text.Interpreter), (8 bytes).
    Removing interpreter.o(.data.CommandTable), (1344 bytes).
    Removing interpreter.o(.rodata.str1.1), (133 bytes).
    Removing uart0int.o(.text), (0 bytes).
    Removing uart0int.o(.text.RxFifo_Init), (24 bytes).
    Removing uart0int.o(.ARM.exidx.text.RxFifo_Init), (8 bytes).
    Removing uart0int.o(.text.RxFifo_Put), (58 bytes).
    Removing uart0int.o(.ARM.exidx.text.RxFifo_Put), (8 bytes).
    Removing uart0int.o(.text.RxFifo_Get), (56 bytes).
    Removing uart0int.o(.ARM.exidx.text.RxFifo_Get), (8 bytes).
    Removing uart0int.o(.text.RxFifo_Size), (26 bytes).
    Removing uart0int.o(.ARM.exidx.text.RxFifo_Size), (8 bytes).
    Removing uart0int.o(.text.TxFifo_Init), (24 bytes).
    Removing uart0int.o(.ARM.exidx.text.TxFifo_Init), (8 bytes).
    Removing uart0int.o(.text.TxFifo_Put), (58 bytes).
    Removing uart0int.o(.ARM.exidx.text.TxFifo_Put), (8 bytes).
    Removing uart0int.o(.text.TxFifo_Get), (56 bytes).
    Removing uart0int.o(.ARM.exidx.text.TxFifo_Get), (8 bytes).
    Removing uart0int.o(.text.TxFifo_Size), (26 bytes).
    Removing uart0int.o(.ARM.exidx.text.TxFifo_Size), (8 bytes).
    Removing uart0int.o(.ARM.exidx.text.UART_Init), (8 bytes).
    Removing uart0int.o(.text.UART_InChar), (76 bytes).
    Removing uart0int.o(.ARM.exidx.text.UART_InChar), (8 bytes).
    Removing uart0int.o(.text.UART_InCharNonBlock), (56 bytes).
    Removing uart0int.o(.ARM.exidx.text.UART_InCharNonBlock), (8 bytes).
    Removing uart0int.o(.text.UART_OutChar), (182 bytes).
    Removing uart0int.o(.ARM.exidx.text.UART_OutChar), (8 bytes).
    Removing uart0int.o(.text.UART_OutCharNonBlock), (166 bytes).
    Removing uart0int.o(.ARM.exidx.text.UART_OutCharNonBlock), (8 bytes).
    Removing uart0int.o(.ARM.exidx.text.UART0_Handler), (8 bytes).
    Removing uart0int.o(.text.UART_OutString), (32 bytes).
    Removing uart0int.o(.ARM.exidx.text.UART_OutString), (8 bytes).
    Removing uart0int.o(.text.UART_InUDec), (210 bytes).
    Removing uart0int.o(.ARM.exidx.text.UART_InUDec), (8 bytes).
    Removing uart0int.o(.text.UART_OutUDec), (50 bytes).
    Removing uart0int.o(.ARM.exidx.text.UART_OutUDec), (8 bytes).
    Removing uart0int.o(.text.UART_OutSDec), (32 bytes).
    Removing uart0int.o(.ARM.exidx.text.UART_OutSDec), (8 bytes).
    Removing uart0int.o(.text.UART_InUHex), (244 bytes).
    Removing uart0int.o(.ARM.exidx.text.UART_InUHex), (8 bytes).
    Removing uart0int.o(.text.UART_OutUHex), (44 bytes).
    Removing uart0int.o(.ARM.exidx.text.UART_OutUHex), (8 bytes).
    Removing uart0int.o(.text.Fixed_Fix2Str), (256 bytes).
    Removing uart0int.o(.ARM.exidx.text.Fixed_Fix2Str), (8 bytes).
    Removing uart0int.o(.text.UART_Fix2), (312 bytes).
    Removing uart0int.o(.ARM.exidx.text.UART_Fix2), (8 bytes).
    Removing uart0int.o(.text.UART_InString), (182 bytes).
    Removing uart0int.o(.ARM.exidx.text.UART_InString), (8 bytes).
    Removing edisk.o(.text), (0 bytes).
    Removing edisk.o(.ARM.exidx.text.CS_Init), (8 bytes).
    Removing edisk.o(.ARM.exidx.text.SSI0_Init), (8 bytes).
    Removing edisk.o(.ARM.exidx.text.eDisk_Init), (8 bytes).
    Removing edisk.o(.ARM.exidx.text.send_cmd), (8 bytes).
    Removing edisk.o(.text.eDisk_Status), (20 bytes).
    Removing edisk.o(.ARM.exidx.text.eDisk_Status), (8 bytes).
    Removing edisk.o(.ARM.exidx.text.eDisk_Read), (8 bytes).
    Removing edisk.o(.ARM.exidx.text.rcvr_datablock), (8 bytes).
    Removing edisk.o(.text.eDisk_ReadBlock), (12 bytes).
    Removing edisk.o(.ARM.exidx.text.eDisk_ReadBlock), (8 bytes).
    Removing edisk.o(.text.eDisk_Write), (346 bytes).
    Removing edisk.o(.ARM.exidx.text.eDisk_Write), (8 bytes).
    Removing edisk.o(.text.xmit_datablock), (236 bytes).
    Removing edisk.o(.ARM.exidx.text.xmit_datablock), (8 bytes).
    Removing edisk.o(.text.eDisk_WriteBlock), (12 bytes).
    Removing edisk.o(.ARM.exidx.text.eDisk_WriteBlock), (8 bytes).
    Removing edisk.o(.text.disk_ioctl), (644 bytes).
    Removing edisk.o(.ARM.exidx.text.disk_ioctl), (8 bytes).
    Removing edisk.o(.text.disk_timerproc), (58 bytes).
    Removing edisk.o(.ARM.exidx.text.disk_timerproc), (8 bytes).
    Removing efile.o(.text), (0 bytes).
    Removing efile.o(.text.get_file_id), (48 bytes).
    Removing efile.o(.ARM.exidx.text.get_file_id), (8 bytes).
    Removing efile.o(.text.eFile_Init), (78 bytes).
    Removing efile.o(.ARM.exidx.text.eFile_Init), (8 bytes).
    Removing efile.o(.text.eFile_Format), (172 bytes).
    Removing efile.o(.ARM.exidx.text.eFile_Format), (8 bytes).
    Removing efile.o(.text.eFile_Mount), (178 bytes).
    Removing efile.o(.ARM.exidx.text.eFile_Mount), (8 bytes).
    Removing efile.o(.text.eFile_Create), (278 bytes).
    Removing efile.o(.ARM.exidx.text.eFile_Create), (8 bytes).
    Removing efile.o(.text.eFile_Unmount), (162 bytes).
    Removing efile.o(.ARM.exidx.text.eFile_Unmount), (8 bytes).
    Removing efile.o(.text.eFile_WOpen), (226 bytes).
    Removing efile.o(.ARM.exidx.text.eFile_WOpen), (8 bytes).
    Removing efile.o(.text.eFile_Write), (144 bytes).
    Removing efile.o(.ARM.exidx.text.eFile_Write), (8 bytes).
    Removing efile.o(.text.eFile_WClose), (102 bytes).
    Removing efile.o(.ARM.exidx.text.eFile_WClose), (8 bytes).
    Removing efile.o(.text.eFile_ROpen), (160 bytes).
    Removing efile.o(.ARM.exidx.text.eFile_ROpen), (8 bytes).
    Removing efile.o(.text.eFile_ReadNext), (124 bytes).
    Removing efile.o(.ARM.exidx.text.eFile_ReadNext), (8 bytes).
    Removing efile.o(.text.eFile_RClose), (82 bytes).
    Removing efile.o(.ARM.exidx.text.eFile_RClose), (8 bytes).
    Removing efile.o(.text.eFile_Delete), (208 bytes).
    Removing efile.o(.ARM.exidx.text.eFile_Delete), (8 bytes).
    Removing efile.o(.text.eFile_DOpen), (4 bytes).
    Removing efile.o(.ARM.exidx.text.eFile_DOpen), (8 bytes).
    Removing efile.o(.text.eFile_DirNext), (44 bytes).
    Removing efile.o(.ARM.exidx.text.eFile_DirNext), (8 bytes).
    Removing efile.o(.text.eFile_DClose), (4 bytes).
    Removing efile.o(.ARM.exidx.text.eFile_DClose), (8 bytes).
    Removing efile.o(.bss.dir), (340 bytes).
    Removing efile.o(.bss.open_block), (512 bytes).
    Removing efile.o(.bss.directory_free), (12 bytes).
    Removing efile.o(.data.file_system), (339 bytes).
    Removing efile.o(.bss.file_index), (1 bytes).
    Removing efile.o(.bss.open_block_id), (2 bytes).
    Removing adct0atrigger.o(.text), (0 bytes).
    Removing adct0atrigger.o(.text.dummyADC), (2 bytes).
    Removing adct0atrigger.o(.ARM.exidx.text.dummyADC), (8 bytes).
    Removing adct0atrigger.o(.text.ADC0_InitTimer0ATriggerSeq0), (576 bytes).
    Removing adct0atrigger.o(.ARM.exidx.text.ADC0_InitTimer0ATriggerSeq0), (8 bytes).
    Removing adct0atrigger.o(.ARM.exidx.text.ADC0Seq0_Handler), (8 bytes).
    Removing adct0atrigger.o(.text.ADC0_InitTimer0ATriggerSeq3PD3), (254 bytes).
    Removing adct0atrigger.o(.ARM.exidx.text.ADC0_InitTimer0ATriggerSeq3PD3), (8 bytes).
    Removing adct0atrigger.o(.ARM.exidx.text.ADC0Seq3_Handler), (8 bytes).
    Removing adcswtrigger.o(.text), (0 bytes).
    Removing adcswtrigger.o(.text.ADC0_InitSWTriggerSeq3_Ch9), (188 bytes).
    Removing adcswtrigger.o(.ARM.exidx.text.ADC0_InitSWTriggerSeq3_Ch9), (8 bytes).
    Removing adcswtrigger.o(.text.ADC0_InitSWTriggerSeq3_Ch7), (188 bytes).
    Removing adcswtrigger.o(.ARM.exidx.text.ADC0_InitSWTriggerSeq3_Ch7), (8 bytes).
    Removing adcswtrigger.o(.text.ADC0_InitSWTriggerSeq3), (500 bytes).
    Removing adcswtrigger.o(.ARM.exidx.text.ADC0_InitSWTriggerSeq3), (8 bytes).
    Removing adcswtrigger.o(.text.ADC0_InSeq3), (32 bytes).
    Removing adcswtrigger.o(.ARM.exidx.text.ADC0_InSeq3), (8 bytes).
    Removing adcswtrigger.o(.text.ADC_Init89), (180 bytes).
    Removing adcswtrigger.o(.ARM.exidx.text.ADC_Init89), (8 bytes).
    Removing adcswtrigger.o(.text.ADC_In89), (48 bytes).
    Removing adcswtrigger.o(.ARM.exidx.text.ADC_In89), (8 bytes).
    Removing adcswtrigger.o(.text.ADC0_InitSWTriggerSeq2), (174 bytes).
    Removing adcswtrigger.o(.ARM.exidx.text.ADC0_InitSWTriggerSeq2), (8 bytes).
    Removing adcswtrigger.o(.text.ADC0_InSeq2), (62 bytes).
    Removing adcswtrigger.o(.ARM.exidx.text.ADC0_InSeq2), (8 bytes).
    Removing adcswtrigger.o(.text.ADC0_InitSWTriggerSeq3_InternalTemperature), (106 bytes).
    Removing adcswtrigger.o(.ARM.exidx.text.ADC0_InitSWTriggerSeq3_InternalTemperature), (8 bytes).
    Removing adcswtrigger.o(.text.ADC0_InSeq3_InternalTemperature), (46 bytes).
    Removing adcswtrigger.o(.ARM.exidx.text.ADC0_InSeq3_InternalTemperature), (8 bytes).
    Removing adcswtrigger.o(.text.ADC_Init3210), (194 bytes).
    Removing adcswtrigger.o(.ARM.exidx.text.ADC_Init3210), (8 bytes).
    Removing adcswtrigger.o(.text.ADC_In3210), (64 bytes).
    Removing adcswtrigger.o(.ARM.exidx.text.ADC_In3210), (8 bytes).
    Removing adcswtrigger.o(.bss.UserTask2), (4 bytes).
    Removing cr4_fft_64_stm32.o(.text), (718 bytes).
    Removing adc.o(.text), (0 bytes).
    Removing adc.o(.text.ADC_Init), (10 bytes).
    Removing adc.o(.ARM.exidx.text.ADC_Init), (8 bytes).
    Removing adc.o(.text.ADC_In), (4 bytes).
    Removing adc.o(.ARM.exidx.text.ADC_In), (8 bytes).
    Removing lpf.o(.text), (0 bytes).
    Removing lpf.o(.text.sqrt2), (44 bytes).
    Removing lpf.o(.ARM.exidx.text.sqrt2), (8 bytes).
    Removing lpf.o(.text.LPF_Init), (78 bytes).
    Removing lpf.o(.ARM.exidx.text.LPF_Init), (8 bytes).
    Removing lpf.o(.text.LPF_Calc), (76 bytes).
    Removing lpf.o(.ARM.exidx.text.LPF_Calc), (8 bytes).
    Removing lpf.o(.text.Noise), (150 bytes).
    Removing lpf.o(.ARM.exidx.text.Noise), (8 bytes).
    Removing lpf.o(.text.LPF_Init2), (78 bytes).
    Removing lpf.o(.ARM.exidx.text.LPF_Init2), (8 bytes).
    Removing lpf.o(.text.LPF_Calc2), (76 bytes).
    Removing lpf.o(.ARM.exidx.text.LPF_Calc2), (8 bytes).
    Removing lpf.o(.text.Noise2), (150 bytes).
    Removing lpf.o(.ARM.exidx.text.Noise2), (8 bytes).
    Removing lpf.o(.text.LPF_Init3), (78 bytes).
    Removing lpf.o(.ARM.exidx.text.LPF_Init3), (8 bytes).
    Removing lpf.o(.text.LPF_Calc3), (76 bytes).
    Removing lpf.o(.ARM.exidx.text.LPF_Calc3), (8 bytes).
    Removing lpf.o(.text.Noise3), (150 bytes).
    Removing lpf.o(.ARM.exidx.text.Noise3), (8 bytes).
    Removing lpf.o(.text.LPF_Init4), (78 bytes).
    Removing lpf.o(.ARM.exidx.text.LPF_Init4), (8 bytes).
    Removing lpf.o(.text.LPF_Calc4), (76 bytes).
    Removing lpf.o(.ARM.exidx.text.LPF_Calc4), (8 bytes).
    Removing lpf.o(.text.Noise4), (150 bytes).
    Removing lpf.o(.ARM.exidx.text.Noise4), (8 bytes).
    Removing lpf.o(.text.LPF_Init5), (78 bytes).
    Removing lpf.o(.ARM.exidx.text.LPF_Init5), (8 bytes).
    Removing lpf.o(.text.LPF_Calc5), (76 bytes).
    Removing lpf.o(.ARM.exidx.text.LPF_Calc5), (8 bytes).
    Removing lpf.o(.text.Noise5), (150 bytes).
    Removing lpf.o(.ARM.exidx.text.Noise5), (8 bytes).
    Removing lpf.o(.text.LPF_Init6), (78 bytes).
    Removing lpf.o(.ARM.exidx.text.LPF_Init6), (8 bytes).
    Removing lpf.o(.text.LPF_Calc6), (76 bytes).
    Removing lpf.o(.ARM.exidx.text.LPF_Calc6), (8 bytes).
    Removing lpf.o(.text.Noise6), (150 bytes).
    Removing lpf.o(.ARM.exidx.text.Noise6), (8 bytes).
    Removing lpf.o(.text.LPF_Init7), (78 bytes).
    Removing lpf.o(.ARM.exidx.text.LPF_Init7), (8 bytes).
    Removing lpf.o(.text.LPF_Calc7), (76 bytes).
    Removing lpf.o(.ARM.exidx.text.LPF_Calc7), (8 bytes).
    Removing lpf.o(.text.Noise7), (150 bytes).
    Removing lpf.o(.ARM.exidx.text.Noise7), (8 bytes).
    Removing lpf.o(.text.Median), (74 bytes).
    Removing lpf.o(.ARM.exidx.text.Median), (8 bytes).
    Removing lpf.o(.text.Filter), (134 bytes).
    Removing lpf.o(.ARM.exidx.text.Filter), (8 bytes).
    Removing lpf.o(.bss.Size1), (4 bytes).
    Removing lpf.o(.bss.I1), (4 bytes).
    Removing lpf.o(.bss.LPFSum1), (4 bytes).
    Removing lpf.o(.bss.x1), (64 bytes).
    Removing lpf.o(.bss.sigma1), (4 bytes).
    Removing lpf.o(.bss.snr1), (4 bytes).
    Removing lpf.o(.bss.Size2), (4 bytes).
    Removing lpf.o(.bss.I2), (4 bytes).
    Removing lpf.o(.bss.LPFSum2), (4 bytes).
    Removing lpf.o(.bss.x2), (64 bytes).
    Removing lpf.o(.bss.sigma2), (4 bytes).
    Removing lpf.o(.bss.snr2), (4 bytes).
    Removing lpf.o(.bss.Size3), (4 bytes).
    Removing lpf.o(.bss.I3), (4 bytes).
    Removing lpf.o(.bss.LPFSum3), (4 bytes).
    Removing lpf.o(.bss.x3), (64 bytes).
    Removing lpf.o(.bss.sigma3), (4 bytes).
    Removing lpf.o(.bss.snr3), (4 bytes).
    Removing lpf.o(.bss.Size4), (4 bytes).
    Removing lpf.o(.bss.I4), (4 bytes).
    Removing lpf.o(.bss.LPFSum4), (4 bytes).
    Removing lpf.o(.bss.x4), (64 bytes).
    Removing lpf.o(.bss.sigma4), (4 bytes).
    Removing lpf.o(.bss.snr4), (4 bytes).
    Removing lpf.o(.bss.Size5), (4 bytes).
    Removing lpf.o(.bss.I5), (4 bytes).
    Removing lpf.o(.bss.LPFSum5), (4 bytes).
    Removing lpf.o(.bss.x5), (64 bytes).
    Removing lpf.o(.bss.sigma5), (4 bytes).
    Removing lpf.o(.bss.snr5), (4 bytes).
    Removing lpf.o(.bss.Size6), (4 bytes).
    Removing lpf.o(.bss.I6), (4 bytes).
    Removing lpf.o(.bss.LPFSum6), (4 bytes).
    Removing lpf.o(.bss.x6), (64 bytes).
    Removing lpf.o(.bss.sigma6), (4 bytes).
    Removing lpf.o(.bss.snr6), (4 bytes).
    Removing lpf.o(.bss.Size7), (4 bytes).
    Removing lpf.o(.bss.I7), (4 bytes).
    Removing lpf.o(.bss.LPFSum7), (4 bytes).
    Removing lpf.o(.bss.x7), (64 bytes).
    Removing lpf.o(.bss.sigma7), (4 bytes).
    Removing lpf.o(.bss.snr7), (4 bytes).
    Removing lpf.o(.bss.u2), (4 bytes).
    Removing lpf.o(.bss.u3), (4 bytes).
    Removing lpf.o(.bss.u1), (4 bytes).
    Removing lpf.o(.bss.Filter.x), (24 bytes).
    Removing lpf.o(.bss.Filter.y), (24 bytes).
    Removing lpf.o(.data.Filter.n), (4 bytes).
    Removing irdistance.o(.text), (0 bytes).
    Removing irdistance.o(.text.IRDistance_Convert), (54 bytes).
    Removing irdistance.o(.ARM.exidx.text.IRDistance_Convert), (8 bytes).
    Removing irdistance.o(.rodata.A), (16 bytes).
    Removing irdistance.o(.rodata.B), (16 bytes).
    Removing irdistance.o(.rodata.C), (16 bytes).
    Removing irdistance.o(.rodata.IRmax), (16 bytes).
    Removing wtimer0a.o(.text), (0 bytes).
    Removing wtimer0a.o(.text.WideTimer0A_Init), (120 bytes).
    Removing wtimer0a.o(.ARM.exidx.text.WideTimer0A_Init), (8 bytes).
    Removing wtimer0a.o(.ARM.exidx.text.WideTimer0A_Handler), (8 bytes).
    Removing wtimer0a.o(.text.WideTimer0_Stop), (28 bytes).
    Removing wtimer0a.o(.ARM.exidx.text.WideTimer0_Stop), (8 bytes).
    Removing timer0a.o(.text), (0 bytes).
    Removing timer0a.o(.text.Timer0A_Init), (122 bytes).
    Removing timer0a.o(.ARM.exidx.text.Timer0A_Init), (8 bytes).
    Removing timer0a.o(.ARM.exidx.text.Timer0A_Handler), (8 bytes).
    Removing timer0a.o(.text.Timer0A_Stop), (26 bytes).
    Removing timer0a.o(.ARM.exidx.text.Timer0A_Stop), (8 bytes).
    Removing timer1a.o(.text), (0 bytes).
    Removing timer1a.o(.text.Timer1A_Init), (116 bytes).
    Removing timer1a.o(.ARM.exidx.text.Timer1A_Init), (8 bytes).
    Removing timer1a.o(.ARM.exidx.text.Timer1A_Handler), (8 bytes).
    Removing timer1a.o(.text.Timer1A_Stop), (28 bytes).
    Removing timer1a.o(.ARM.exidx.text.Timer1A_Stop), (8 bytes).
    Removing timer2a.o(.text), (0 bytes).
    Removing timer2a.o(.text.Timer2A_Init), (116 bytes).
    Removing timer2a.o(.ARM.exidx.text.Timer2A_Init), (8 bytes).
    Removing timer2a.o(.ARM.exidx.text.Timer2A_Handler), (8 bytes).
    Removing timer2a.o(.text.Timer2A_Stop), (28 bytes).
    Removing timer2a.o(.ARM.exidx.text.Timer2A_Stop), (8 bytes).
    Removing timer3a.o(.text), (0 bytes).
    Removing timer3a.o(.text.Timer3A_Init), (114 bytes).
    Removing timer3a.o(.ARM.exidx.text.Timer3A_Init), (8 bytes).
    Removing timer3a.o(.ARM.exidx.text.Timer3A_Handler), (8 bytes).
    Removing timer3a.o(.text.Timer3A_Stop), (26 bytes).
    Removing timer3a.o(.ARM.exidx.text.Timer3A_Stop), (8 bytes).
    Removing timer4a.o(.text), (0 bytes).
    Removing timer4a.o(.text.Timer4A_Init), (114 bytes).
    Removing timer4a.o(.ARM.exidx.text.Timer4A_Init), (8 bytes).
    Removing timer4a.o(.ARM.exidx.text.Timer4A_Handler), (8 bytes).
    Removing timer4a.o(.text.Timer4A_Stop), (26 bytes).
    Removing timer4a.o(.ARM.exidx.text.Timer4A_Stop), (8 bytes).
    Removing timer5a.o(.text), (0 bytes).
    Removing timer5a.o(.text.Timer5A_Init), (98 bytes).
    Removing timer5a.o(.ARM.exidx.text.Timer5A_Init), (8 bytes).
    Removing timer5a.o(.ARM.exidx.text.Timer5A_Handler), (8 bytes).
    Removing timer5a.o(.text.Timer5_Stop), (28 bytes).
    Removing timer5a.o(.ARM.exidx.text.Timer5_Stop), (8 bytes).
    Removing dadd.o(.text), (334 bytes).
    Removing dmul.o(.text), (228 bytes).
    Removing ddiv.o(.text), (222 bytes).
    Removing dfixul.o(.text), (48 bytes).
    Removing cdrcmple.o(.text), (48 bytes).
    Removing depilogue.o(.text), (186 bytes).

636 unused section(s) (total 38426 bytes) removed from the image.

==============================================================================

Image Symbol Table

    Local Symbols

    Symbol Name                              Value     Ov Type        Size  Object(Section)

    ../clib/division.s                       0x00000000   Number         0  aeabi_sdiv.o ABSOLUTE
    ../clib/microlib/ctype/ctype.c           0x00000000   Number         0  ctype_o.o ABSOLUTE
    ../clib/microlib/ctype/ctype.c           0x00000000   Number         0  isalnum_o.o ABSOLUTE
    ../clib/microlib/ctype/ctype.c           0x00000000   Number         0  isalpha_o.o ABSOLUTE
    ../clib/microlib/ctype/ctype.c           0x00000000   Number         0  isblank_o.o ABSOLUTE
    ../clib/microlib/ctype/ctype.c           0x00000000   Number         0  iscntrl_o.o ABSOLUTE
    ../clib/microlib/ctype/ctype.c           0x00000000   Number         0  isdigit_o.o ABSOLUTE
    ../clib/microlib/ctype/ctype.c           0x00000000   Number         0  isgraph_o.o ABSOLUTE
    ../clib/microlib/ctype/ctype.c           0x00000000   Number         0  islower_o.o ABSOLUTE
    ../clib/microlib/ctype/ctype.c           0x00000000   Number         0  isprint_o.o ABSOLUTE
    ../clib/microlib/ctype/ctype.c           0x00000000   Number         0  ispunct_o.o ABSOLUTE
    ../clib/microlib/ctype/ctype.c           0x00000000   Number         0  isspace_o.o ABSOLUTE
    ../clib/microlib/ctype/ctype.c           0x00000000   Number         0  isupper_o.o ABSOLUTE
    ../clib/microlib/ctype/ctype.c           0x00000000   Number         0  isxdigit_o.o ABSOLUTE
    ../clib/microlib/ctype/tolower.c         0x00000000   Number         0  tolower.o ABSOLUTE
    ../clib/microlib/division.c              0x00000000   Number         0  uidiv.o ABSOLUTE
    ../clib/microlib/division.c              0x00000000   Number         0  uldiv.o ABSOLUTE
    ../clib/microlib/errno.c                 0x00000000   Number         0  errno.o ABSOLUTE
    ../clib/microlib/init/entry.s            0x00000000   Number         0  entry.o ABSOLUTE
    ../clib/microlib/init/entry.s            0x00000000   Number         0  entry2.o ABSOLUTE
    ../clib/microlib/init/entry.s            0x00000000   Number         0  entry5.o ABSOLUTE
    ../clib/microlib/init/entry.s            0x00000000   Number         0  entry7a.o ABSOLUTE
    ../clib/microlib/init/entry.s            0x00000000   Number         0  entry7b.o ABSOLUTE
    ../clib/microlib/init/entry.s            0x00000000   Number         0  entry8a.o ABSOLUTE
    ../clib/microlib/init/entry.s            0x00000000   Number         0  entry8b.o ABSOLUTE
    ../clib/microlib/init/entry.s            0x00000000   Number         0  entry9a.o ABSOLUTE
    ../clib/microlib/init/entry.s            0x00000000   Number         0  entry9b.o ABSOLUTE
    ../clib/microlib/init/entry.s            0x00000000   Number         0  entry10a.o ABSOLUTE
    ../clib/microlib/init/entry.s            0x00000000   Number         0  entry10b.o ABSOLUTE
    ../clib/microlib/init/entry.s            0x00000000   Number         0  entry11a.o ABSOLUTE
    ../clib/microlib/init/entry.s            0x00000000   Number         0  entry11b.o ABSOLUTE
    ../clib/microlib/longlong.c              0x00000000   Number         0  llshl.o ABSOLUTE
    ../clib/microlib/longlong.c              0x00000000   Number         0  llushr.o ABSOLUTE
    ../clib/microlib/longlong.c              0x00000000   Number         0  llsshr.o ABSOLUTE
    ../clib/microlib/printf/printf.c         0x00000000   Number         0  printfb.o ABSOLUTE
    ../clib/microlib/printf/printf.c         0x00000000   Number         0  printf0.o ABSOLUTE
    ../clib/microlib/printf/printf.c         0x00000000   Number         0  printf1.o ABSOLUTE
    ../clib/microlib/printf/printf.c         0x00000000   Number         0  printf2.o ABSOLUTE
    ../clib/microlib/printf/printf.c         0x00000000   Number         0  printf3.o ABSOLUTE
    ../clib/microlib/printf/printf.c         0x00000000   Number         0  printf4.o ABSOLUTE
    ../clib/microlib/printf/printf.c         0x00000000   Number         0  printf5.o ABSOLUTE
    ../clib/microlib/printf/printf.c         0x00000000   Number         0  printf6.o ABSOLUTE
    ../clib/microlib/printf/printf.c         0x00000000   Number         0  printf7.o ABSOLUTE
    ../clib/microlib/printf/printf.c         0x00000000   Number         0  printf8.o ABSOLUTE
    ../clib/microlib/printf/printf.c         0x00000000   Number         0  printfa.o ABSOLUTE
    ../clib/microlib/printf/stubs.s          0x00000000   Number         0  printfstubs.o ABSOLUTE
    ../clib/microlib/stdio/streams.c         0x00000000   Number         0  stdout.o ABSOLUTE
    ../clib/microlib/string/memset.c         0x00000000   Number         0  memseta.o ABSOLUTE
    ../clib/microlib/string/strcmp.c         0x00000000   Number         0  strcmp.o ABSOLUTE
    ../clib/microlib/string/strcpy.c         0x00000000   Number         0  strcpy.o ABSOLUTE
    ../clib/microlib/string/strlen.c         0x00000000   Number         0  strlen.o ABSOLUTE
    ../clib/microlib/string/strncpy.c        0x00000000   Number         0  strncpy.o ABSOLUTE
    ../clib/microlib/string/strtok.c         0x00000000   Number         0  strtok.o ABSOLUTE
    ../clib/microlib/string/strtok.c         0x00000000   Number         0  strtok_r.o ABSOLUTE
    ../clib/microlib/stubs.s                 0x00000000   Number         0  iusefp.o ABSOLUTE
    ../clib/scanf.c                          0x00000000   Number         0  atoi.o ABSOLUTE
    ../clib/scanf.c                          0x00000000   Number         0  strtol.o ABSOLUTE
    ../clib/scanf.c                          0x00000000   Number         0  _strtoul.o ABSOLUTE
    ../clib/scanf.c                          0x00000000   Number         0  _chval.o ABSOLUTE
    ../fplib/microlib/fpadd.c                0x00000000   Number         0  dadd.o ABSOLUTE
    ../fplib/microlib/fpdiv.c                0x00000000   Number         0  ddiv.o ABSOLUTE
    ../fplib/microlib/fpepilogue.c           0x00000000   Number         0  depilogue.o ABSOLUTE
    ../fplib/microlib/fpfix.c                0x00000000   Number         0  dfixul.o ABSOLUTE
    ../fplib/microlib/fpmul.c                0x00000000   Number         0  dmul.o ABSOLUTE
    ..\RTOS_Labs_common\osasm.s              0x00000000   Number         0  osasm.o ABSOLUTE
    ..\inc\cr4_fft_64_stm32.s                0x00000000   Number         0  cr4_fft_64_stm32.o ABSOLUTE
    ADC.c                                    0x00000000   Number         0  adc.o ABSOLUTE
    ADCSWTrigger.c                           0x00000000   Number         0  adcswtrigger.o ABSOLUTE
    ADCT0ATrigger.c                          0x00000000   Number         0  adct0atrigger.o ABSOLUTE
    IRDistance.c                             0x00000000   Number         0  irdistance.o ABSOLUTE
    Interpreter.c                            0x00000000   Number         0  interpreter.o ABSOLUTE
    LPF.c                                    0x00000000   Number         0  lpf.o ABSOLUTE
    Lab4.c                                   0x00000000   Number         0  lab4.o ABSOLUTE
    LaunchPad.c                              0x00000000   Number         0  launchpad.o ABSOLUTE
    OS.c                                     0x00000000   Number         0  os.o ABSOLUTE
    PLL.c                                    0x00000000   Number         0  pll.o ABSOLUTE
    ST7735.c                                 0x00000000   Number         0  st7735.o ABSOLUTE
    Timer0A.c                                0x00000000   Number         0  timer0a.o ABSOLUTE
    Timer1A.c                                0x00000000   Number         0  timer1a.o ABSOLUTE
    Timer2A.c                                0x00000000   Number         0  timer2a.o ABSOLUTE
    Timer3A.c                                0x00000000   Number         0  timer3a.o ABSOLUTE
    Timer4A.c                                0x00000000   Number         0  timer4a.o ABSOLUTE
    Timer5A.c                                0x00000000   Number         0  timer5a.o ABSOLUTE
    UART0int.c                               0x00000000   Number         0  uart0int.o ABSOLUTE
    WTimer0A.c                               0x00000000   Number         0  wtimer0a.o ABSOLUTE
    cdrcmple.s                               0x00000000   Number         0  cdrcmple.o ABSOLUTE
    dc.s                                     0x00000000   Number         0  dc.o ABSOLUTE
    eDisk.c                                  0x00000000   Number         0  edisk.o ABSOLUTE
    eFile.c                                  0x00000000   Number         0  efile.o ABSOLUTE
    handlers.s                               0x00000000   Number         0  handlers.o ABSOLUTE
    init.s                                   0x00000000   Number         0  init.o ABSOLUTE
    startup.s                                0x00000000   Number         0  startup.o ABSOLUTE
    RESET                                    0x00000000   Section      644  startup.o(RESET)
    .ARM.Collect$$$$00000000                 0x00000284   Section        0  entry.o(.ARM.Collect$$$$00000000)
    .ARM.Collect$$$$00000001                 0x00000284   Section        4  entry2.o(.ARM.Collect$$$$00000001)
    .ARM.Collect$$$$00000004                 0x00000288   Section        4  entry5.o(.ARM.Collect$$$$00000004)
    .ARM.Collect$$$$00000008                 0x0000028c   Section        0  entry7b.o(.ARM.Collect$$$$00000008)
    .ARM.Collect$$$$0000000A                 0x0000028c   Section        0  entry8b.o(.ARM.Collect$$$$0000000A)
    .ARM.Collect$$$$0000000B                 0x0000028c   Section        8  entry9a.o(.ARM.Collect$$$$0000000B)
    __lit__00000000                          0x00000294   Data           4  entry2.o(.ARM.Collect$$$$00002712)
    .ARM.Collect$$$$0000000D                 0x00000294   Section        0  entry10a.o(.ARM.Collect$$$$0000000D)
    .ARM.Collect$$$$0000000F                 0x00000294   Section        0  entry11a.o(.ARM.Collect$$$$0000000F)
    .ARM.Collect$$$$00002712                 0x00000294   Section        4  entry2.o(.ARM.Collect$$$$00002712)
    .text                                    0x00000298   Section       28  startup.o(.text)
    .text                                    0x000002b4   Section      176  osasm.o(.text)
    .text                                    0x00000364   Section        0  memseta.o(.text)
    .text                                    0x00000388   Section       48  init.o(.text)
    [Anonymous Symbol]                       0x000003b8   Section        0  adct0atrigger.o(.text.ADC0Seq0_Handler)
    [Anonymous Symbol]                       0x000003d8   Section        0  adct0atrigger.o(.text.ADC0Seq3_Handler)
    [Anonymous Symbol]                       0x000003f4   Section        0  edisk.o(.text.CS_Init)
    [Anonymous Symbol]                       0x00000460   Section        0  os.o(.text.GPIOPortF_Handler)
    [Anonymous Symbol]                       0x000004ac   Section        0  launchpad.o(.text.LaunchPad_Init)
    [Anonymous Symbol]                       0x000004f4   Section        0  os.o(.text.OS_AddThread)
    [Anonymous Symbol]                       0x000005f8   Section        0  os.o(.text.OS_Id)
    [Anonymous Symbol]                       0x00000608   Section        0  os.o(.text.OS_Init)
    [Anonymous Symbol]                       0x00000670   Section        0  os.o(.text.OS_InitSemaphore)
    [Anonymous Symbol]                       0x0000067c   Section        0  os.o(.text.OS_Jitter1Calc)
    [Anonymous Symbol]                       0x000006d4   Section        0  os.o(.text.OS_Jitter2Calc)
    [Anonymous Symbol]                       0x00000700   Section        0  os.o(.text.OS_Kill)
    [Anonymous Symbol]                       0x000007ec   Section        0  os.o(.text.OS_Signal)
    [Anonymous Symbol]                       0x000008c0   Section        0  os.o(.text.OS_Sleep)
    [Anonymous Symbol]                       0x000009c0   Section        0  os.o(.text.OS_Time)
    [Anonymous Symbol]                       0x000009d4   Section        0  os.o(.text.OS_Wait)
    [Anonymous Symbol]                       0x00000b10   Section        0  pll.o(.text.PLL_Init)
    [Anonymous Symbol]                       0x00000b7c   Section        0  edisk.o(.text.SSI0_Init)
    [Anonymous Symbol]                       0x00000cf0   Section        0  st7735.o(.text.ST7735_DrawFastHLine)
    [Anonymous Symbol]                       0x00000ddc   Section        0  st7735.o(.text.ST7735_FillRect)
    [Anonymous Symbol]                       0x00000ed8   Section        0  st7735.o(.text.ST7735_InitR)
    [Anonymous Symbol]                       0x00001010   Section        0  os.o(.text.SysTick_Handler)
    [Anonymous Symbol]                       0x000010c4   Section        0  timer0a.o(.text.Timer0A_Handler)
    [Anonymous Symbol]                       0x000010e8   Section        0  timer1a.o(.text.Timer1A_Handler)
    [Anonymous Symbol]                       0x00001110   Section        0  timer2a.o(.text.Timer2A_Handler)
    [Anonymous Symbol]                       0x00001138   Section        0  timer3a.o(.text.Timer3A_Handler)
    [Anonymous Symbol]                       0x00001150   Section        0  timer4a.o(.text.Timer4A_Handler)
    [Anonymous Symbol]                       0x00001168   Section        0  timer5a.o(.text.Timer5A_Handler)
    [Anonymous Symbol]                       0x00001180   Section        0  uart0int.o(.text.UART0_Handler)
    [Anonymous Symbol]                       0x000012fc   Section        0  uart0int.o(.text.UART_Init)
    [Anonymous Symbol]                       0x000013f0   Section        0  wtimer0a.o(.text.WideTimer0A_Handler)
    commandList                              0x00001409   Thumb Code   218  st7735.o(.text.commandList)
    [Anonymous Symbol]                       0x00001408   Section        0  st7735.o(.text.commandList)
    commonInit                               0x000014e5   Thumb Code   430  st7735.o(.text.commonInit)
    [Anonymous Symbol]                       0x000014e4   Section        0  st7735.o(.text.commonInit)
    [Anonymous Symbol]                       0x00001694   Section        0  edisk.o(.text.eDisk_Init)
    [Anonymous Symbol]                       0x00001884   Section        0  edisk.o(.text.eDisk_Read)
    [Anonymous Symbol]                       0x0000197c   Section        0  os.o(.text.insert_RunList)
    [Anonymous Symbol]                       0x00001a2c   Section        0  lab4.o(.text.main)
    rcvr_datablock                           0x00001ad1   Thumb Code   172  edisk.o(.text.rcvr_datablock)
    [Anonymous Symbol]                       0x00001ad0   Section        0  edisk.o(.text.rcvr_datablock)
    send_cmd                                 0x00001b7d   Thumb Code   502  edisk.o(.text.send_cmd)
    [Anonymous Symbol]                       0x00001b7c   Section        0  edisk.o(.text.send_cmd)
    setAddrWindow                            0x00001d75   Thumb Code   604  st7735.o(.text.setAddrWindow)
    [Anonymous Symbol]                       0x00001d74   Section        0  st7735.o(.text.setAddrWindow)
    [Anonymous Symbol]                       0x00001fd0   Section        0  os.o(.text.wake_threads)
    i.__scatterload_copy                     0x00002090   Section       14  handlers.o(i.__scatterload_copy)
    i.__scatterload_null                     0x0000209e   Section        2  handlers.o(i.__scatterload_null)
    i.__scatterload_zeroinit                 0x000020a0   Section       14  handlers.o(i.__scatterload_zeroinit)
    Rcmd1                                    0x000020ae   Data          59  st7735.o(.rodata.Rcmd1)
    [Anonymous Symbol]                       0x000020ae   Section        0  st7735.o(.rodata.Rcmd1)
    Rcmd2green                               0x000020e9   Data          13  st7735.o(.rodata.Rcmd2green)
    [Anonymous Symbol]                       0x000020e9   Section        0  st7735.o(.rodata.Rcmd2green)
    Rcmd2red                                 0x000020f6   Data          13  st7735.o(.rodata.Rcmd2red)
    [Anonymous Symbol]                       0x000020f6   Section        0  st7735.o(.rodata.Rcmd2red)
    Rcmd3                                    0x00002103   Data          43  st7735.o(.rodata.Rcmd3)
    [Anonymous Symbol]                       0x00002103   Section        0  st7735.o(.rodata.Rcmd3)
    OS_Jitter1Calc.LastTime                  0x20000000   Data           4  os.o(.data.OS_Jitter1Calc.LastTime)
    [Anonymous Symbol]                       0x20000000   Section        0  os.o(.data.OS_Jitter1Calc.LastTime)
    Stat                                     0x20000006   Data           1  edisk.o(.data.Stat)
    [Anonymous Symbol]                       0x20000006   Section        0  edisk.o(.data.Stat)
    CardType                                 0x20000014   Data           1  edisk.o(.bss.CardType)
    [Anonymous Symbol]                       0x20000014   Section        0  edisk.o(.bss.CardType)
    ColStart                                 0x20000015   Data           1  st7735.o(.bss.ColStart)
    [Anonymous Symbol]                       0x20000015   Section        0  st7735.o(.bss.ColStart)
    RowStart                                 0x20000250   Data           1  st7735.o(.bss.RowStart)
    [Anonymous Symbol]                       0x20000250   Section        0  st7735.o(.bss.RowStart)
    RxFifo                                   0x20000268   Data        1024  uart0int.o(.bss.RxFifo)
    [Anonymous Symbol]                       0x20000268   Section        0  uart0int.o(.bss.RxFifo)
    TabColor                                 0x200007e4   Data           1  st7735.o(.bss.TabColor)
    [Anonymous Symbol]                       0x200007e4   Section        0  st7735.o(.bss.TabColor)
    Timer1                                   0x200007e8   Data           4  edisk.o(.bss.Timer1)
    [Anonymous Symbol]                       0x200007e8   Section        0  edisk.o(.bss.Timer1)
    Timer2                                   0x200007ec   Data           4  edisk.o(.bss.Timer2)
    [Anonymous Symbol]                       0x200007ec   Section        0  edisk.o(.bss.Timer2)
    TxFifo                                   0x200007f0   Data        1024  uart0int.o(.bss.TxFifo)
    [Anonymous Symbol]                       0x200007f0   Section        0  uart0int.o(.bss.TxFifo)
    _height                                  0x20000c08   Data           1  st7735.o(.bss._height)
    [Anonymous Symbol]                       0x20000c08   Section        0  st7735.o(.bss._height)
    _width                                   0x20000c0a   Data           1  st7735.o(.bss._width)
    [Anonymous Symbol]                       0x20000c0a   Section        0  st7735.o(.bss._width)
    StackMem                                 0x20005ca8   Data           0  startup.o(STACK)
    STACK                                    0x20005ca8   Section     1024  startup.o(STACK)

    Global Symbols

    Symbol Name                              Value     Ov Type        Size  Object(Section)

    BuildAttributes$$THM_ISAv4$E$P$D$K$B$S$7EM$PE$A:L22UL41UL21$X:L11$S22US41US21$IEEE1$IW$~IW$USESV6$~STKCKD$USESV7$~SHL$OTIME$ROPI$EBA8$MICROLIB$REQ8$PRES8$EABIv2 0x00000000   Number         0  anon$$obj.o ABSOLUTE
    __Vectors                                0x00000000   Data           0  startup.o(RESET)
    _printf_a                                0x00000000   Number         0  printfstubs.o ABSOLUTE
    _printf_c                                0x00000000   Number         0  printfstubs.o ABSOLUTE
    _printf_charcount                        0x00000000   Number         0  printfstubs.o ABSOLUTE
    _printf_d                                0x00000000   Number         0  printfstubs.o ABSOLUTE
    _printf_e                                0x00000000   Number         0  printfstubs.o ABSOLUTE
    _printf_f                                0x00000000   Number         0  printfstubs.o ABSOLUTE
    _printf_flags                            0x00000000   Number         0  printfstubs.o ABSOLUTE
    _printf_fp_dec                           0x00000000   Number         0  printfstubs.o ABSOLUTE
    _printf_fp_hex                           0x00000000   Number         0  printfstubs.o ABSOLUTE
    _printf_g                                0x00000000   Number         0  printfstubs.o ABSOLUTE
    _printf_i                                0x00000000   Number         0  printfstubs.o ABSOLUTE
    _printf_int_dec                          0x00000000   Number         0  printfstubs.o ABSOLUTE
    _printf_l                                0x00000000   Number         0  printfstubs.o ABSOLUTE
    _printf_lc                               0x00000000   Number         0  printfstubs.o ABSOLUTE
    _printf_ll                               0x00000000   Number         0  printfstubs.o ABSOLUTE
    _printf_lld                              0x00000000   Number         0  printfstubs.o ABSOLUTE
    _printf_lli                              0x00000000   Number         0  printfstubs.o ABSOLUTE
    _printf_llo                              0x00000000   Number         0  printfstubs.o ABSOLUTE
    _printf_llu                              0x00000000   Number         0  printfstubs.o ABSOLUTE
    _printf_llx                              0x00000000   Number         0  printfstubs.o ABSOLUTE
    _printf_longlong_dec                     0x00000000   Number         0  printfstubs.o ABSOLUTE
    _printf_longlong_hex                     0x00000000   Number         0  printfstubs.o ABSOLUTE
    _printf_longlong_oct                     0x00000000   Number         0  printfstubs.o ABSOLUTE
    _printf_ls                               0x00000000   Number         0  printfstubs.o ABSOLUTE
    _printf_mbtowc                           0x00000000   Number         0  printfstubs.o ABSOLUTE
    _printf_n                                0x00000000   Number         0  printfstubs.o ABSOLUTE
    _printf_o                                0x00000000   Number         0  printfstubs.o ABSOLUTE
    _printf_p                                0x00000000   Number         0  printfstubs.o ABSOLUTE
    _printf_percent                          0x00000000   Number         0  printfstubs.o ABSOLUTE
    _printf_pre_padding                      0x00000000   Number         0  printfstubs.o ABSOLUTE
    _printf_return_value                     0x00000000   Number         0  printfstubs.o ABSOLUTE
    _printf_s                                0x00000000   Number         0  printfstubs.o ABSOLUTE
    _printf_sizespec                         0x00000000   Number         0  printfstubs.o ABSOLUTE
    _printf_str                              0x00000000   Number         0  printfstubs.o ABSOLUTE
    _printf_truncate_signed                  0x00000000   Number         0  printfstubs.o ABSOLUTE
    _printf_truncate_unsigned                0x00000000   Number         0  printfstubs.o ABSOLUTE
    _printf_u                                0x00000000   Number         0  printfstubs.o ABSOLUTE
    _printf_wc                               0x00000000   Number         0  printfstubs.o ABSOLUTE
    _printf_wctomb                           0x00000000   Number         0  printfstubs.o ABSOLUTE
    _printf_widthprec                        0x00000000   Number         0  printfstubs.o ABSOLUTE
    _printf_x                                0x00000000   Number         0  printfstubs.o ABSOLUTE
    __cpp_initialize__aeabi_                  - Undefined Weak Reference
    __cxa_finalize                            - Undefined Weak Reference
    __decompress                              - Undefined Weak Reference
    _clock_init                               - Undefined Weak Reference
    _microlib_exit                            - Undefined Weak Reference
    Reset_Handler                            0x0000026d   Thumb Code     0  startup.o(RESET)
    NMI_Handler                              0x00000271   Thumb Code     2  startup.o(RESET)
    HardFault_Handler                        0x00000273   Thumb Code     2  startup.o(RESET)
    MemManage_Handler                        0x00000275   Thumb Code     2  startup.o(RESET)
    BusFault_Handler                         0x00000277   Thumb Code     2  startup.o(RESET)
    UsageFault_Handler                       0x00000279   Thumb Code     2  startup.o(RESET)
    DebugMon_Handler                         0x0000027d   Thumb Code     2  startup.o(RESET)
    ADC0Seq1_Handler                         0x00000283   Thumb Code     0  startup.o(RESET)
    ADC0Seq2_Handler                         0x00000283   Thumb Code     0  startup.o(RESET)
    ADC1Seq0_Handler                         0x00000283   Thumb Code     0  startup.o(RESET)
    ADC1Seq1_Handler                         0x00000283   Thumb Code     0  startup.o(RESET)
    ADC1Seq2_Handler                         0x00000283   Thumb Code     0  startup.o(RESET)
    ADC1Seq3_Handler                         0x00000283   Thumb Code     0  startup.o(RESET)
    CAN0_Handler                             0x00000283   Thumb Code     0  startup.o(RESET)
    CAN1_Handler                             0x00000283   Thumb Code     0  startup.o(RESET)
    CAN2_Handler                             0x00000283   Thumb Code     0  startup.o(RESET)
    Comp0_Handler                            0x00000283   Thumb Code     0  startup.o(RESET)
    Comp1_Handler                            0x00000283   Thumb Code     0  startup.o(RESET)
    Comp2_Handler                            0x00000283   Thumb Code     0  startup.o(RESET)
    Ethernet_Handler                         0x00000283   Thumb Code     0  startup.o(RESET)
    ExtBus_Handler                           0x00000283   Thumb Code     0  startup.o(RESET)
    FPU_Handler                              0x00000283   Thumb Code     0  startup.o(RESET)
    Fan0_Handler                             0x00000283   Thumb Code     0  startup.o(RESET)
    FlashCtl_Handler                         0x00000283   Thumb Code     0  startup.o(RESET)
    GPIOPortA_Handler                        0x00000283   Thumb Code     0  startup.o(RESET)
    GPIOPortB_Handler                        0x00000283   Thumb Code     0  startup.o(RESET)
    GPIOPortC_Handler                        0x00000283   Thumb Code     0  startup.o(RESET)
    GPIOPortD_Handler                        0x00000283   Thumb Code     0  startup.o(RESET)
    GPIOPortE_Handler                        0x00000283   Thumb Code     0  startup.o(RESET)
    GPIOPortG_Handler                        0x00000283   Thumb Code     0  startup.o(RESET)
    GPIOPortH_Handler                        0x00000283   Thumb Code     0  startup.o(RESET)
    GPIOPortJ_Handler                        0x00000283   Thumb Code     0  startup.o(RESET)
    GPIOPortK_Handler                        0x00000283   Thumb Code     0  startup.o(RESET)
    GPIOPortL_Handler                        0x00000283   Thumb Code     0  startup.o(RESET)
    GPIOPortM_Handler                        0x00000283   Thumb Code     0  startup.o(RESET)
    GPIOPortN_Handler                        0x00000283   Thumb Code     0  startup.o(RESET)
    GPIOPortP1_Handler                       0x00000283   Thumb Code     0  startup.o(RESET)
    GPIOPortP2_Handler                       0x00000283   Thumb Code     0  startup.o(RESET)
    GPIOPortP3_Handler                       0x00000283   Thumb Code     0  startup.o(RESET)
    GPIOPortP4_Handler                       0x00000283   Thumb Code     0  startup.o(RESET)
    GPIOPortP5_Handler                       0x00000283   Thumb Code     0  startup.o(RESET)
    GPIOPortP6_Handler                       0x00000283   Thumb Code     0  startup.o(RESET)
    GPIOPortP7_Handler                       0x00000283   Thumb Code     0  startup.o(RESET)
    GPIOPortP_Handler                        0x00000283   Thumb Code     0  startup.o(RESET)
    GPIOPortQ1_Handler                       0x00000283   Thumb Code     0  startup.o(RESET)
    GPIOPortQ2_Handler                       0x00000283   Thumb Code     0  startup.o(RESET)
    GPIOPortQ3_Handler                       0x00000283   Thumb Code     0  startup.o(RESET)
    GPIOPortQ4_Handler                       0x00000283   Thumb Code     0  startup.o(RESET)
    GPIOPortQ5_Handler                       0x00000283   Thumb Code     0  startup.o(RESET)
    GPIOPortQ6_Handler                       0x00000283   Thumb Code     0  startup.o(RESET)
    GPIOPortQ7_Handler                       0x00000283   Thumb Code     0  startup.o(RESET)
    GPIOPortQ_Handler                        0x00000283   Thumb Code     0  startup.o(RESET)
    GPIOPortR_Handler                        0x00000283   Thumb Code     0  startup.o(RESET)
    GPIOPortS_Handler                        0x00000283   Thumb Code     0  startup.o(RESET)
    Hibernate_Handler                        0x00000283   Thumb Code     0  startup.o(RESET)
    I2C0_Handler                             0x00000283   Thumb Code     0  startup.o(RESET)
    I2C1_Handler                             0x00000283   Thumb Code     0  startup.o(RESET)
    I2C2_Handler                             0x00000283   Thumb Code     0  startup.o(RESET)
    I2C3_Handler                             0x00000283   Thumb Code     0  startup.o(RESET)
    I2C4_Handler                             0x00000283   Thumb Code     0  startup.o(RESET)
    I2C5_Handler                             0x00000283   Thumb Code     0  startup.o(RESET)
    I2S0_Handler                             0x00000283   Thumb Code     0  startup.o(RESET)
    LPC0_Handler                             0x00000283   Thumb Code     0  startup.o(RESET)
    PECI0_Handler                            0x00000283   Thumb Code     0  startup.o(RESET)
    PWM0Fault_Handler                        0x00000283   Thumb Code     0  startup.o(RESET)
    PWM0Generator0_Handler                   0x00000283   Thumb Code     0  startup.o(RESET)
    PWM0Generator1_Handler                   0x00000283   Thumb Code     0  startup.o(RESET)
    PWM0Generator2_Handler                   0x00000283   Thumb Code     0  startup.o(RESET)
    PWM0Generator3_Handler                   0x00000283   Thumb Code     0  startup.o(RESET)
    PWM1Fault_Handler                        0x00000283   Thumb Code     0  startup.o(RESET)
    PWM1Generator0_Handler                   0x00000283   Thumb Code     0  startup.o(RESET)
    PWM1Generator1_Handler                   0x00000283   Thumb Code     0  startup.o(RESET)
    PWM1Generator2_Handler                   0x00000283   Thumb Code     0  startup.o(RESET)
    PWM1Generator3_Handler                   0x00000283   Thumb Code     0  startup.o(RESET)
    Quadrature0_Handler                      0x00000283   Thumb Code     0  startup.o(RESET)
    Quadrature1_Handler                      0x00000283   Thumb Code     0  startup.o(RESET)
    Quadrature2_Handler                      0x00000283   Thumb Code     0  startup.o(RESET)
    SSI0_Handler                             0x00000283   Thumb Code     0  startup.o(RESET)
    SSI1_Handler                             0x00000283   Thumb Code     0  startup.o(RESET)
    SSI2_Handler                             0x00000283   Thumb Code     0  startup.o(RESET)
    SSI3_Handler                             0x00000283   Thumb Code     0  startup.o(RESET)
    SysCtl_Handler                           0x00000283   Thumb Code     0  startup.o(RESET)
    Timer0B_Handler                          0x00000283   Thumb Code     0  startup.o(RESET)
    Timer1B_Handler                          0x00000283   Thumb Code     0  startup.o(RESET)
    Timer2B_Handler                          0x00000283   Thumb Code     0  startup.o(RESET)
    Timer3B_Handler                          0x00000283   Thumb Code     0  startup.o(RESET)
    Timer4B_Handler                          0x00000283   Thumb Code     0  startup.o(RESET)
    Timer5B_Handler                          0x00000283   Thumb Code     0  startup.o(RESET)
    UART1_Handler                            0x00000283   Thumb Code     0  startup.o(RESET)
    UART2_Handler                            0x00000283   Thumb Code     0  startup.o(RESET)
    UART3_Handler                            0x00000283   Thumb Code     0  startup.o(RESET)
    UART4_Handler                            0x00000283   Thumb Code     0  startup.o(RESET)
    UART5_Handler                            0x00000283   Thumb Code     0  startup.o(RESET)
    UART6_Handler                            0x00000283   Thumb Code     0  startup.o(RESET)
    UART7_Handler                            0x00000283   Thumb Code     0  startup.o(RESET)
    USB0_Handler                             0x00000283   Thumb Code     0  startup.o(RESET)
    WDT_Handler                              0x00000283   Thumb Code     0  startup.o(RESET)
    WideTimer0B_Handler                      0x00000283   Thumb Code     0  startup.o(RESET)
    WideTimer1A_Handler                      0x00000283   Thumb Code     0  startup.o(RESET)
    WideTimer1B_Handler                      0x00000283   Thumb Code     0  startup.o(RESET)
    WideTimer2A_Handler                      0x00000283   Thumb Code     0  startup.o(RESET)
    WideTimer2B_Handler                      0x00000283   Thumb Code     0  startup.o(RESET)
    WideTimer3A_Handler                      0x00000283   Thumb Code     0  startup.o(RESET)
    WideTimer3B_Handler                      0x00000283   Thumb Code     0  startup.o(RESET)
    WideTimer4A_Handler                      0x00000283   Thumb Code     0  startup.o(RESET)
    WideTimer4B_Handler                      0x00000283   Thumb Code     0  startup.o(RESET)
    WideTimer5A_Handler                      0x00000283   Thumb Code     0  startup.o(RESET)
    WideTimer5B_Handler                      0x00000283   Thumb Code     0  startup.o(RESET)
    uDMA_Error                               0x00000283   Thumb Code     0  startup.o(RESET)
    uDMA_Handler                             0x00000283   Thumb Code     0  startup.o(RESET)
    __main                                   0x00000285   Thumb Code     0  entry.o(.ARM.Collect$$$$00000000)
    _main_stk                                0x00000285   Thumb Code     0  entry2.o(.ARM.Collect$$$$00000001)
    _main_scatterload                        0x00000289   Thumb Code     0  entry5.o(.ARM.Collect$$$$00000004)
    __main_after_scatterload                 0x0000028d   Thumb Code     0  entry5.o(.ARM.Collect$$$$00000004)
    _main_clock                              0x0000028d   Thumb Code     0  entry7b.o(.ARM.Collect$$$$00000008)
    _main_cpp_init                           0x0000028d   Thumb Code     0  entry8b.o(.ARM.Collect$$$$0000000A)
    _main_init                               0x0000028d   Thumb Code     0  entry9a.o(.ARM.Collect$$$$0000000B)
    __rt_final_cpp                           0x00000295   Thumb Code     0  entry10a.o(.ARM.Collect$$$$0000000D)
    __rt_final_exit                          0x00000295   Thumb Code     0  entry11a.o(.ARM.Collect$$$$0000000F)
    DisableInterrupts                        0x00000299   Thumb Code     0  startup.o(.text)
    EnableInterrupts                         0x0000029d   Thumb Code     0  startup.o(.text)
    StartCritical                            0x000002a1   Thumb Code     0  startup.o(.text)
    EndCritical                              0x000002a9   Thumb Code     0  startup.o(.text)
    WaitForInterrupt                         0x000002af   Thumb Code     0  startup.o(.text)
    StartOS                                  0x000002b5   Thumb Code     0  osasm.o(.text)
    ContextSwitch                            0x000002d7   Thumb Code     0  osasm.o(.text)
    PendSV_Handler                           0x000002ff   Thumb Code     0  osasm.o(.text)
    SVC_Handler                              0x0000033f   Thumb Code     0  osasm.o(.text)
    Thread_Stack_init                        0x00000341   Thumb Code     0  osasm.o(.text)
    __aeabi_memset                           0x00000365   Thumb Code    14  memseta.o(.text)
    __aeabi_memset4                          0x00000365   Thumb Code     0  memseta.o(.text)
    __aeabi_memset8                          0x00000365   Thumb Code     0  memseta.o(.text)
    __aeabi_memclr                           0x00000373   Thumb Code     4  memseta.o(.text)
    __aeabi_memclr4                          0x00000373   Thumb Code     0  memseta.o(.text)
    __aeabi_memclr8                          0x00000373   Thumb Code     0  memseta.o(.text)
    _memset$wrapper                          0x00000377   Thumb Code    18  memseta.o(.text)
    __scatterload                            0x00000389   Thumb Code    38  init.o(.text)
    __scatterload_rt2                        0x00000389   Thumb Code     0  init.o(.text)
    ADC0Seq0_Handler                         0x000003b9   Thumb Code    30  adct0atrigger.o(.text.ADC0Seq0_Handler)
    ADC0Seq3_Handler                         0x000003d9   Thumb Code    28  adct0atrigger.o(.text.ADC0Seq3_Handler)
    CS_Init                                  0x000003f5   Thumb Code   106  edisk.o(.text.CS_Init)
    GPIOPortF_Handler                        0x00000461   Thumb Code    74  os.o(.text.GPIOPortF_Handler)
    LaunchPad_Init                           0x000004ad   Thumb Code    70  launchpad.o(.text.LaunchPad_Init)
    OS_AddThread                             0x000004f5   Thumb Code   260  os.o(.text.OS_AddThread)
    OS_Id                                    0x000005f9   Thumb Code    14  os.o(.text.OS_Id)
    OS_Init                                  0x00000609   Thumb Code   104  os.o(.text.OS_Init)
    OS_InitSemaphore                         0x00000671   Thumb Code    10  os.o(.text.OS_InitSemaphore)
    OS_Jitter1Calc                           0x0000067d   Thumb Code    88  os.o(.text.OS_Jitter1Calc)
    OS_Jitter2Calc                           0x000006d5   Thumb Code    44  os.o(.text.OS_Jitter2Calc)
    OS_Kill                                  0x00000701   Thumb Code   234  os.o(.text.OS_Kill)
    OS_Signal                                0x000007ed   Thumb Code   212  os.o(.text.OS_Signal)
    OS_Sleep                                 0x000008c1   Thumb Code   254  os.o(.text.OS_Sleep)
    OS_Time                                  0x000009c1   Thumb Code    18  os.o(.text.OS_Time)
    OS_Wait                                  0x000009d5   Thumb Code   316  os.o(.text.OS_Wait)
    PLL_Init                                 0x00000b11   Thumb Code   106  pll.o(.text.PLL_Init)
    SSI0_Init                                0x00000b7d   Thumb Code   370  edisk.o(.text.SSI0_Init)
    ST7735_DrawFastHLine                     0x00000cf1   Thumb Code   234  st7735.o(.text.ST7735_DrawFastHLine)
    ST7735_FillRect                          0x00000ddd   Thumb Code   252  st7735.o(.text.ST7735_FillRect)
    ST7735_InitR                             0x00000ed9   Thumb Code   312  st7735.o(.text.ST7735_InitR)
    SysTick_Handler                          0x00001011   Thumb Code   180  os.o(.text.SysTick_Handler)
    Timer0A_Handler                          0x000010c5   Thumb Code    36  timer0a.o(.text.Timer0A_Handler)
    Timer1A_Handler                          0x000010e9   Thumb Code    38  timer1a.o(.text.Timer1A_Handler)
    Timer2A_Handler                          0x00001111   Thumb Code    38  timer2a.o(.text.Timer2A_Handler)
    Timer3A_Handler                          0x00001139   Thumb Code    24  timer3a.o(.text.Timer3A_Handler)
    Timer4A_Handler                          0x00001151   Thumb Code    24  timer4a.o(.text.Timer4A_Handler)
    Timer5A_Handler                          0x00001169   Thumb Code    24  timer5a.o(.text.Timer5A_Handler)
    UART0_Handler                            0x00001181   Thumb Code   378  uart0int.o(.text.UART0_Handler)
    UART_Init                                0x000012fd   Thumb Code   242  uart0int.o(.text.UART_Init)
    WideTimer0A_Handler                      0x000013f1   Thumb Code    24  wtimer0a.o(.text.WideTimer0A_Handler)
    eDisk_Init                               0x00001695   Thumb Code   494  edisk.o(.text.eDisk_Init)
    eDisk_Read                               0x00001885   Thumb Code   246  edisk.o(.text.eDisk_Read)
    insert_RunList                           0x0000197d   Thumb Code   174  os.o(.text.insert_RunList)
    main                                     0x00001a2d   Thumb Code   162  lab4.o(.text.main)
    wake_threads                             0x00001fd1   Thumb Code   192  os.o(.text.wake_threads)
    __scatterload_copy                       0x00002091   Thumb Code    14  handlers.o(i.__scatterload_copy)
    __scatterload_null                       0x0000209f   Thumb Code     2  handlers.o(i.__scatterload_null)
    __scatterload_zeroinit                   0x000020a1   Thumb Code    14  handlers.o(i.__scatterload_zeroinit)
    Region$$Table$$Base                      0x00002130   Number         0  anon$$obj.o(Region$$Table)
    Region$$Table$$Limit                     0x00002150   Number         0  anon$$obj.o(Region$$Table)
    StTextColor                              0x20000004   Data           2  st7735.o(.data.StTextColor)
    highest_priority                         0x20000008   Data           4  os.o(.data.highest_priority)
    ADCTask                                  0x20000010   Data           4  adct0atrigger.o(.bss.ADCTask)
    FallingEdges                             0x20000018   Data           4  os.o(.bss.FallingEdges)
    JitterHistogram                          0x2000001c   Data         256  os.o(.bss.JitterHistogram)
    JitterHistogram2                         0x2000011c   Data         256  os.o(.bss.JitterHistogram2)
    LCDFree                                  0x2000021c   Data          12  st7735.o(.bss.LCDFree)
    MaxJitter                                0x20000228   Data           4  os.o(.bss.MaxJitter)
    MaxJitter2                               0x2000022c   Data           4  os.o(.bss.MaxJitter2)
    OS_time_MS                               0x20000230   Data           4  os.o(.bss.OS_time_MS)
    PD3data                                  0x20000234   Data           4  adct0atrigger.o(.bss.PD3data)
    PeriodicTask0                            0x20000238   Data           4  timer0a.o(.bss.PeriodicTask0)
    PeriodicTask1                            0x2000023c   Data           4  timer1a.o(.bss.PeriodicTask1)
    PeriodicTask2                            0x20000240   Data           4  timer2a.o(.bss.PeriodicTask2)
    PeriodicTask3                            0x20000244   Data           4  timer3a.o(.bss.PeriodicTask3)
    PeriodicTask4                            0x20000248   Data           4  timer4a.o(.bss.PeriodicTask4)
    PeriodicTask5                            0x2000024c   Data           4  timer5a.o(.bss.PeriodicTask5)
    RunPt                                    0x20000254   Data           4  os.o(.bss.RunPt)
    Running                                  0x20000258   Data           4  lab4.o(.bss.Running)
    RxDataAvailable                          0x2000025c   Data          12  uart0int.o(.bss.RxDataAvailable)
    RxGetI                                   0x20000668   Data           4  uart0int.o(.bss.RxGetI)
    RxPutI                                   0x2000066c   Data           4  uart0int.o(.bss.RxPutI)
    SleepPt                                  0x20000670   Data           4  os.o(.bss.SleepPt)
    StX                                      0x20000674   Data           4  st7735.o(.bss.StX)
    StY                                      0x20000678   Data           4  st7735.o(.bss.StY)
    TCB_list                                 0x2000067c   Data         360  os.o(.bss.TCB_list)
    TxGetI                                   0x20000bf0   Data           4  uart0int.o(.bss.TxGetI)
    TxPutI                                   0x20000bf4   Data           4  uart0int.o(.bss.TxPutI)
    TxRoomLeft                               0x20000bf8   Data          12  uart0int.o(.bss.TxRoomLeft)
    WidePeriodicTask0                        0x20000c04   Data           4  wtimer0a.o(.bss.WidePeriodicTask0)
    blocked_count                            0x20000c0c   Data           4  os.o(.bss.blocked_count)
    count                                    0x20000c10   Data           4  os.o(.bss.count)
    kill_count                               0x20000c14   Data           4  os.o(.bss.kill_count)
    msTimeFree                               0x20000c18   Data          12  os.o(.bss.msTimeFree)
    next_RunPt                               0x20000c24   Data           4  os.o(.bss.next_RunPt)
    num_in_priority                          0x20000c28   Data          32  os.o(.bss.num_in_priority)
    num_ticks                                0x20000c48   Data           4  os.o(.bss.num_ticks)
    pf0_task                                 0x20000c4c   Data           4  os.o(.bss.pf0_task)
    pf4_task                                 0x20000c50   Data           4  os.o(.bss.pf4_task)
    priority_list                            0x20000c54   Data          32  os.o(.bss.priority_list)
    sleep_count                              0x20000c74   Data           4  os.o(.bss.sleep_count)
    stack_availability                       0x20000c78   Data          40  os.o(.bss.stack_availability)
    stacks                                   0x20000ca0   Data       20480  os.o(.bss.stacks)
    thread_count                             0x20005ca0   Data           4  os.o(.bss.thread_count)
    __initial_sp                             0x200060a8   Data           0  startup.o(STACK)



==============================================================================

Memory Map of the image

  Image Entry point : 0x0000026d

  Load Region LR_1 (Base: 0x00000000, Size: 0x0000215c, Max: 0xffffffff, ABSOLUTE)

    Execution Region ER_RO (Exec base: 0x00000000, Load base: 0x00000000, Size: 0x00002150, Max: 0xffffffff, ABSOLUTE)

    Exec Addr    Load Addr    Size         Type   Attr      Idx    E Section Name        Object

    0x00000000   0x00000000   0x00000284   Code   RO            3  * RESET               startup.o
    0x00000284   0x00000284   0x00000000   Code   RO          892  * .ARM.Collect$$$$00000000  mc_w.l(entry.o)
    0x00000284   0x00000284   0x00000004   Code   RO         1176    .ARM.Collect$$$$00000001  mc_w.l(entry2.o)
    0x00000288   0x00000288   0x00000004   Code   RO         1179    .ARM.Collect$$$$00000004  mc_w.l(entry5.o)
    0x0000028c   0x0000028c   0x00000000   Code   RO         1181    .ARM.Collect$$$$00000008  mc_w.l(entry7b.o)
    0x0000028c   0x0000028c   0x00000000   Code   RO         1183    .ARM.Collect$$$$0000000A  mc_w.l(entry8b.o)
    0x0000028c   0x0000028c   0x00000008   Code   RO         1184    .ARM.Collect$$$$0000000B  mc_w.l(entry9a.o)
    0x00000294   0x00000294   0x00000000   Code   RO         1186    .ARM.Collect$$$$0000000D  mc_w.l(entry10a.o)
    0x00000294   0x00000294   0x00000000   Code   RO         1188    .ARM.Collect$$$$0000000F  mc_w.l(entry11a.o)
    0x00000294   0x00000294   0x00000004   Code   RO         1177    .ARM.Collect$$$$00002712  mc_w.l(entry2.o)
    0x00000298   0x00000298   0x0000001c   Code   RO            4    .text               startup.o
    0x000002b4   0x000002b4   0x000000b0   Code   RO          599    .text               osasm.o
    0x00000364   0x00000364   0x00000024   Code   RO          897    .text               mc_w.l(memseta.o)
    0x00000388   0x00000388   0x00000030   Code   RO         1224    .text               mc_w.l(init.o)
    0x000003b8   0x000003b8   0x0000001e   Code   RO          607    .text.ADC0Seq0_Handler  adct0atrigger.o
    0x000003d6   0x000003d6   0x00000002   PAD
    0x000003d8   0x000003d8   0x0000001c   Code   RO          611    .text.ADC0Seq3_Handler  adct0atrigger.o
    0x000003f4   0x000003f4   0x0000006a   Code   RO          516    .text.CS_Init       edisk.o
    0x0000045e   0x0000045e   0x00000002   PAD
    0x00000460   0x00000460   0x0000004a   Code   RO          189    .text.GPIOPortF_Handler  os.o
    0x000004aa   0x000004aa   0x00000002   PAD
    0x000004ac   0x000004ac   0x00000046   Code   RO           98    .text.LaunchPad_Init  launchpad.o
    0x000004f2   0x000004f2   0x00000002   PAD
    0x000004f4   0x000004f4   0x00000104   Code   RO          181    .text.OS_AddThread  os.o
    0x000005f8   0x000005f8   0x0000000e   Code   RO          185    .text.OS_Id         os.o
    0x00000606   0x00000606   0x00000002   PAD
    0x00000608   0x00000608   0x00000068   Code   RO          155    .text.OS_Init       os.o
    0x00000670   0x00000670   0x0000000a   Code   RO          159    .text.OS_InitSemaphore  os.o
    0x0000067a   0x0000067a   0x00000002   PAD
    0x0000067c   0x0000067c   0x00000058   Code   RO          219    .text.OS_Jitter1Calc  os.o
    0x000006d4   0x000006d4   0x0000002c   Code   RO          221    .text.OS_Jitter2Calc  os.o
    0x00000700   0x00000700   0x000000ea   Code   RO          199    .text.OS_Kill       os.o
    0x000007ea   0x000007ea   0x00000002   PAD
    0x000007ec   0x000007ec   0x000000d4   Code   RO          171    .text.OS_Signal     os.o
    0x000008c0   0x000008c0   0x000000fe   Code   RO          195    .text.OS_Sleep      os.o
    0x000009be   0x000009be   0x00000002   PAD
    0x000009c0   0x000009c0   0x00000012   Code   RO          215    .text.OS_Time       os.o
    0x000009d2   0x000009d2   0x00000002   PAD
    0x000009d4   0x000009d4   0x0000013c   Code   RO          169    .text.OS_Wait       os.o
    0x00000b10   0x00000b10   0x0000006a   Code   RO          116    .text.PLL_Init      pll.o
    0x00000b7a   0x00000b7a   0x00000002   PAD
    0x00000b7c   0x00000b7c   0x00000172   Code   RO          518    .text.SSI0_Init     edisk.o
    0x00000cee   0x00000cee   0x00000002   PAD
    0x00000cf0   0x00000cf0   0x000000ea   Code   RO          304    .text.ST7735_DrawFastHLine  st7735.o
    0x00000dda   0x00000dda   0x00000002   PAD
    0x00000ddc   0x00000ddc   0x000000fc   Code   RO          306    .text.ST7735_FillRect  st7735.o
    0x00000ed8   0x00000ed8   0x00000138   Code   RO          294    .text.ST7735_InitR  st7735.o
    0x00001010   0x00001010   0x000000b4   Code   RO          125    .text.SysTick_Handler  os.o
    0x000010c4   0x000010c4   0x00000024   Code   RO          805    .text.Timer0A_Handler  timer0a.o
    0x000010e8   0x000010e8   0x00000026   Code   RO          820    .text.Timer1A_Handler  timer1a.o
    0x0000110e   0x0000110e   0x00000002   PAD
    0x00001110   0x00001110   0x00000026   Code   RO          835    .text.Timer2A_Handler  timer2a.o
    0x00001136   0x00001136   0x00000002   PAD
    0x00001138   0x00001138   0x00000018   Code   RO          850    .text.Timer3A_Handler  timer3a.o
    0x00001150   0x00001150   0x00000018   Code   RO          865    .text.Timer4A_Handler  timer4a.o
    0x00001168   0x00001168   0x00000018   Code   RO          880    .text.Timer5A_Handler  timer5a.o
    0x00001180   0x00001180   0x0000017a   Code   RO          480    .text.UART0_Handler  uart0int.o
    0x000012fa   0x000012fa   0x00000002   PAD
    0x000012fc   0x000012fc   0x000000f2   Code   RO          470    .text.UART_Init     uart0int.o
    0x000013ee   0x000013ee   0x00000002   PAD
    0x000013f0   0x000013f0   0x00000018   Code   RO          790    .text.WideTimer0A_Handler  wtimer0a.o
    0x00001408   0x00001408   0x000000da   Code   RO          296    .text.commandList   st7735.o
    0x000014e2   0x000014e2   0x00000002   PAD
    0x000014e4   0x000014e4   0x000001ae   Code   RO          288    .text.commonInit    st7735.o
    0x00001692   0x00001692   0x00000002   PAD
    0x00001694   0x00001694   0x000001ee   Code   RO          520    .text.eDisk_Init    edisk.o
    0x00001882   0x00001882   0x00000002   PAD
    0x00001884   0x00001884   0x000000f6   Code   RO          526    .text.eDisk_Read    edisk.o
    0x0000197a   0x0000197a   0x00000002   PAD
    0x0000197c   0x0000197c   0x000000ae   Code   RO          143    .text.insert_RunList  os.o
    0x00001a2a   0x00001a2a   0x00000002   PAD
    0x00001a2c   0x00001a2c   0x000000a2   Code   RO           61    .text.main          lab4.o
    0x00001ace   0x00001ace   0x00000002   PAD
    0x00001ad0   0x00001ad0   0x000000ac   Code   RO          528    .text.rcvr_datablock  edisk.o
    0x00001b7c   0x00001b7c   0x000001f6   Code   RO          522    .text.send_cmd      edisk.o
    0x00001d72   0x00001d72   0x00000002   PAD
    0x00001d74   0x00001d74   0x0000025c   Code   RO          300    .text.setAddrWindow  st7735.o
    0x00001fd0   0x00001fd0   0x000000c0   Code   RO          141    .text.wake_threads  os.o
    0x00002090   0x00002090   0x0000000e   Code   RO         1268    i.__scatterload_copy  mc_w.l(handlers.o)
    0x0000209e   0x0000209e   0x00000002   Code   RO         1269    i.__scatterload_null  mc_w.l(handlers.o)
    0x000020a0   0x000020a0   0x0000000e   Code   RO         1270    i.__scatterload_zeroinit  mc_w.l(handlers.o)
    0x000020ae   0x000020ae   0x0000003b   Data   RO          377    .rodata.Rcmd1       st7735.o
    0x000020e9   0x000020e9   0x0000000d   Data   RO          378    .rodata.Rcmd2green  st7735.o
    0x000020f6   0x000020f6   0x0000000d   Data   RO          381    .rodata.Rcmd2red    st7735.o
    0x00002103   0x00002103   0x0000002b   Data   RO          382    .rodata.Rcmd3       st7735.o
    0x0000212e   0x0000212e   0x00000002   PAD
    0x00002130   0x00002130   0x00000020   Data   RO         1267    Region$$Table       anon$$obj.o


    Execution Region ER_RW (Exec base: 0x20000000, Load base: 0x00002150, Size: 0x0000000c, Max: 0xffffffff, ABSOLUTE)

    Exec Addr    Load Addr    Size         Type   Attr      Idx    E Section Name        Object

    0x20000000   0x00002150   0x00000004   Data   RW          271    .data.OS_Jitter1Calc.LastTime  os.o
    0x20000004   0x00002154   0x00000002   Data   RW          374    .data.StTextColor   st7735.o
    0x20000006   0x00002156   0x00000001   Data   RW          542    .data.Stat          edisk.o
    0x20000007   0x00002157   0x00000001   PAD
    0x20000008   0x00002158   0x00000004   Data   RW          247    .data.highest_priority  os.o


    Execution Region ER_ZI (Exec base: 0x20000010, Load base: 0x0000215c, Size: 0x00006098, Max: 0xffffffff, ABSOLUTE)

    Exec Addr    Load Addr    Size         Type   Attr      Idx    E Section Name        Object

    0x20000010        -       0x00000004   Zero   RW          613    .bss.ADCTask        adct0atrigger.o
    0x20000014        -       0x00000001   Zero   RW          544    .bss.CardType       edisk.o
    0x20000015        -       0x00000001   Zero   RW          379    .bss.ColStart       st7735.o
    0x20000016   0x0000215c   0x00000002   PAD
    0x20000018        -       0x00000004   Zero   RW          264    .bss.FallingEdges   os.o
    0x2000001c        -       0x00000100   Zero   RW          256    .bss.JitterHistogram  os.o
    0x2000011c        -       0x00000100   Zero   RW          257    .bss.JitterHistogram2  os.o
    0x2000021c        -       0x0000000c   Zero   RW          376    .bss.LCDFree        st7735.o
    0x20000228        -       0x00000004   Zero   RW          272    .bss.MaxJitter      os.o
    0x2000022c        -       0x00000004   Zero   RW          273    .bss.MaxJitter2     os.o
    0x20000230        -       0x00000004   Zero   RW          270    .bss.OS_time_MS     os.o
    0x20000234        -       0x00000004   Zero   RW          614    .bss.PD3data        adct0atrigger.o
    0x20000238        -       0x00000004   Zero   RW          809    .bss.PeriodicTask0  timer0a.o
    0x2000023c        -       0x00000004   Zero   RW          824    .bss.PeriodicTask1  timer1a.o
    0x20000240        -       0x00000004   Zero   RW          839    .bss.PeriodicTask2  timer2a.o
    0x20000244        -       0x00000004   Zero   RW          854    .bss.PeriodicTask3  timer3a.o
    0x20000248        -       0x00000004   Zero   RW          869    .bss.PeriodicTask4  timer4a.o
    0x2000024c        -       0x00000004   Zero   RW          884    .bss.PeriodicTask5  timer5a.o
    0x20000250        -       0x00000001   Zero   RW          380    .bss.RowStart       st7735.o
    0x20000251   0x0000215c   0x00000003   PAD
    0x20000254        -       0x00000004   Zero   RW          258    .bss.RunPt          os.o
    0x20000258        -       0x00000004   Zero   RW           73    .bss.Running        lab4.o
    0x2000025c        -       0x0000000c   Zero   RW          506    .bss.RxDataAvailable  uart0int.o
    0x20000268        -       0x00000400   Zero   RW          502    .bss.RxFifo         uart0int.o
    0x20000668        -       0x00000004   Zero   RW          500    .bss.RxGetI         uart0int.o
    0x2000066c        -       0x00000004   Zero   RW          501    .bss.RxPutI         uart0int.o
    0x20000670        -       0x00000004   Zero   RW          259    .bss.SleepPt        os.o
    0x20000674        -       0x00000004   Zero   RW          372    .bss.StX            st7735.o
    0x20000678        -       0x00000004   Zero   RW          373    .bss.StY            st7735.o
    0x2000067c        -       0x00000168   Zero   RW          262    .bss.TCB_list       os.o
    0x200007e4        -       0x00000001   Zero   RW          383    .bss.TabColor       st7735.o
    0x200007e5   0x0000215c   0x00000003   PAD
    0x200007e8        -       0x00000004   Zero   RW          543    .bss.Timer1         edisk.o
    0x200007ec        -       0x00000004   Zero   RW          545    .bss.Timer2         edisk.o
    0x200007f0        -       0x00000400   Zero   RW          505    .bss.TxFifo         uart0int.o
    0x20000bf0        -       0x00000004   Zero   RW          503    .bss.TxGetI         uart0int.o
    0x20000bf4        -       0x00000004   Zero   RW          504    .bss.TxPutI         uart0int.o
    0x20000bf8        -       0x0000000c   Zero   RW          507    .bss.TxRoomLeft     uart0int.o
    0x20000c04        -       0x00000004   Zero   RW          794    .bss.WidePeriodicTask0  wtimer0a.o
    0x20000c08        -       0x00000001   Zero   RW          385    .bss._height        st7735.o
    0x20000c09   0x0000215c   0x00000001   PAD
    0x20000c0a        -       0x00000001   Zero   RW          384    .bss._width         st7735.o
    0x20000c0b   0x0000215c   0x00000001   PAD
    0x20000c0c        -       0x00000004   Zero   RW          252    .bss.blocked_count  os.o
    0x20000c10        -       0x00000004   Zero   RW          261    .bss.count          os.o
    0x20000c14        -       0x00000004   Zero   RW          253    .bss.kill_count     os.o
    0x20000c18        -       0x0000000c   Zero   RW          260    .bss.msTimeFree     os.o
    0x20000c24        -       0x00000004   Zero   RW          267    .bss.next_RunPt     os.o
    0x20000c28        -       0x00000020   Zero   RW          250    .bss.num_in_priority  os.o
    0x20000c48        -       0x00000004   Zero   RW          243    .bss.num_ticks      os.o
    0x20000c4c        -       0x00000004   Zero   RW          266    .bss.pf0_task       os.o
    0x20000c50        -       0x00000004   Zero   RW          265    .bss.pf4_task       os.o
    0x20000c54        -       0x00000020   Zero   RW          249    .bss.priority_list  os.o
    0x20000c74        -       0x00000004   Zero   RW          246    .bss.sleep_count    os.o
    0x20000c78        -       0x00000028   Zero   RW          248    .bss.stack_availability  os.o
    0x20000ca0        -       0x00005000   Zero   RW          263    .bss.stacks         os.o
    0x20005ca0        -       0x00000004   Zero   RW          244    .bss.thread_count   os.o
    0x20005ca4   0x0000215c   0x00000004   PAD
    0x20005ca8        -       0x00000400   Zero   RW            1    STACK               startup.o


==============================================================================

Image component sizes


      Code (inc. data)   RO Data    RW Data    ZI Data      Debug   Object Name

        58          0          0          0          8       1986   adct0atrigger.o
      1890          0          0          1          9      11372   edisk.o
       162          0          0          0          4       9163   lab4.o
        70          0          0          0          0       1756   launchpad.o
      2174          0          0          8      21528      24008   os.o
       176          8          0          0          0        380   osasm.o
       106          0          0          0          0        649   pll.o
      2050          0        128          2         25      27278   st7735.o
       672        622          0          0       1024       1076   startup.o
        36          0          0          0          4       1120   timer0a.o
        38          0          0          0          4       1118   timer1a.o
        38          0          0          0          4       1118   timer2a.o
        24          0          0          0          4       1098   timer3a.o
        24          0          0          0          4       1098   timer4a.o
        24          0          0          0          4       1063   timer5a.o
       620          0          0          0       2088       9202   uart0int.o
        24          0          0          0          4       1116   wtimer0a.o

    ----------------------------------------------------------------------
      8232        630        162         12      24728      94601   Object Totals
         0          0         32          0          0          0   (incl. Generated)
        46          0          2          1         14          0   (incl. Padding)

    ----------------------------------------------------------------------

      Code (inc. data)   RO Data    RW Data    ZI Data      Debug   Library Member Name

         0          0          0          0          0          0   entry.o
         0          0          0          0          0          0   entry10a.o
         0          0          0          0          0          0   entry11a.o
         8          4          0          0          0          0   entry2.o
         4          0          0          0          0          0   entry5.o
         0          0          0          0          0          0   entry7b.o
         0          0          0          0          0          0   entry8b.o
         8          4          0          0          0          0   entry9a.o
        30          0          0          0          0          0   handlers.o
        48         10          0          0          0         68   init.o
        36          0          0          0          0        108   memseta.o

    ----------------------------------------------------------------------
       134         18          0          0          0        176   Library Totals
         0          0          0          0          0          0   (incl. Padding)

    ----------------------------------------------------------------------

      Code (inc. data)   RO Data    RW Data    ZI Data      Debug   Library Name

       134         18          0          0          0        176   mc_w.l

    ----------------------------------------------------------------------
       134         18          0          0          0        176   Library Totals

    ----------------------------------------------------------------------

==============================================================================


      Code (inc. data)   RO Data    RW Data    ZI Data      Debug   

      8366        648        162         12      24728      94649   Grand Totals
      8366        648        162         12      24728      94649   ELF Image Totals
      8366        648        162         12          0          0   ROM Totals

==============================================================================

    Total RO  Size (Code + RO Data)                 8528 (   8.33kB)
    Total RW  Size (RW Data + ZI Data)             24740 (  24.16kB)
    Total ROM Size (Code + RO Data + RW Data)       8540 (   8.34kB)

==============================================================================

