Component: Arm Compiler for Embedded 6.22 Tool: armlink [5ee90200]

==============================================================================

Section Cross References

    startup.o(RESET) refers to startup.o(STACK) for StackMem
    startup.o(RESET) refers to osasm.o(.text) for SVC_Handler
    startup.o(RESET) refers to os.o(.text.SysTick_Handler) for SysTick_Handler
    startup.o(RESET) refers to uart0int.o(.text.UART0_Handler) for UART0_Handler
    startup.o(RESET) refers to adct0atrigger.o(.text.ADC0Seq0_Handler) for ADC0Seq0_Handler
    startup.o(RESET) refers to adct0atrigger.o(.text.ADC0Seq3_Handler) for ADC0Seq3_Handler
    startup.o(RESET) refers to timer0a.o(.text.Timer0A_Handler) for Timer0A_Handler
    startup.o(RESET) refers to timer1a.o(.text.Timer1A_Handler) for Timer1A_Handler
    startup.o(RESET) refers to timer2a.o(.text.Timer2A_Handler) for Timer2A_Handler
    startup.o(RESET) refers to os.o(.text.GPIOPortF_Handler) for GPIOPortF_Handler
    startup.o(RESET) refers to timer3a.o(.text.Timer3A_Handler) for Timer3A_Handler
    startup.o(RESET) refers to timer4a.o(.text.Timer4A_Handler) for Timer4A_Handler
    startup.o(RESET) refers to timer5a.o(.text.Timer5A_Handler) for Timer5A_Handler
    startup.o(RESET) refers to wtimer0a.o(.text.WideTimer0A_Handler) for WideTimer0A_Handler
    startup.o(RESET) refers to entry.o(.ARM.Collect$$$$00000000) for __main
    lab2.o(.ARM.exidx.text.PortD_Init) refers to lab2.o(.text.PortD_Init) for [Anonymous Symbol]
    lab2.o(.text.DAS) refers to lab2.o(.bss.NumSamples) for NumSamples
    lab2.o(.text.DAS) refers to adc.o(.text.ADC_In) for ADC_In
    lab2.o(.text.DAS) refers to os.o(.text.OS_Time) for OS_Time
    lab2.o(.text.DAS) refers to lpf.o(.text.Filter) for Filter
    lab2.o(.text.DAS) refers to lab2.o(.bss.FilterWork) for FilterWork
    lab2.o(.text.DAS) refers to lab2.o(.bss.DASoutput) for DASoutput
    lab2.o(.text.DAS) refers to lab2.o(.bss.DAS.LastTime) for DAS.LastTime
    lab2.o(.text.DAS) refers to os.o(.text.OS_TimeDifference) for OS_TimeDifference
    lab2.o(.text.DAS) refers to os.o(.bss.MaxJitter) for MaxJitter
    lab2.o(.text.DAS) refers to os.o(.rodata.JitterSize) for JitterSize
    lab2.o(.text.DAS) refers to os.o(.bss.JitterHistogram) for JitterHistogram
    lab2.o(.ARM.exidx.text.DAS) refers to lab2.o(.text.DAS) for [Anonymous Symbol]
    lab2.o(.text.ButtonWork) refers to os.o(.text.OS_Id) for OS_Id
    lab2.o(.text.ButtonWork) refers to lab2.o(.bss.NumCreated) for NumCreated
    lab2.o(.text.ButtonWork) refers to st7735.o(.text.ST7735_Message) for ST7735_Message
    lab2.o(.text.ButtonWork) refers to os.o(.text.OS_Sleep) for OS_Sleep
    lab2.o(.text.ButtonWork) refers to lab2.o(.bss.PIDWork) for PIDWork
    lab2.o(.text.ButtonWork) refers to lab2.o(.bss.DataLost) for DataLost
    lab2.o(.text.ButtonWork) refers to os.o(.bss.MaxJitter) for MaxJitter
    lab2.o(.text.ButtonWork) refers to os.o(.text.OS_Kill) for OS_Kill
    lab2.o(.ARM.exidx.text.ButtonWork) refers to lab2.o(.text.ButtonWork) for [Anonymous Symbol]
    lab2.o(.text.SW1Push) refers to os.o(.text.OS_MsTime) for OS_MsTime
    lab2.o(.text.SW1Push) refers to lab2.o(.text.ButtonWork) for ButtonWork
    lab2.o(.text.SW1Push) refers to os.o(.text.OS_AddThread) for OS_AddThread
    lab2.o(.text.SW1Push) refers to lab2.o(.bss.NumCreated) for NumCreated
    lab2.o(.text.SW1Push) refers to os.o(.text.OS_ClearMsTime) for OS_ClearMsTime
    lab2.o(.ARM.exidx.text.SW1Push) refers to lab2.o(.text.SW1Push) for [Anonymous Symbol]
    lab2.o(.text.Producer) refers to lab2.o(.bss.NumSamples) for NumSamples
    lab2.o(.text.Producer) refers to os.o(.text.OS_Fifo_Put) for OS_Fifo_Put
    lab2.o(.text.Producer) refers to lab2.o(.bss.DataLost) for DataLost
    lab2.o(.ARM.exidx.text.Producer) refers to lab2.o(.text.Producer) for [Anonymous Symbol]
    lab2.o(.text.Consumer) refers to lab2.o(.text.Producer) for Producer
    lab2.o(.text.Consumer) refers to adct0atrigger.o(.text.ADC0_InitTimer0ATriggerSeq0) for ADC0_InitTimer0ATriggerSeq0
    lab2.o(.text.Consumer) refers to lab2.o(.text.Display) for Display
    lab2.o(.text.Consumer) refers to os.o(.text.OS_AddThread) for OS_AddThread
    lab2.o(.text.Consumer) refers to lab2.o(.bss.NumCreated) for NumCreated
    lab2.o(.text.Consumer) refers to lab2.o(.bss.NumSamples) for NumSamples
    lab2.o(.text.Consumer) refers to lab2.o(.bss.x) for x
    lab2.o(.text.Consumer) refers to lab2.o(.bss.y) for y
    lab2.o(.text.Consumer) refers to os.o(.text.OS_Fifo_Get) for OS_Fifo_Get
    lab2.o(.text.Consumer) refers to cr4_fft_64_stm32.o(.text) for cr4_fft_64_stm32
    lab2.o(.text.Consumer) refers to os.o(.text.OS_MailBox_Send) for OS_MailBox_Send
    lab2.o(.text.Consumer) refers to os.o(.text.OS_Kill) for OS_Kill
    lab2.o(.ARM.exidx.text.Consumer) refers to lab2.o(.text.Consumer) for [Anonymous Symbol]
    lab2.o(.text.Display) refers to os.o(.text.OS_Id) for OS_Id
[...]
    Removing lpf.o(.bss.snr7), (4 bytes).
    Removing lpf.o(.bss.u2), (4 bytes).
    Removing lpf.o(.bss.u3), (4 bytes).
    Removing lpf.o(.bss.u1), (4 bytes).
    Removing wtimer0a.o(.text), (0 bytes).
    Removing wtimer0a.o(.text.WideTimer0A_Init), (120 bytes).
    Removing wtimer0a.o(.ARM.exidx.text.WideTimer0A_Init), (8 bytes).
    Removing wtimer0a.o(.ARM.exidx.text.WideTimer0A_Handler), (8 bytes).
    Removing wtimer0a.o(.text.WideTimer0_Stop), (28 bytes).
    Removing wtimer0a.o(.ARM.exidx.text.WideTimer0_Stop), (8 bytes).
    Removing edisk.o(.text), (0 bytes).
    Removing edisk.o(.ARM.exidx.text.CS_Init), (8 bytes).
    Removing edisk.o(.text.SSI0_Init), (370 bytes).
    Removing edisk.o(.ARM.exidx.text.SSI0_Init), (8 bytes).
    Removing edisk.o(.text.eDisk_Init), (456 bytes).
    Removing edisk.o(.ARM.exidx.text.eDisk_Init), (8 bytes).
    Removing edisk.o(.text.send_cmd), (502 bytes).
    Removing edisk.o(.ARM.exidx.text.send_cmd), (8 bytes).
    Removing edisk.o(.text.eDisk_Status), (20 bytes).
    Removing edisk.o(.ARM.exidx.text.eDisk_Status), (8 bytes).
    Removing edisk.o(.text.eDisk_Read), (200 bytes).
    Removing edisk.o(.ARM.exidx.text.eDisk_Read), (8 bytes).
    Removing edisk.o(.text.rcvr_datablock), (172 bytes).
    Removing edisk.o(.ARM.exidx.text.rcvr_datablock), (8 bytes).
    Removing edisk.o(.text.eDisk_ReadBlock), (124 bytes).
    Removing edisk.o(.ARM.exidx.text.eDisk_ReadBlock), (8 bytes).
    Removing edisk.o(.text.eDisk_Write), (298 bytes).
    Removing edisk.o(.ARM.exidx.text.eDisk_Write), (8 bytes).
    Removing edisk.o(.text.xmit_datablock), (236 bytes).
    Removing edisk.o(.ARM.exidx.text.xmit_datablock), (8 bytes).
    Removing edisk.o(.text.eDisk_WriteBlock), (132 bytes).
    Removing edisk.o(.ARM.exidx.text.eDisk_WriteBlock), (8 bytes).
    Removing edisk.o(.text.disk_ioctl), (644 bytes).
    Removing edisk.o(.ARM.exidx.text.disk_ioctl), (8 bytes).
    Removing edisk.o(.text.disk_timerproc), (58 bytes).
    Removing edisk.o(.ARM.exidx.text.disk_timerproc), (8 bytes).
    Removing edisk.o(.data.Stat), (1 bytes).
    Removing edisk.o(.bss.Timer1), (4 bytes).
    Removing edisk.o(.bss.CardType), (1 bytes).
    Removing edisk.o(.bss.Timer2), (4 bytes).
    Removing efile.o(.text), (0 bytes).
    Removing efile.o(.text.eFile_Init), (4 bytes).
    Removing efile.o(.ARM.exidx.text.eFile_Init), (8 bytes).
    Removing efile.o(.text.eFile_Format), (4 bytes).
    Removing efile.o(.ARM.exidx.text.eFile_Format), (8 bytes).
    Removing efile.o(.text.eFile_Mount), (4 bytes).
    Removing efile.o(.ARM.exidx.text.eFile_Mount), (8 bytes).
    Removing efile.o(.text.eFile_Create), (4 bytes).
    Removing efile.o(.ARM.exidx.text.eFile_Create), (8 bytes).
    Removing efile.o(.text.eFile_WOpen), (4 bytes).
    Removing efile.o(.ARM.exidx.text.eFile_WOpen), (8 bytes).
    Removing efile.o(.text.eFile_Write), (4 bytes).
    Removing efile.o(.ARM.exidx.text.eFile_Write), (8 bytes).
    Removing efile.o(.text.eFile_WClose), (4 bytes).
    Removing efile.o(.ARM.exidx.text.eFile_WClose), (8 bytes).
    Removing efile.o(.text.eFile_ROpen), (4 bytes).
    Removing efile.o(.ARM.exidx.text.eFile_ROpen), (8 bytes).
    Removing efile.o(.text.eFile_ReadNext), (4 bytes).
    Removing efile.o(.ARM.exidx.text.eFile_ReadNext), (8 bytes).
    Removing efile.o(.text.eFile_RClose), (4 bytes).
    Removing efile.o(.ARM.exidx.text.eFile_RClose), (8 bytes).
    Removing efile.o(.text.eFile_Delete), (4 bytes).
    Removing efile.o(.ARM.exidx.text.eFile_Delete), (8 bytes).
    Removing efile.o(.text.eFile_DOpen), (4 bytes).
    Removing efile.o(.ARM.exidx.text.eFile_DOpen), (8 bytes).
    Removing efile.o(.text.eFile_DirNext), (4 bytes).
    Removing efile.o(.ARM.exidx.text.eFile_DirNext), (8 bytes).
    Removing efile.o(.text.eFile_DClose), (4 bytes).
    Removing efile.o(.ARM.exidx.text.eFile_DClose), (8 bytes).
    Removing efile.o(.text.eFile_Unmount), (4 bytes).
    Removing efile.o(.ARM.exidx.text.eFile_Unmount), (8 bytes).
    Removing uart0int.o(.text), (0 bytes).
    Removing uart0int.o(.text.RxFifo_Init), (24 bytes).
    Removing uart0int.o(.ARM.exidx.text.RxFifo_Init), (8 bytes).
    Removing uart0int.o(.text.RxFifo_Put), (58 bytes).
    Removing uart0int.o(.ARM.exidx.text.RxFifo_Put), (8 bytes).
    Removing uart0int.o(.text.RxFifo_Get), (56 bytes).
    Removing uart0int.o(.ARM.exidx.text.RxFifo_Get), (8 bytes).
    Removing uart0int.o(.text.RxFifo_Size), (26 bytes).
    Removing uart0int.o(.ARM.exidx.text.RxFifo_Size), (8 bytes).
    Removing uart0int.o(.text.TxFifo_Init), (24 bytes).
    Removing uart0int.o(.ARM.exidx.text.TxFifo_Init), (8 bytes).
    Removing uart0int.o(.text.TxFifo_Put), (58 bytes).
    Removing uart0int.o(.ARM.exidx.text.TxFifo_Put), (8 bytes).
    Removing uart0int.o(.text.TxFifo_Get), (56 bytes).
    Removing uart0int.o(.ARM.exidx.text.TxFifo_Get), (8 bytes).
    Removing uart0int.o(.text.TxFifo_Size), (26 bytes).
    Removing uart0int.o(.ARM.exidx.text.TxFifo_Size), (8 bytes).
    Removing uart0int.o(.ARM.exidx.text.UART_Init), (8 bytes).
    Removing uart0int.o(.text.UART_InChar), (64 bytes).
    Removing uart0int.o(.ARM.exidx.text.UART_InChar), (8 bytes).
    Removing uart0int.o(.text.UART_InCharNonBlock), (56 bytes).
    Removing uart0int.o(.ARM.exidx.text.UART_InCharNonBlock), (8 bytes).
    Removing uart0int.o(.ARM.exidx.text.UART_OutChar), (8 bytes).
    Removing uart0int.o(.text.UART_OutCharNonBlock), (156 bytes).
    Removing uart0int.o(.ARM.exidx.text.UART_OutCharNonBlock), (8 bytes).
    Removing uart0int.o(.ARM.exidx.text.UART0_Handler), (8 bytes).
    Removing uart0int.o(.ARM.exidx.text.UART_OutString), (8 bytes).
    Removing uart0int.o(.text.UART_InUDec), (454 bytes).
    Removing uart0int.o(.ARM.exidx.text.UART_InUDec), (8 bytes).
    Removing uart0int.o(.ARM.exidx.text.UART_OutUDec), (8 bytes).
    Removing uart0int.o(.text.UART_OutSDec), (172 bytes).
    Removing uart0int.o(.ARM.exidx.text.UART_OutSDec), (8 bytes).
    Removing uart0int.o(.text.UART_InUHex), (486 bytes).
    Removing uart0int.o(.ARM.exidx.text.UART_InUHex), (8 bytes).
    Removing uart0int.o(.text.UART_OutUHex), (310 bytes).
    Removing uart0int.o(.ARM.exidx.text.UART_OutUHex), (8 bytes).
    Removing uart0int.o(.text.Fixed_Fix2Str), (256 bytes).
    Removing uart0int.o(.ARM.exidx.text.Fixed_Fix2Str), (8 bytes).
    Removing uart0int.o(.text.UART_Fix2), (448 bytes).
    Removing uart0int.o(.ARM.exidx.text.UART_Fix2), (8 bytes).
    Removing uart0int.o(.ARM.exidx.text.UART_InString), (8 bytes).
    Removing irdistance.o(.text), (0 bytes).
    Removing irdistance.o(.ARM.exidx.text.IRDistance_Convert), (8 bytes).
    Removing irdistance.o(.rodata.C), (16 bytes).
    Removing adc.o(.text), (0 bytes).
    Removing adc.o(.ARM.exidx.text.ADC_Init), (8 bytes).
    Removing adc.o(.ARM.exidx.text.ADC_In), (8 bytes).
    Removing timer0a.o(.text), (0 bytes).
    Removing timer0a.o(.text.Timer0A_Init), (122 bytes).
    Removing timer0a.o(.ARM.exidx.text.Timer0A_Init), (8 bytes).
    Removing timer0a.o(.ARM.exidx.text.Timer0A_Handler), (8 bytes).
    Removing timer0a.o(.text.Timer0A_Stop), (26 bytes).
    Removing timer0a.o(.ARM.exidx.text.Timer0A_Stop), (8 bytes).
    Removing timer1a.o(.text), (0 bytes).
    Removing timer1a.o(.ARM.exidx.text.Timer1A_Init), (8 bytes).
    Removing timer1a.o(.ARM.exidx.text.Timer1A_Handler), (8 bytes).
    Removing timer1a.o(.text.Timer1A_Stop), (28 bytes).
    Removing timer1a.o(.ARM.exidx.text.Timer1A_Stop), (8 bytes).
    Removing timer2a.o(.text), (0 bytes).
    Removing timer2a.o(.ARM.exidx.text.Timer2A_Init), (8 bytes).
    Removing timer2a.o(.ARM.exidx.text.Timer2A_Handler), (8 bytes).
    Removing timer2a.o(.text.Timer2A_Stop), (28 bytes).
    Removing timer2a.o(.ARM.exidx.text.Timer2A_Stop), (8 bytes).
    Removing timer3a.o(.text), (0 bytes).
    Removing timer3a.o(.ARM.exidx.text.Timer3A_Init), (8 bytes).
    Removing timer3a.o(.ARM.exidx.text.Timer3A_Handler), (8 bytes).
    Removing timer3a.o(.text.Timer3A_Stop), (26 bytes).
    Removing timer3a.o(.ARM.exidx.text.Timer3A_Stop), (8 bytes).
    Removing timer4a.o(.text), (0 bytes).
    Removing timer4a.o(.ARM.exidx.text.Timer4A_Init), (8 bytes).
    Removing timer4a.o(.ARM.exidx.text.Timer4A_Handler), (8 bytes).
    Removing timer4a.o(.text.Timer4A_Stop), (26 bytes).
    Removing timer4a.o(.ARM.exidx.text.Timer4A_Stop), (8 bytes).
    Removing timer5a.o(.text), (0 bytes).
    Removing timer5a.o(.ARM.exidx.text.Timer5A_Init), (8 bytes).
    Removing timer5a.o(.ARM.exidx.text.Timer5A_Handler), (8 bytes).
    Removing timer5a.o(.text.Timer5_Stop), (28 bytes).
    Removing timer5a.o(.ARM.exidx.text.Timer5_Stop), (8 bytes).

544 unused section(s) (total 21471 bytes) removed from the image.

==============================================================================

Image Symbol Table

    Local Symbols

    Symbol Name                              Value     Ov Type        Size  Object(Section)

    ../clib/../cmprslib/zerorunl.c           0x00000000   Number         0  __dczerorl.o ABSOLUTE
    ../clib/microlib/ctype/ctype.c           0x00000000   Number         0  ctype_o.o ABSOLUTE
    ../clib/microlib/ctype/ctype.c           0x00000000   Number         0  isalnum_o.o ABSOLUTE
    ../clib/microlib/ctype/ctype.c           0x00000000   Number         0  isalpha_o.o ABSOLUTE
    ../clib/microlib/ctype/ctype.c           0x00000000   Number         0  isblank_o.o ABSOLUTE
    ../clib/microlib/ctype/ctype.c           0x00000000   Number         0  iscntrl_o.o ABSOLUTE
    ../clib/microlib/ctype/ctype.c           0x00000000   Number         0  isdigit_o.o ABSOLUTE
    ../clib/microlib/ctype/ctype.c           0x00000000   Number         0  isgraph_o.o ABSOLUTE
    ../clib/microlib/ctype/ctype.c           0x00000000   Number         0  islower_o.o ABSOLUTE
    ../clib/microlib/ctype/ctype.c           0x00000000   Number         0  isprint_o.o ABSOLUTE
    ../clib/microlib/ctype/ctype.c           0x00000000   Number         0  ispunct_o.o ABSOLUTE
    ../clib/microlib/ctype/ctype.c           0x00000000   Number         0  isspace_o.o ABSOLUTE
    ../clib/microlib/ctype/ctype.c           0x00000000   Number         0  isupper_o.o ABSOLUTE
    ../clib/microlib/ctype/ctype.c           0x00000000   Number         0  isxdigit_o.o ABSOLUTE
    ../clib/microlib/ctype/tolower.c         0x00000000   Number         0  tolower.o ABSOLUTE
    ../clib/microlib/errno.c                 0x00000000   Number         0  errno.o ABSOLUTE
    ../clib/microlib/init/entry.s            0x00000000   Number         0  entry.o ABSOLUTE
    ../clib/microlib/init/entry.s            0x00000000   Number         0  entry2.o ABSOLUTE
    ../clib/microlib/init/entry.s            0x00000000   Number         0  entry5.o ABSOLUTE
    ../clib/microlib/init/entry.s            0x00000000   Number         0  entry7a.o ABSOLUTE
    ../clib/microlib/init/entry.s            0x00000000   Number         0  entry7b.o ABSOLUTE
    ../clib/microlib/init/entry.s            0x00000000   Number         0  entry8a.o ABSOLUTE
    ../clib/microlib/init/entry.s            0x00000000   Number         0  entry8b.o ABSOLUTE
    ../clib/microlib/init/entry.s            0x00000000   Number         0  entry9a.o ABSOLUTE
    ../clib/microlib/init/entry.s            0x00000000   Number         0  entry9b.o ABSOLUTE
    ../clib/microlib/init/entry.s            0x00000000   Number         0  entry10a.o ABSOLUTE
    ../clib/microlib/init/entry.s            0x00000000   Number         0  entry10b.o ABSOLUTE
    ../clib/microlib/init/entry.s            0x00000000   Number         0  entry11a.o ABSOLUTE
    ../clib/microlib/init/entry.s            0x00000000   Number         0  entry11b.o ABSOLUTE
    ../clib/microlib/longlong.c              0x00000000   Number         0  llushr.o ABSOLUTE
    ../clib/microlib/longlong.c              0x00000000   Number         0  llshl.o ABSOLUTE
    ../clib/microlib/string/memset.c         0x00000000   Number         0  memseta.o ABSOLUTE
    ../clib/microlib/string/strcmp.c         0x00000000   Number         0  strcmp.o ABSOLUTE
    ../clib/microlib/string/strcpy.c         0x00000000   Number         0  strcpy.o ABSOLUTE
    ../clib/microlib/string/strlen.c         0x00000000   Number         0  strlen.o ABSOLUTE
    ../clib/microlib/string/strtok.c         0x00000000   Number         0  strtok.o ABSOLUTE
    ../clib/microlib/string/strtok.c         0x00000000   Number         0  strtok_r.o ABSOLUTE
    ../clib/microlib/stubs.s                 0x00000000   Number         0  iusefp.o ABSOLUTE
    ../clib/scanf.c                          0x00000000   Number         0  atoi.o ABSOLUTE
    ../clib/scanf.c                          0x00000000   Number         0  strtol.o ABSOLUTE
    ../clib/scanf.c                          0x00000000   Number         0  _strtoul.o ABSOLUTE
    ../clib/scanf.c                          0x00000000   Number         0  _chval.o ABSOLUTE
    ../fplib/microlib/fpdiv.c                0x00000000   Number         0  ddiv.o ABSOLUTE
    ../fplib/microlib/fpepilogue.c           0x00000000   Number         0  depilogue.o ABSOLUTE
    ../fplib/microlib/fpfix.c                0x00000000   Number         0  dfixi.o ABSOLUTE
    ../fplib/microlib/fpflt.c                0x00000000   Number         0  dflti.o ABSOLUTE
    ..\RTOS_Labs_common\osasm.s              0x00000000   Number         0  osasm.o ABSOLUTE
    ..\inc\PID_stm32.s                       0x00000000   Number         0  pid_stm32.o ABSOLUTE
    ..\inc\cr4_fft_64_stm32.s                0x00000000   Number         0  cr4_fft_64_stm32.o ABSOLUTE
    ADC.c                                    0x00000000   Number         0  adc.o ABSOLUTE
    ADCSWTrigger.c                           0x00000000   Number         0  adcswtrigger.o ABSOLUTE
    ADCT0ATrigger.c                          0x00000000   Number         0  adct0atrigger.o ABSOLUTE
    IRDistance.c                             0x00000000   Number         0  irdistance.o ABSOLUTE
    Interpreter.c                            0x00000000   Number         0  interpreter.o ABSOLUTE
    LPF.c                                    0x00000000   Number         0  lpf.o ABSOLUTE
    Lab2.c                                   0x00000000   Number         0  lab2.o ABSOLUTE
    LaunchPad.c                              0x00000000   Number         0  launchpad.o ABSOLUTE
    OS.c                                     0x00000000   Number         0  os.o ABSOLUTE
    PLL.c                                    0x00000000   Number         0  pll.o ABSOLUTE
    ST7735.c                                 0x00000000   Number         0  st7735.o ABSOLUTE
    Timer0A.c                                0x00000000   Number         0  timer0a.o ABSOLUTE
    Timer1A.c                                0x00000000   Number         0  timer1a.o ABSOLUTE
    Timer2A.c                                0x00000000   Number         0  timer2a.o ABSOLUTE
    Timer3A.c                                0x00000000   Number         0  timer3a.o ABSOLUTE
    Timer4A.c                                0x00000000   Number         0  timer4a.o ABSOLUTE
    Timer5A.c                                0x00000000   Number         0  timer5a.o ABSOLUTE
    UART0int.c                               0x00000000   Number         0  uart0int.o ABSOLUTE
    WTimer0A.c                               0x00000000   Number         0  wtimer0a.o ABSOLUTE
    dc.s                                     0x00000000   Number         0  dc.o ABSOLUTE
    eDisk.c                                  0x00000000   Number         0  edisk.o ABSOLUTE
    efile.c                                  0x00000000   Number         0  efile.o ABSOLUTE
    handlers.s                               0x00000000   Number         0  handlers.o ABSOLUTE
    init.s                                   0x00000000   Number         0  init.o ABSOLUTE
    startup.s                                0x00000000   Number         0  startup.o ABSOLUTE
    RESET                                    0x00000000   Section      644  startup.o(RESET)
    .ARM.Collect$$$$00000000                 0x00000284   Section        0  entry.o(.ARM.Collect$$$$00000000)
    .ARM.Collect$$$$00000001                 0x00000284   Section        4  entry2.o(.ARM.Collect$$$$00000001)
    .ARM.Collect$$$$00000004                 0x00000288   Section        4  entry5.o(.ARM.Collect$$$$00000004)
    .ARM.Collect$$$$00000008                 0x0000028c   Section        0  entry7b.o(.ARM.Collect$$$$00000008)
    .ARM.Collect$$$$0000000A                 0x0000028c   Section        0  entry8b.o(.ARM.Collect$$$$0000000A)
    .ARM.Collect$$$$0000000B                 0x0000028c   Section        8  entry9a.o(.ARM.Collect$$$$0000000B)
    __lit__00000000                          0x00000294   Data           4  entry2.o(.ARM.Collect$$$$00002712)
    .ARM.Collect$$$$0000000D                 0x00000294   Section        0  entry10a.o(.ARM.Collect$$$$0000000D)
    .ARM.Collect$$$$0000000F                 0x00000294   Section        0  entry11a.o(.ARM.Collect$$$$0000000F)
    .ARM.Collect$$$$00002712                 0x00000294   Section        4  entry2.o(.ARM.Collect$$$$00002712)
    .text                                    0x00000298   Section       28  startup.o(.text)
    .text                                    0x000002b4   Section      718  cr4_fft_64_stm32.o(.text)
    .text                                    0x00000584   Section       72  pid_stm32.o(.text)
    .text                                    0x000005cc   Section      172  osasm.o(.text)
    .text                                    0x00000678   Section        0  tolower.o(.text)
    .text                                    0x00000684   Section        0  memseta.o(.text)
    .text                                    0x000006a8   Section        0  strlen.o(.text)
    .text                                    0x000006b6   Section        0  strcmp.o(.text)
    .text                                    0x000006d2   Section        0  strcpy.o(.text)
    .text                                    0x000006e4   Section        0  strtok.o(.text)
    .text                                    0x00000728   Section        0  atoi.o(.text)
    .text                                    0x00000742   Section        0  ddiv.o(.text)
    .text                                    0x00000820   Section        0  dflti.o(.text)
    .text                                    0x00000842   Section        0  dfixi.o(.text)
    .text                                    0x00000880   Section        0  llushr.o(.text)
    .text                                    0x000008a0   Section        0  strtol.o(.text)
    .text                                    0x00000910   Section        0  iusefp.o(.text)
    .text                                    0x00000910   Section        0  depilogue.o(.text)
    .text                                    0x000009cc   Section       48  init.o(.text)
    .text                                    0x000009fc   Section        0  llshl.o(.text)
    .text                                    0x00000a1c   Section        0  ctype_o.o(.text)
    .text                                    0x00000a24   Section        0  _strtoul.o(.text)
    .text                                    0x00000ac2   Section        0  _chval.o(.text)
    .text                                    0x00000ade   Section        0  __dczerorl.o(.text)
    [Anonymous Symbol]                       0x00000b18   Section        0  adct0atrigger.o(.text.ADC0Seq0_Handler)
    [Anonymous Symbol]                       0x00000b38   Section        0  adct0atrigger.o(.text.ADC0Seq3_Handler)
    [Anonymous Symbol]                       0x00000b54   Section        0  adcswtrigger.o(.text.ADC0_InSeq3)
    [Anonymous Symbol]                       0x00000b74   Section        0  adcswtrigger.o(.text.ADC0_InitSWTriggerSeq3)
    [Anonymous Symbol]                       0x00000d68   Section        0  adct0atrigger.o(.text.ADC0_InitTimer0ATriggerSeq0)
    [Anonymous Symbol]                       0x00000fa8   Section        0  adc.o(.text.ADC_In)
    [Anonymous Symbol]                       0x00000fac   Section        0  adc.o(.text.ADC_Init)
    [Anonymous Symbol]                       0x00000fb8   Section        0  lab2.o(.text.ButtonWork)
    [Anonymous Symbol]                       0x0000107c   Section        0  edisk.o(.text.CS_Init)
    [Anonymous Symbol]                       0x000010e8   Section        0  lab2.o(.text.Consumer)
    [Anonymous Symbol]                       0x0000118c   Section        0  lab2.o(.text.DAS)
    [Anonymous Symbol]                       0x00001254   Section        0  lab2.o(.text.Display)
    [Anonymous Symbol]                       0x00001324   Section        0  lpf.o(.text.Filter)
    [Anonymous Symbol]                       0x000013ac   Section        0  os.o(.text.GPIOPortF_Handler)
    [Anonymous Symbol]                       0x0000145c   Section        0  irdistance.o(.text.IRDistance_Convert)
    [Anonymous Symbol]                       0x00001494   Section        0  interpreter.o(.text.Interpreter)
    [Anonymous Symbol]                       0x000015cc   Section        0  launchpad.o(.text.LaunchPad_Init)
    [Anonymous Symbol]                       0x00001614   Section        0  os.o(.text.OS_AddPeriodicThread)
    [Anonymous Symbol]                       0x000016c8   Section        0  os.o(.text.OS_AddSW1Task)
    [Anonymous Symbol]                       0x000017a0   Section        0  os.o(.text.OS_AddThread)
    [Anonymous Symbol]                       0x00001850   Section        0  os.o(.text.OS_ClearMsTime)
    [Anonymous Symbol]                       0x00001860   Section        0  os.o(.text.OS_Fifo_Get)
    [Anonymous Symbol]                       0x000018a4   Section        0  os.o(.text.OS_Fifo_Init)
    [Anonymous Symbol]                       0x000018c4   Section        0  os.o(.text.OS_Fifo_Put)
    [Anonymous Symbol]                       0x00001908   Section        0  os.o(.text.OS_Id)
    [Anonymous Symbol]                       0x00001918   Section        0  os.o(.text.OS_IncrementTime)
    [Anonymous Symbol]                       0x00001928   Section        0  os.o(.text.OS_Init)
    [Anonymous Symbol]                       0x000019a0   Section        0  os.o(.text.OS_InitSemaphore)
    [Anonymous Symbol]                       0x000019a4   Section        0  os.o(.text.OS_Kill)
    [Anonymous Symbol]                       0x00001a04   Section        0  os.o(.text.OS_Launch)
    [Anonymous Symbol]                       0x00001a34   Section        0  os.o(.text.OS_MailBox_Init)
    [Anonymous Symbol]                       0x00001a50   Section        0  os.o(.text.OS_MailBox_Recv)
    [Anonymous Symbol]                       0x00001a90   Section        0  os.o(.text.OS_MailBox_Send)
    [Anonymous Symbol]                       0x00001ad0   Section        0  os.o(.text.OS_MsTime)
    [Anonymous Symbol]                       0x00001adc   Section        0  os.o(.text.OS_Sleep)
    [Anonymous Symbol]                       0x00001b68   Section        0  os.o(.text.OS_Time)
    [Anonymous Symbol]                       0x00001b74   Section        0  os.o(.text.OS_TimeDifference)
    [Anonymous Symbol]                       0x00001b98   Section        0  os.o(.text.OS_bSignal)
    [Anonymous Symbol]                       0x00001bac   Section        0  os.o(.text.OS_bWait)
    [Anonymous Symbol]                       0x00001bd8   Section        0  lab2.o(.text.PID)
    [Anonymous Symbol]                       0x00001c74   Section        0  pll.o(.text.PLL_Init)
    [Anonymous Symbol]                       0x00001ce0   Section        0  lab2.o(.text.Producer)
    [Anonymous Symbol]                       0x00001d14   Section        0  st7735.o(.text.ST7735_DrawCharS)
    [Anonymous Symbol]                       0x00001e04   Section        0  st7735.o(.text.ST7735_DrawFastHLine)
    [Anonymous Symbol]                       0x00001ed4   Section        0  st7735.o(.text.ST7735_DrawPixel)
    [Anonymous Symbol]                       0x00001f94   Section        0  st7735.o(.text.ST7735_FillRect)
    [Anonymous Symbol]                       0x00002090   Section        0  st7735.o(.text.ST7735_FillScreen)
    [Anonymous Symbol]                       0x000020d4   Section        0  st7735.o(.text.ST7735_InitR)
    [Anonymous Symbol]                       0x00002208   Section        0  st7735.o(.text.ST7735_Message)
    [Anonymous Symbol]                       0x000022a4   Section        0  st7735.o(.text.ST7735_MessageDelay)
    [Anonymous Symbol]                       0x0000234c   Section        0  st7735.o(.text.ST7735_MessageNum)
    [Anonymous Symbol]                       0x000023f8   Section        0  st7735.o(.text.ST7735_OutChar)
    [Anonymous Symbol]                       0x00002560   Section        0  st7735.o(.text.ST7735_OutUDec)
    [Anonymous Symbol]                       0x00002688   Section        0  lab2.o(.text.SW1Push)
    [Anonymous Symbol]                       0x000026bc   Section        0  os.o(.text.SysTick_Handler)
    [Anonymous Symbol]                       0x00002774   Section        0  timer0a.o(.text.Timer0A_Handler)
    [Anonymous Symbol]                       0x0000278c   Section        0  timer1a.o(.text.Timer1A_Handler)
    [Anonymous Symbol]                       0x000027a4   Section        0  timer1a.o(.text.Timer1A_Init)
    [Anonymous Symbol]                       0x00002818   Section        0  timer2a.o(.text.Timer2A_Handler)
    [Anonymous Symbol]                       0x00002830   Section        0  timer2a.o(.text.Timer2A_Init)
    [Anonymous Symbol]                       0x000028a4   Section        0  timer3a.o(.text.Timer3A_Handler)
    [Anonymous Symbol]                       0x000028bc   Section        0  timer3a.o(.text.Timer3A_Init)
    [Anonymous Symbol]                       0x00002930   Section        0  timer4a.o(.text.Timer4A_Handler)
    [Anonymous Symbol]                       0x00002948   Section        0  timer4a.o(.text.Timer4A_Init)
    [Anonymous Symbol]                       0x000029bc   Section        0  timer5a.o(.text.Timer5A_Handler)
    [Anonymous Symbol]                       0x000029d4   Section        0  timer5a.o(.text.Timer5A_Init)
    [Anonymous Symbol]                       0x00002a48   Section        0  uart0int.o(.text.UART0_Handler)
    [Anonymous Symbol]                       0x00002b98   Section        0  uart0int.o(.text.UART_InString)
    [Anonymous Symbol]                       0x00002d38   Section        0  uart0int.o(.text.UART_Init)
    [Anonymous Symbol]                       0x00002e08   Section        0  uart0int.o(.text.UART_OutChar)
    [Anonymous Symbol]                       0x00002ea4   Section        0  uart0int.o(.text.UART_OutString)
    [Anonymous Symbol]                       0x00002f4c   Section        0  uart0int.o(.text.UART_OutUDec)
    [Anonymous Symbol]                       0x00003004   Section        0  wtimer0a.o(.text.WideTimer0A_Handler)
    [Anonymous Symbol]                       0x0000301c   Section        0  interpreter.o(.text.clear)
    commandList                              0x0000303d   Thumb Code   218  st7735.o(.text.commandList)
    [Anonymous Symbol]                       0x0000303c   Section        0  st7735.o(.text.commandList)
    commonInit                               0x00003119   Thumb Code   414  st7735.o(.text.commonInit)
    [Anonymous Symbol]                       0x00003118   Section        0  st7735.o(.text.commonInit)
    [Anonymous Symbol]                       0x000032b8   Section        0  adct0atrigger.o(.text.dummyADC)
    [Anonymous Symbol]                       0x000032bc   Section        0  st7735.o(.text.fillmessage)
    [Anonymous Symbol]                       0x00003304   Section        0  interpreter.o(.text.getTime)
    [Anonymous Symbol]                       0x0000331c   Section        0  interpreter.o(.text.help)
    [Anonymous Symbol]                       0x0000340c   Section        0  lab2.o(.text.main)
    [Anonymous Symbol]                       0x00003418   Section        0  interpreter.o(.text.printADC)
    [Anonymous Symbol]                       0x00003448   Section        0  lab2.o(.text.realmain)
    setAddrWindow                            0x00003569   Thumb Code   604  st7735.o(.text.setAddrWindow)
    [Anonymous Symbol]                       0x00003568   Section        0  st7735.o(.text.setAddrWindow)
    [Anonymous Symbol]                       0x000037c4   Section        0  interpreter.o(.text.writeToLCD)
    i.__aeabi_errno_addr                     0x00003804   Section        0  errno.o(i.__aeabi_errno_addr)
    i.__scatterload_copy                     0x0000380c   Section       14  handlers.o(i.__scatterload_copy)
    i.__scatterload_null                     0x0000381a   Section        2  handlers.o(i.__scatterload_null)
    i.__scatterload_zeroinit                 0x0000381c   Section       14  handlers.o(i.__scatterload_zeroinit)
    .constdata                               0x0000382a   Section      129  ctype_o.o(.constdata)
    table                                    0x000038ac   Data           4  ctype_o.o(.constdata)
    .constdata                               0x000038ac   Section        4  ctype_o.o(.constdata)
    Font                                     0x000038d0   Data        1275  st7735.o(.rodata.Font)
    [Anonymous Symbol]                       0x000038d0   Section        0  st7735.o(.rodata.Font)
    Rcmd1                                    0x00003de0   Data          59  st7735.o(.rodata.Rcmd1)
    [Anonymous Symbol]                       0x00003de0   Section        0  st7735.o(.rodata.Rcmd1)
    Rcmd2green                               0x00003e1b   Data          13  st7735.o(.rodata.Rcmd2green)
    [Anonymous Symbol]                       0x00003e1b   Section        0  st7735.o(.rodata.Rcmd2green)
    Rcmd2red                                 0x00003e28   Data          13  st7735.o(.rodata.Rcmd2red)
    [Anonymous Symbol]                       0x00003e28   Section        0  st7735.o(.rodata.Rcmd2red)
    Rcmd3                                    0x00003e35   Data          43  st7735.o(.rodata.Rcmd3)
    [Anonymous Symbol]                       0x00003e35   Section        0  st7735.o(.rodata.Rcmd3)
    .L.str.1                                 0x00003e60   Data           5  interpreter.o(.rodata.str1.1)
    [Anonymous Symbol]                       0x00003e60   Section        0  interpreter.o(.rodata.str1.1)
    .L.str.2                                 0x00003e65   Data          70  interpreter.o(.rodata.str1.1)
    .L.str                                   0x00003eab   Data          22  st7735.o(.rodata.str1.1)
    [Anonymous Symbol]                       0x00003eab   Section        0  st7735.o(.rodata.str1.1)
    state                                    0x20000000   Data           4  strtok.o(.data)
    .data                                    0x20000000   Section        4  strtok.o(.data)
    _errno                                   0x20000004   Data           4  errno.o(.data)
    .data                                    0x20000004   Section        4  errno.o(.data)
    Filter.n                                 0x200001ac   Data           4  lpf.o(.data.Filter.n)
    [Anonymous Symbol]                       0x200001ac   Section        0  lpf.o(.data.Filter.n)
    ColStart                                 0x200001c4   Data           1  st7735.o(.bss.ColStart)
    [Anonymous Symbol]                       0x200001c4   Section        0  st7735.o(.bss.ColStart)
    DAS.LastTime                             0x200001c8   Data           4  lab2.o(.bss.DAS.LastTime)
    [Anonymous Symbol]                       0x200001c8   Section        0  lab2.o(.bss.DAS.LastTime)
    Filter.x                                 0x200001d8   Data          24  lpf.o(.bss.Filter.x)
    [Anonymous Symbol]                       0x200001d8   Section        0  lpf.o(.bss.Filter.x)
    Filter.y                                 0x200001f0   Data          24  lpf.o(.bss.Filter.y)
    [Anonymous Symbol]                       0x200001f0   Section        0  lpf.o(.bss.Filter.y)
    GPIOPortF_Handler.lastPressTimePF0       0x2000020c   Data           4  os.o(.bss.GPIOPortF_Handler.lastPressTimePF0)
    [Anonymous Symbol]                       0x2000020c   Section        0  os.o(.bss.GPIOPortF_Handler.lastPressTimePF0)
    GPIOPortF_Handler.lastPressTimePF4       0x20000210   Data           4  os.o(.bss.GPIOPortF_Handler.lastPressTimePF4)
    [Anonymous Symbol]                       0x20000210   Section        0  os.o(.bss.GPIOPortF_Handler.lastPressTimePF4)
    RowStart                                 0x2000035e   Data           1  st7735.o(.bss.RowStart)
    [Anonymous Symbol]                       0x2000035e   Section        0  st7735.o(.bss.RowStart)
    RxFifo                                   0x20000364   Data        1024  uart0int.o(.bss.RxFifo)
    [Anonymous Symbol]                       0x20000364   Section        0  uart0int.o(.bss.RxFifo)
    TabColor                                 0x20000868   Data           1  st7735.o(.bss.TabColor)
    [Anonymous Symbol]                       0x20000868   Section        0  st7735.o(.bss.TabColor)
    TxFifo                                   0x20000869   Data        1024  uart0int.o(.bss.TxFifo)
    [Anonymous Symbol]                       0x20000869   Section        0  uart0int.o(.bss.TxFifo)
    _height                                  0x20000c78   Data           1  st7735.o(.bss._height)
    [Anonymous Symbol]                       0x20000c78   Section        0  st7735.o(.bss._height)
    _width                                   0x20000c7a   Data           1  st7735.o(.bss._width)
    [Anonymous Symbol]                       0x20000c7a   Section        0  st7735.o(.bss._width)
    StackMem                                 0x200022f8   Data           0  startup.o(STACK)
    STACK                                    0x200022f8   Section     1024  startup.o(STACK)

    Global Symbols

    Symbol Name                              Value     Ov Type        Size  Object(Section)

    BuildAttributes$$THM_ISAv4$E$P$D$K$B$S$7EM$PE$A:L22UL41UL21$X:L11$S22US41US21$IEEE1$IW$~IW$USESV6$~STKCKD$USESV7$~SHL$OTIME$ROPI$EBA8$MICROLIB$REQ8$PRES8$EABIv2 0x00000000   Number         0  anon$$obj.o ABSOLUTE
    __Vectors                                0x00000000   Data           0  startup.o(RESET)
    __cpp_initialize__aeabi_                  - Undefined Weak Reference
    __cxa_finalize                            - Undefined Weak Reference
    _clock_init                               - Undefined Weak Reference
    _microlib_exit                            - Undefined Weak Reference
    Reset_Handler                            0x0000026d   Thumb Code     0  startup.o(RESET)
    NMI_Handler                              0x00000271   Thumb Code     2  startup.o(RESET)
    HardFault_Handler                        0x00000273   Thumb Code     2  startup.o(RESET)
    MemManage_Handler                        0x00000275   Thumb Code     2  startup.o(RESET)
    BusFault_Handler                         0x00000277   Thumb Code     2  startup.o(RESET)
    UsageFault_Handler                       0x00000279   Thumb Code     2  startup.o(RESET)
    DebugMon_Handler                         0x0000027d   Thumb Code     2  startup.o(RESET)
    ADC0Seq1_Handler                         0x00000283   Thumb Code     0  startup.o(RESET)
    ADC0Seq2_Handler                         0x00000283   Thumb Code     0  startup.o(RESET)
    ADC1Seq0_Handler                         0x00000283   Thumb Code     0  startup.o(RESET)
    ADC1Seq1_Handler                         0x00000283   Thumb Code     0  startup.o(RESET)
    ADC1Seq2_Handler                         0x00000283   Thumb Code     0  startup.o(RESET)
    ADC1Seq3_Handler                         0x00000283   Thumb Code     0  startup.o(RESET)
    CAN0_Handler                             0x00000283   Thumb Code     0  startup.o(RESET)
    CAN1_Handler                             0x00000283   Thumb Code     0  startup.o(RESET)
    CAN2_Handler                             0x00000283   Thumb Code     0  startup.o(RESET)
    Comp0_Handler                            0x00000283   Thumb Code     0  startup.o(RESET)
    Comp1_Handler                            0x00000283   Thumb Code     0  startup.o(RESET)
    Comp2_Handler                            0x00000283   Thumb Code     0  startup.o(RESET)
    Ethernet_Handler                         0x00000283   Thumb Code     0  startup.o(RESET)
    ExtBus_Handler                           0x00000283   Thumb Code     0  startup.o(RESET)
    FPU_Handler                              0x00000283   Thumb Code     0  startup.o(RESET)
    Fan0_Handler                             0x00000283   Thumb Code     0  startup.o(RESET)
    FlashCtl_Handler                         0x00000283   Thumb Code     0  startup.o(RESET)
    GPIOPortA_Handler                        0x00000283   Thumb Code     0  startup.o(RESET)
    GPIOPortB_Handler                        0x00000283   Thumb Code     0  startup.o(RESET)
    GPIOPortC_Handler                        0x00000283   Thumb Code     0  startup.o(RESET)
    GPIOPortD_Handler                        0x00000283   Thumb Code     0  startup.o(RESET)
    GPIOPortE_Handler                        0x00000283   Thumb Code     0  startup.o(RESET)
    GPIOPortG_Handler                        0x00000283   Thumb Code     0  startup.o(RESET)
    GPIOPortH_Handler                        0x00000283   Thumb Code     0  startup.o(RESET)
    GPIOPortJ_Handler                        0x00000283   Thumb Code     0  startup.o(RESET)
    GPIOPortK_Handler                        0x00000283   Thumb Code     0  startup.o(RESET)
    GPIOPortL_Handler                        0x00000283   Thumb Code     0  startup.o(RESET)
    GPIOPortM_Handler                        0x00000283   Thumb Code     0  startup.o(RESET)
    GPIOPortN_Handler                        0x00000283   Thumb Code     0  startup.o(RESET)
    GPIOPortP1_Handler                       0x00000283   Thumb Code     0  startup.o(RESET)
    GPIOPortP2_Handler                       0x00000283   Thumb Code     0  startup.o(RESET)
    GPIOPortP3_Handler                       0x00000283   Thumb Code     0  startup.o(RESET)
    GPIOPortP4_Handler                       0x00000283   Thumb Code     0  startup.o(RESET)
    GPIOPortP5_Handler                       0x00000283   Thumb Code     0  startup.o(RESET)
    GPIOPortP6_Handler                       0x00000283   Thumb Code     0  startup.o(RESET)
    GPIOPortP7_Handler                       0x00000283   Thumb Code     0  startup.o(RESET)
    GPIOPortP_Handler                        0x00000283   Thumb Code     0  startup.o(RESET)
    GPIOPortQ1_Handler                       0x00000283   Thumb Code     0  startup.o(RESET)
    GPIOPortQ2_Handler                       0x00000283   Thumb Code     0  startup.o(RESET)
    GPIOPortQ3_Handler                       0x00000283   Thumb Code     0  startup.o(RESET)
    GPIOPortQ4_Handler                       0x00000283   Thumb Code     0  startup.o(RESET)
    GPIOPortQ5_Handler                       0x00000283   Thumb Code     0  startup.o(RESET)
    GPIOPortQ6_Handler                       0x00000283   Thumb Code     0  startup.o(RESET)
    GPIOPortQ7_Handler                       0x00000283   Thumb Code     0  startup.o(RESET)
    GPIOPortQ_Handler                        0x00000283   Thumb Code     0  startup.o(RESET)
    GPIOPortR_Handler                        0x00000283   Thumb Code     0  startup.o(RESET)
    GPIOPortS_Handler                        0x00000283   Thumb Code     0  startup.o(RESET)
    Hibernate_Handler                        0x00000283   Thumb Code     0  startup.o(RESET)
    I2C0_Handler                             0x00000283   Thumb Code     0  startup.o(RESET)
    I2C1_Handler                             0x00000283   Thumb Code     0  startup.o(RESET)
    I2C2_Handler                             0x00000283   Thumb Code     0  startup.o(RESET)
    I2C3_Handler                             0x00000283   Thumb Code     0  startup.o(RESET)
    I2C4_Handler                             0x00000283   Thumb Code     0  startup.o(RESET)
    I2C5_Handler                             0x00000283   Thumb Code     0  startup.o(RESET)
    I2S0_Handler                             0x00000283   Thumb Code     0  startup.o(RESET)
    LPC0_Handler                             0x00000283   Thumb Code     0  startup.o(RESET)
    PECI0_Handler                            0x00000283   Thumb Code     0  startup.o(RESET)
    PWM0Fault_Handler                        0x00000283   Thumb Code     0  startup.o(RESET)
    PWM0Generator0_Handler                   0x00000283   Thumb Code     0  startup.o(RESET)
    PWM0Generator1_Handler                   0x00000283   Thumb Code     0  startup.o(RESET)
    PWM0Generator2_Handler                   0x00000283   Thumb Code     0  startup.o(RESET)
    PWM0Generator3_Handler                   0x00000283   Thumb Code     0  startup.o(RESET)
    PWM1Fault_Handler                        0x00000283   Thumb Code     0  startup.o(RESET)
    PWM1Generator0_Handler                   0x00000283   Thumb Code     0  startup.o(RESET)
    PWM1Generator1_Handler                   0x00000283   Thumb Code     0  startup.o(RESET)
    PWM1Generator2_Handler                   0x00000283   Thumb Code     0  startup.o(RESET)
    PWM1Generator3_Handler                   0x00000283   Thumb Code     0  startup.o(RESET)
    Quadrature0_Handler                      0x00000283   Thumb Code     0  startup.o(RESET)
    Quadrature1_Handler                      0x00000283   Thumb Code     0  startup.o(RESET)
    Quadrature2_Handler                      0x00000283   Thumb Code     0  startup.o(RESET)
    SSI0_Handler                             0x00000283   Thumb Code     0  startup.o(RESET)
    SSI1_Handler                             0x00000283   Thumb Code     0  startup.o(RESET)
    SSI2_Handler                             0x00000283   Thumb Code     0  startup.o(RESET)
    SSI3_Handler                             0x00000283   Thumb Code     0  startup.o(RESET)
    SysCtl_Handler                           0x00000283   Thumb Code     0  startup.o(RESET)
    Timer0B_Handler                          0x00000283   Thumb Code     0  startup.o(RESET)
    Timer1B_Handler                          0x00000283   Thumb Code     0  startup.o(RESET)
    Timer2B_Handler                          0x00000283   Thumb Code     0  startup.o(RESET)
    Timer3B_Handler                          0x00000283   Thumb Code     0  startup.o(RESET)
    Timer4B_Handler                          0x00000283   Thumb Code     0  startup.o(RESET)
    Timer5B_Handler                          0x00000283   Thumb Code     0  startup.o(RESET)
    UART1_Handler                            0x00000283   Thumb Code     0  startup.o(RESET)
    UART2_Handler                            0x00000283   Thumb Code     0  startup.o(RESET)
    UART3_Handler                            0x00000283   Thumb Code     0  startup.o(RESET)
    UART4_Handler                            0x00000283   Thumb Code     0  startup.o(RESET)
    UART5_Handler                            0x00000283   Thumb Code     0  startup.o(RESET)
    UART6_Handler                            0x00000283   Thumb Code     0  startup.o(RESET)
    UART7_Handler                            0x00000283   Thumb Code     0  startup.o(RESET)
    USB0_Handler                             0x00000283   Thumb Code     0  startup.o(RESET)
    WDT_Handler                              0x00000283   Thumb Code     0  startup.o(RESET)
    WideTimer0B_Handler                      0x00000283   Thumb Code     0  startup.o(RESET)
    WideTimer1A_Handler                      0x00000283   Thumb Code     0  startup.o(RESET)
    WideTimer1B_Handler                      0x00000283   Thumb Code     0  startup.o(RESET)
    WideTimer2A_Handler                      0x00000283   Thumb Code     0  startup.o(RESET)
    WideTimer2B_Handler                      0x00000283   Thumb Code     0  startup.o(RESET)
    WideTimer3A_Handler                      0x00000283   Thumb Code     0  startup.o(RESET)
    WideTimer3B_Handler                      0x00000283   Thumb Code     0  startup.o(RESET)
    WideTimer4A_Handler                      0x00000283   Thumb Code     0  startup.o(RESET)
    WideTimer4B_Handler                      0x00000283   Thumb Code     0  startup.o(RESET)
    WideTimer5A_Handler                      0x00000283   Thumb Code     0  startup.o(RESET)
    WideTimer5B_Handler                      0x00000283   Thumb Code     0  startup.o(RESET)
    uDMA_Error                               0x00000283   Thumb Code     0  startup.o(RESET)
    uDMA_Handler                             0x00000283   Thumb Code     0  startup.o(RESET)
    __main                                   0x00000285   Thumb Code     0  entry.o(.ARM.Collect$$$$00000000)
    _main_stk                                0x00000285   Thumb Code     0  entry2.o(.ARM.Collect$$$$00000001)
    _main_scatterload                        0x00000289   Thumb Code     0  entry5.o(.ARM.Collect$$$$00000004)
    __main_after_scatterload                 0x0000028d   Thumb Code     0  entry5.o(.ARM.Collect$$$$00000004)
    _main_clock                              0x0000028d   Thumb Code     0  entry7b.o(.ARM.Collect$$$$00000008)
    _main_cpp_init                           0x0000028d   Thumb Code     0  entry8b.o(.ARM.Collect$$$$0000000A)
    _main_init                               0x0000028d   Thumb Code     0  entry9a.o(.ARM.Collect$$$$0000000B)
    __rt_final_cpp                           0x00000295   Thumb Code     0  entry10a.o(.ARM.Collect$$$$0000000D)
    __rt_final_exit                          0x00000295   Thumb Code     0  entry11a.o(.ARM.Collect$$$$0000000F)
    DisableInterrupts                        0x00000299   Thumb Code     0  startup.o(.text)
    EnableInterrupts                         0x0000029d   Thumb Code     0  startup.o(.text)
    StartCritical                            0x000002a1   Thumb Code     0  startup.o(.text)
    EndCritical                              0x000002a9   Thumb Code     0  startup.o(.text)
    WaitForInterrupt                         0x000002af   Thumb Code     0  startup.o(.text)
    cr4_fft_64_stm32                         0x000002b5   Thumb Code     0  cr4_fft_64_stm32.o(.text)
    PID_stm32                                0x00000585   Thumb Code     0  pid_stm32.o(.text)
    StartOS                                  0x000005cd   Thumb Code     0  osasm.o(.text)
    ContextSwitch                            0x000005ef   Thumb Code     0  osasm.o(.text)
    PendSV_Handler                           0x00000617   Thumb Code     0  osasm.o(.text)
    SVC_Handler                              0x00000655   Thumb Code     0  osasm.o(.text)
    Thread_Stack_init                        0x00000657   Thumb Code     0  osasm.o(.text)
    tolower                                  0x00000679   Thumb Code    12  tolower.o(.text)
    __aeabi_memset                           0x00000685   Thumb Code    14  memseta.o(.text)
    __aeabi_memset4                          0x00000685   Thumb Code     0  memseta.o(.text)
    __aeabi_memset8                          0x00000685   Thumb Code     0  memseta.o(.text)
    __aeabi_memclr                           0x00000693   Thumb Code     4  memseta.o(.text)
    __aeabi_memclr4                          0x00000693   Thumb Code     0  memseta.o(.text)
    __aeabi_memclr8                          0x00000693   Thumb Code     0  memseta.o(.text)
    _memset$wrapper                          0x00000697   Thumb Code    18  memseta.o(.text)
    strlen                                   0x000006a9   Thumb Code    14  strlen.o(.text)
    strcmp                                   0x000006b7   Thumb Code    28  strcmp.o(.text)
    strcpy                                   0x000006d3   Thumb Code    18  strcpy.o(.text)
    strtok                                   0x000006e5   Thumb Code    62  strtok.o(.text)
    atoi                                     0x00000729   Thumb Code    26  atoi.o(.text)
    __aeabi_ddiv                             0x00000743   Thumb Code   222  ddiv.o(.text)
    __aeabi_i2d                              0x00000821   Thumb Code    34  dflti.o(.text)
    __aeabi_d2iz                             0x00000843   Thumb Code    62  dfixi.o(.text)
    __aeabi_llsr                             0x00000881   Thumb Code    32  llushr.o(.text)
    _ll_ushift_r                             0x00000881   Thumb Code     0  llushr.o(.text)
    strtol                                   0x000008a1   Thumb Code   112  strtol.o(.text)
    __I$use$fp                               0x00000911   Thumb Code     0  iusefp.o(.text)
    _double_round                            0x00000911   Thumb Code    30  depilogue.o(.text)
    _double_epilogue                         0x0000092f   Thumb Code   156  depilogue.o(.text)
    __scatterload                            0x000009cd   Thumb Code    38  init.o(.text)
    __scatterload_rt2                        0x000009cd   Thumb Code     0  init.o(.text)
    __aeabi_llsl                             0x000009fd   Thumb Code    30  llshl.o(.text)
    _ll_shift_l                              0x000009fd   Thumb Code     0  llshl.o(.text)
    __rt_ctype_table                         0x00000a1d   Thumb Code     4  ctype_o.o(.text)
    _strtoul                                 0x00000a25   Thumb Code   158  _strtoul.o(.text)
    _chval                                   0x00000ac3   Thumb Code    28  _chval.o(.text)
    __decompress                             0x00000adf   Thumb Code     0  __dczerorl.o(.text)
    __decompress0                            0x00000adf   Thumb Code    58  __dczerorl.o(.text)
    ADC0Seq0_Handler                         0x00000b19   Thumb Code    30  adct0atrigger.o(.text.ADC0Seq0_Handler)
    ADC0Seq3_Handler                         0x00000b39   Thumb Code    28  adct0atrigger.o(.text.ADC0Seq3_Handler)
    ADC0_InSeq3                              0x00000b55   Thumb Code    32  adcswtrigger.o(.text.ADC0_InSeq3)
    ADC0_InitSWTriggerSeq3                   0x00000b75   Thumb Code   452  adcswtrigger.o(.text.ADC0_InitSWTriggerSeq3)
    ADC0_InitTimer0ATriggerSeq0              0x00000d69   Thumb Code   528  adct0atrigger.o(.text.ADC0_InitTimer0ATriggerSeq0)
    ADC_In                                   0x00000fa9   Thumb Code     4  adc.o(.text.ADC_In)
    ADC_Init                                 0x00000fad   Thumb Code    10  adc.o(.text.ADC_Init)
    ButtonWork                               0x00000fb9   Thumb Code   132  lab2.o(.text.ButtonWork)
    CS_Init                                  0x0000107d   Thumb Code   106  edisk.o(.text.CS_Init)
    Consumer                                 0x000010e9   Thumb Code   164  lab2.o(.text.Consumer)
    DAS                                      0x0000118d   Thumb Code   200  lab2.o(.text.DAS)
    Display                                  0x00001255   Thumb Code   160  lab2.o(.text.Display)
    Filter                                   0x00001325   Thumb Code   134  lpf.o(.text.Filter)
    GPIOPortF_Handler                        0x000013ad   Thumb Code   176  os.o(.text.GPIOPortF_Handler)
    IRDistance_Convert                       0x0000145d   Thumb Code    54  irdistance.o(.text.IRDistance_Convert)
    Interpreter                              0x00001495   Thumb Code   276  interpreter.o(.text.Interpreter)
    LaunchPad_Init                           0x000015cd   Thumb Code    70  launchpad.o(.text.LaunchPad_Init)
    OS_AddPeriodicThread                     0x00001615   Thumb Code   178  os.o(.text.OS_AddPeriodicThread)
    OS_AddSW1Task                            0x000016c9   Thumb Code   216  os.o(.text.OS_AddSW1Task)
    OS_AddThread                             0x000017a1   Thumb Code   176  os.o(.text.OS_AddThread)
    OS_ClearMsTime                           0x00001851   Thumb Code    14  os.o(.text.OS_ClearMsTime)
    OS_Fifo_Get                              0x00001861   Thumb Code    68  os.o(.text.OS_Fifo_Get)
    OS_Fifo_Init                             0x000018a5   Thumb Code    30  os.o(.text.OS_Fifo_Init)
    OS_Fifo_Put                              0x000018c5   Thumb Code    68  os.o(.text.OS_Fifo_Put)
    OS_Id                                    0x00001909   Thumb Code    14  os.o(.text.OS_Id)
    OS_IncrementTime                         0x00001919   Thumb Code    16  os.o(.text.OS_IncrementTime)
    OS_Init                                  0x00001929   Thumb Code   120  os.o(.text.OS_Init)
    OS_InitSemaphore                         0x000019a1   Thumb Code     4  os.o(.text.OS_InitSemaphore)
    OS_Kill                                  0x000019a5   Thumb Code    94  os.o(.text.OS_Kill)
    OS_Launch                                0x00001a05   Thumb Code    46  os.o(.text.OS_Launch)
    OS_MailBox_Init                          0x00001a35   Thumb Code    28  os.o(.text.OS_MailBox_Init)
    OS_MailBox_Recv                          0x00001a51   Thumb Code    62  os.o(.text.OS_MailBox_Recv)
    OS_MailBox_Send                          0x00001a91   Thumb Code    62  os.o(.text.OS_MailBox_Send)
    OS_MsTime                                0x00001ad1   Thumb Code    12  os.o(.text.OS_MsTime)
    OS_Sleep                                 0x00001add   Thumb Code   138  os.o(.text.OS_Sleep)
    OS_Time                                  0x00001b69   Thumb Code    12  os.o(.text.OS_Time)
    OS_TimeDifference                        0x00001b75   Thumb Code    36  os.o(.text.OS_TimeDifference)
    OS_bSignal                               0x00001b99   Thumb Code    20  os.o(.text.OS_bSignal)
    OS_bWait                                 0x00001bad   Thumb Code    42  os.o(.text.OS_bWait)
    PID                                      0x00001bd9   Thumb Code   154  lab2.o(.text.PID)
    PLL_Init                                 0x00001c75   Thumb Code   106  pll.o(.text.PLL_Init)
    Producer                                 0x00001ce1   Thumb Code    52  lab2.o(.text.Producer)
    ST7735_DrawCharS                         0x00001d15   Thumb Code   240  st7735.o(.text.ST7735_DrawCharS)
    ST7735_DrawFastHLine                     0x00001e05   Thumb Code   208  st7735.o(.text.ST7735_DrawFastHLine)
    ST7735_DrawPixel                         0x00001ed5   Thumb Code   190  st7735.o(.text.ST7735_DrawPixel)
    ST7735_FillRect                          0x00001f95   Thumb Code   252  st7735.o(.text.ST7735_FillRect)
    ST7735_FillScreen                        0x00002091   Thumb Code    68  st7735.o(.text.ST7735_FillScreen)
    ST7735_InitR                             0x000020d5   Thumb Code   306  st7735.o(.text.ST7735_InitR)
    ST7735_Message                           0x00002209   Thumb Code   156  st7735.o(.text.ST7735_Message)
    ST7735_MessageDelay                      0x000022a5   Thumb Code   168  st7735.o(.text.ST7735_MessageDelay)
    ST7735_MessageNum                        0x0000234d   Thumb Code   170  st7735.o(.text.ST7735_MessageNum)
    ST7735_OutChar                           0x000023f9   Thumb Code   358  st7735.o(.text.ST7735_OutChar)
    ST7735_OutUDec                           0x00002561   Thumb Code   294  st7735.o(.text.ST7735_OutUDec)
    SW1Push                                  0x00002689   Thumb Code    52  lab2.o(.text.SW1Push)
    SysTick_Handler                          0x000026bd   Thumb Code   182  os.o(.text.SysTick_Handler)
    Timer0A_Handler                          0x00002775   Thumb Code    22  timer0a.o(.text.Timer0A_Handler)
    Timer1A_Handler                          0x0000278d   Thumb Code    24  timer1a.o(.text.Timer1A_Handler)
    Timer1A_Init                             0x000027a5   Thumb Code   116  timer1a.o(.text.Timer1A_Init)
    Timer2A_Handler                          0x00002819   Thumb Code    24  timer2a.o(.text.Timer2A_Handler)
    Timer2A_Init                             0x00002831   Thumb Code   116  timer2a.o(.text.Timer2A_Init)
    Timer3A_Handler                          0x000028a5   Thumb Code    24  timer3a.o(.text.Timer3A_Handler)
    Timer3A_Init                             0x000028bd   Thumb Code   114  timer3a.o(.text.Timer3A_Init)
    Timer4A_Handler                          0x00002931   Thumb Code    24  timer4a.o(.text.Timer4A_Handler)
    Timer4A_Init                             0x00002949   Thumb Code   114  timer4a.o(.text.Timer4A_Init)
    Timer5A_Handler                          0x000029bd   Thumb Code    24  timer5a.o(.text.Timer5A_Handler)
    Timer5A_Init                             0x000029d5   Thumb Code   116  timer5a.o(.text.Timer5A_Init)
    UART0_Handler                            0x00002a49   Thumb Code   336  uart0int.o(.text.UART0_Handler)
    UART_InString                            0x00002b99   Thumb Code   414  uart0int.o(.text.UART_InString)
    UART_Init                                0x00002d39   Thumb Code   208  uart0int.o(.text.UART_Init)
    UART_OutChar                             0x00002e09   Thumb Code   156  uart0int.o(.text.UART_OutChar)
    UART_OutString                           0x00002ea5   Thumb Code   168  uart0int.o(.text.UART_OutString)
    UART_OutUDec                             0x00002f4d   Thumb Code   184  uart0int.o(.text.UART_OutUDec)
    WideTimer0A_Handler                      0x00003005   Thumb Code    24  wtimer0a.o(.text.WideTimer0A_Handler)
    clear                                    0x0000301d   Thumb Code    30  interpreter.o(.text.clear)
    dummyADC                                 0x000032b9   Thumb Code     2  adct0atrigger.o(.text.dummyADC)
    fillmessage                              0x000032bd   Thumb Code    70  st7735.o(.text.fillmessage)
    getTime                                  0x00003305   Thumb Code    22  interpreter.o(.text.getTime)
    help                                     0x0000331d   Thumb Code   228  interpreter.o(.text.help)
    main                                     0x0000340d   Thumb Code    10  lab2.o(.text.main)
    printADC                                 0x00003419   Thumb Code    36  interpreter.o(.text.printADC)
    realmain                                 0x00003449   Thumb Code   288  lab2.o(.text.realmain)
    writeToLCD                               0x000037c5   Thumb Code    64  interpreter.o(.text.writeToLCD)
    __aeabi_errno_addr                       0x00003805   Thumb Code     4  errno.o(i.__aeabi_errno_addr)
    __rt_errno_addr                          0x00003805   Thumb Code     0  errno.o(i.__aeabi_errno_addr)
    __scatterload_copy                       0x0000380d   Thumb Code    14  handlers.o(i.__scatterload_copy)
    __scatterload_null                       0x0000381b   Thumb Code     2  handlers.o(i.__scatterload_null)
    __scatterload_zeroinit                   0x0000381d   Thumb Code    14  handlers.o(i.__scatterload_zeroinit)
    __ctype_table                            0x0000382a   Data         129  ctype_o.o(.constdata)
    A                                        0x000038b0   Data          16  irdistance.o(.rodata.A)
    B                                        0x000038c0   Data          16  irdistance.o(.rodata.B)
    IRmax                                    0x00003dcc   Data          16  irdistance.o(.rodata.IRmax)
    JitterSize                               0x00003ddc   Data           4  os.o(.rodata.JitterSize)
    Region$$Table$$Base                      0x00003ec4   Number         0  anon$$obj.o(Region$$Table)
    Region$$Table$$Limit                     0x00003ee4   Number         0  anon$$obj.o(Region$$Table)
    CommandTable                             0x20000008   Data         420  interpreter.o(.data.CommandTable)
    StTextColor                              0x200001b0   Data           2  st7735.o(.data.StTextColor)
    ADCTask                                  0x200001b8   Data           4  adct0atrigger.o(.bss.ADCTask)
    Actuator                                 0x200001bc   Data           2  lab2.o(.bss.Actuator)
    Coeff                                    0x200001be   Data           6  lab2.o(.bss.Coeff)
    DASoutput                                0x200001cc   Data           4  lab2.o(.bss.DASoutput)
    DataLost                                 0x200001d0   Data           4  lab2.o(.bss.DataLost)
    FallingEdges                             0x200001d4   Data           4  os.o(.bss.FallingEdges)
    FilterWork                               0x20000208   Data           4  lab2.o(.bss.FilterWork)
    IntTerm                                  0x20000214   Data           2  lab2.o(.bss.IntTerm)
    JitterHistogram                          0x20000218   Data         256  os.o(.bss.JitterHistogram)
    LCDFree                                  0x20000318   Data           4  st7735.o(.bss.LCDFree)
    MaxJitter                                0x2000031c   Data           4  os.o(.bss.MaxJitter)
    Message                                  0x20000320   Data          12  st7735.o(.bss.Message)
    Messageindex                             0x2000032c   Data           4  st7735.o(.bss.Messageindex)
    NumCreated                               0x20000330   Data           4  lab2.o(.bss.NumCreated)
    NumSamples                               0x20000334   Data           4  lab2.o(.bss.NumSamples)
    OS_timeMs                                0x20000338   Data           4  os.o(.bss.OS_timeMs)
    PD3data                                  0x2000033c   Data           4  adct0atrigger.o(.bss.PD3data)
    PIDWork                                  0x20000340   Data           4  lab2.o(.bss.PIDWork)
    PeriodicTask0                            0x20000344   Data           4  timer0a.o(.bss.PeriodicTask0)
    PeriodicTask1                            0x20000348   Data           4  timer1a.o(.bss.PeriodicTask1)
    PeriodicTask2                            0x2000034c   Data           4  timer2a.o(.bss.PeriodicTask2)
    PeriodicTask3                            0x20000350   Data           4  timer3a.o(.bss.PeriodicTask3)
    PeriodicTask4                            0x20000354   Data           4  timer4a.o(.bss.PeriodicTask4)
    PeriodicTask5                            0x20000358   Data           4  timer5a.o(.bss.PeriodicTask5)
    PrevError                                0x2000035c   Data           2  lab2.o(.bss.PrevError)
    RunPt                                    0x20000360   Data           4  os.o(.bss.RunPt)
    RxGetI                                   0x20000764   Data           4  uart0int.o(.bss.RxGetI)
    RxPutI                                   0x20000768   Data           4  uart0int.o(.bss.RxPutI)
    SleepPt                                  0x2000076c   Data           4  os.o(.bss.SleepPt)
    StX                                      0x20000770   Data           4  st7735.o(.bss.StX)
    StY                                      0x20000774   Data           4  st7735.o(.bss.StY)
    TCB_list                                 0x20000778   Data         240  os.o(.bss.TCB_list)
    TxGetI                                   0x20000c6c   Data           4  uart0int.o(.bss.TxGetI)
    TxPutI                                   0x20000c70   Data           4  uart0int.o(.bss.TxPutI)
    WidePeriodicTask0                        0x20000c74   Data           4  wtimer0a.o(.bss.WidePeriodicTask0)
    count                                    0x20000c7c   Data           4  os.o(.bss.count)
    fifo_1                                   0x20000c80   Data          40  os.o(.bss.fifo_1)
    head_node                                0x20000ca8   Data           4  os.o(.bss.head_node)
    mailbox_1                                0x20000cac   Data          16  os.o(.bss.mailbox_1)
    num_ticks                                0x20000cbc   Data           4  os.o(.bss.num_ticks)
    pf0_task                                 0x20000cc0   Data           4  os.o(.bss.pf0_task)
    pf4_task                                 0x20000cc4   Data           4  os.o(.bss.pf4_task)
    sleep_count                              0x20000cc8   Data           4  os.o(.bss.sleep_count)
    stack_availability                       0x20000ccc   Data          40  os.o(.bss.stack_availability)
    stacks                                   0x20000cf4   Data        5120  os.o(.bss.stacks)
    thread_count                             0x200020f4   Data           4  os.o(.bss.thread_count)
    x                                        0x200020f8   Data         256  lab2.o(.bss.x)
    y                                        0x200021f8   Data         256  lab2.o(.bss.y)
    __initial_sp                             0x200026f8   Data           0  startup.o(STACK)



==============================================================================

Memory Map of the image

  Image Entry point : 0x0000026d

  Load Region LR_1 (Base: 0x00000000, Size: 0x00004098, Max: 0xffffffff, ABSOLUTE, COMPRESSED[0x00003fcc])

    Execution Region ER_RO (Exec base: 0x00000000, Load base: 0x00000000, Size: 0x00003ee4, Max: 0xffffffff, ABSOLUTE)

    Exec Addr    Load Addr    Size         Type   Attr      Idx    E Section Name        Object

    0x00000000   0x00000000   0x00000284   Code   RO            3  * RESET               startup.o
    0x00000284   0x00000284   0x00000000   Code   RO          868  * .ARM.Collect$$$$00000000  mc_w.l(entry.o)
    0x00000284   0x00000284   0x00000004   Code   RO          895    .ARM.Collect$$$$00000001  mc_w.l(entry2.o)
    0x00000288   0x00000288   0x00000004   Code   RO          898    .ARM.Collect$$$$00000004  mc_w.l(entry5.o)
    0x0000028c   0x0000028c   0x00000000   Code   RO          900    .ARM.Collect$$$$00000008  mc_w.l(entry7b.o)
    0x0000028c   0x0000028c   0x00000000   Code   RO          902    .ARM.Collect$$$$0000000A  mc_w.l(entry8b.o)
    0x0000028c   0x0000028c   0x00000008   Code   RO          903    .ARM.Collect$$$$0000000B  mc_w.l(entry9a.o)
    0x00000294   0x00000294   0x00000000   Code   RO          905    .ARM.Collect$$$$0000000D  mc_w.l(entry10a.o)
    0x00000294   0x00000294   0x00000000   Code   RO          907    .ARM.Collect$$$$0000000F  mc_w.l(entry11a.o)
    0x00000294   0x00000294   0x00000004   Code   RO          896    .ARM.Collect$$$$00002712  mc_w.l(entry2.o)
    0x00000298   0x00000298   0x0000001c   Code   RO            4    .text               startup.o
    0x000002b4   0x000002b4   0x000002ce   Code   RO          684    .text               cr4_fft_64_stm32.o
    0x00000582   0x00000582   0x00000002   PAD
    0x00000584   0x00000584   0x00000048   Code   RO          687    .text               pid_stm32.o
    0x000005cc   0x000005cc   0x000000ac   Code   RO          690    .text               osasm.o
    0x00000678   0x00000678   0x0000000c   Code   RO          871    .text               mc_w.l(tolower.o)
    0x00000684   0x00000684   0x00000024   Code   RO          873    .text               mc_w.l(memseta.o)
    0x000006a8   0x000006a8   0x0000000e   Code   RO          875    .text               mc_w.l(strlen.o)
    0x000006b6   0x000006b6   0x0000001c   Code   RO          877    .text               mc_w.l(strcmp.o)
    0x000006d2   0x000006d2   0x00000012   Code   RO          879    .text               mc_w.l(strcpy.o)
    0x000006e4   0x000006e4   0x00000044   Code   RO          881    .text               mc_w.l(strtok.o)
    0x00000728   0x00000728   0x0000001a   Code   RO          887    .text               mc_w.l(atoi.o)
    0x00000742   0x00000742   0x000000de   Code   RO          889    .text               mf_w.l(ddiv.o)
    0x00000820   0x00000820   0x00000022   Code   RO          891    .text               mf_w.l(dflti.o)
    0x00000842   0x00000842   0x0000003e   Code   RO          893    .text               mf_w.l(dfixi.o)
    0x00000880   0x00000880   0x00000020   Code   RO          909    .text               mc_w.l(llushr.o)
    0x000008a0   0x000008a0   0x00000070   Code   RO          918    .text               mc_w.l(strtol.o)
    0x00000910   0x00000910   0x00000000   Code   RO          920    .text               mc_w.l(iusefp.o)
    0x00000910   0x00000910   0x000000ba   Code   RO          921    .text               mf_w.l(depilogue.o)
    0x000009ca   0x000009ca   0x00000002   PAD
    0x000009cc   0x000009cc   0x00000030   Code   RO          923    .text               mc_w.l(init.o)
    0x000009fc   0x000009fc   0x0000001e   Code   RO          925    .text               mc_w.l(llshl.o)
    0x00000a1a   0x00000a1a   0x00000002   PAD
    0x00000a1c   0x00000a1c   0x00000008   Code   RO          927    .text               mc_w.l(ctype_o.o)
    0x00000a24   0x00000a24   0x0000009e   Code   RO          955    .text               mc_w.l(_strtoul.o)
    0x00000ac2   0x00000ac2   0x0000001c   Code   RO          957    .text               mc_w.l(_chval.o)
    0x00000ade   0x00000ade   0x0000003a   Code   RO          967    .text               mc_w.l(__dczerorl.o)
    0x00000b18   0x00000b18   0x0000001e   Code   RO          474    .text.ADC0Seq0_Handler  adct0atrigger.o
    0x00000b36   0x00000b36   0x00000002   PAD
    0x00000b38   0x00000b38   0x0000001c   Code   RO          478    .text.ADC0Seq3_Handler  adct0atrigger.o
    0x00000b54   0x00000b54   0x00000020   Code   RO          443    .text.ADC0_InSeq3   adcswtrigger.o
    0x00000b74   0x00000b74   0x000001f4   Code   RO          441    .text.ADC0_InitSWTriggerSeq3  adcswtrigger.o
    0x00000d68   0x00000d68   0x00000240   Code   RO          472    .text.ADC0_InitTimer0ATriggerSeq0  adct0atrigger.o
    0x00000fa8   0x00000fa8   0x00000004   Code   RO          769    .text.ADC_In        adc.o
    0x00000fac   0x00000fac   0x0000000a   Code   RO          767    .text.ADC_Init      adc.o
    0x00000fb6   0x00000fb6   0x00000002   PAD
    0x00000fb8   0x00000fb8   0x000000c4   Code   RO           17    .text.ButtonWork    lab2.o
    0x0000107c   0x0000107c   0x0000006a   Code   RO          609    .text.CS_Init       edisk.o
    0x000010e6   0x000010e6   0x00000002   PAD
    0x000010e8   0x000010e8   0x000000a4   Code   RO           23    .text.Consumer      lab2.o
    0x0000118c   0x0000118c   0x000000c8   Code   RO           15    .text.DAS           lab2.o
    0x00001254   0x00001254   0x000000d0   Code   RO           25    .text.Display       lab2.o
    0x00001324   0x00001324   0x00000086   Code   RO          536    .text.Filter        lpf.o
    0x000013aa   0x000013aa   0x00000002   PAD
    0x000013ac   0x000013ac   0x000000b0   Code   RO          183    .text.GPIOPortF_Handler  os.o
    0x0000145c   0x0000145c   0x00000036   Code   RO          754    .text.IRDistance_Convert  irdistance.o
    0x00001492   0x00001492   0x00000002   PAD
    0x00001494   0x00001494   0x00000138   Code   RO          276    .text.Interpreter   interpreter.o
    0x000015cc   0x000015cc   0x00000046   Code   RO          288    .text.LaunchPad_Init  launchpad.o
    0x00001612   0x00001612   0x00000002   PAD
    0x00001614   0x00001614   0x000000b2   Code   RO          181    .text.OS_AddPeriodicThread  os.o
    0x000016c6   0x000016c6   0x00000002   PAD
    0x000016c8   0x000016c8   0x000000d8   Code   RO          185    .text.OS_AddSW1Task  os.o
    0x000017a0   0x000017a0   0x000000b0   Code   RO          175    .text.OS_AddThread  os.o
    0x00001850   0x00001850   0x0000000e   Code   RO          211    .text.OS_ClearMsTime  os.o
    0x0000185e   0x0000185e   0x00000002   PAD
    0x00001860   0x00001860   0x00000044   Code   RO          197    .text.OS_Fifo_Get   os.o
    0x000018a4   0x000018a4   0x0000001e   Code   RO          193    .text.OS_Fifo_Init  os.o
    0x000018c2   0x000018c2   0x00000002   PAD
    0x000018c4   0x000018c4   0x00000044   Code   RO          195    .text.OS_Fifo_Put   os.o
    0x00001908   0x00001908   0x0000000e   Code   RO          179    .text.OS_Id         os.o
    0x00001916   0x00001916   0x00000002   PAD
    0x00001918   0x00001918   0x00000010   Code   RO          215    .text.OS_IncrementTime  os.o
    0x00001928   0x00001928   0x00000078   Code   RO          163    .text.OS_Init       os.o
    0x000019a0   0x000019a0   0x00000004   Code   RO          165    .text.OS_InitSemaphore  os.o
    0x000019a4   0x000019a4   0x0000005e   Code   RO          191    .text.OS_Kill       os.o
    0x00001a02   0x00001a02   0x00000002   PAD
    0x00001a04   0x00001a04   0x0000002e   Code   RO          217    .text.OS_Launch     os.o
    0x00001a32   0x00001a32   0x00000002   PAD
    0x00001a34   0x00001a34   0x0000001c   Code   RO          201    .text.OS_MailBox_Init  os.o
    0x00001a50   0x00001a50   0x0000003e   Code   RO          205    .text.OS_MailBox_Recv  os.o
    0x00001a8e   0x00001a8e   0x00000002   PAD
    0x00001a90   0x00001a90   0x0000003e   Code   RO          203    .text.OS_MailBox_Send  os.o
    0x00001ace   0x00001ace   0x00000002   PAD
    0x00001ad0   0x00001ad0   0x0000000c   Code   RO          213    .text.OS_MsTime     os.o
    0x00001adc   0x00001adc   0x0000008a   Code   RO          189    .text.OS_Sleep      os.o
    0x00001b66   0x00001b66   0x00000002   PAD
    0x00001b68   0x00001b68   0x0000000c   Code   RO          207    .text.OS_Time       os.o
    0x00001b74   0x00001b74   0x00000024   Code   RO          209    .text.OS_TimeDifference  os.o
    0x00001b98   0x00001b98   0x00000014   Code   RO          173    .text.OS_bSignal    os.o
    0x00001bac   0x00001bac   0x0000002a   Code   RO          171    .text.OS_bWait      os.o
    0x00001bd6   0x00001bd6   0x00000002   PAD
    0x00001bd8   0x00001bd8   0x0000009a   Code   RO           27    .text.PID           lab2.o
    0x00001c72   0x00001c72   0x00000002   PAD
    0x00001c74   0x00001c74   0x0000006a   Code   RO          306    .text.PLL_Init      pll.o
    0x00001cde   0x00001cde   0x00000002   PAD
    0x00001ce0   0x00001ce0   0x00000034   Code   RO           21    .text.Producer      lab2.o
    0x00001d14   0x00001d14   0x000000f0   Code   RO          349    .text.ST7735_DrawCharS  st7735.o
    0x00001e04   0x00001e04   0x000000d0   Code   RO          335    .text.ST7735_DrawFastHLine  st7735.o
    0x00001ed4   0x00001ed4   0x000000be   Code   RO          329    .text.ST7735_DrawPixel  st7735.o
    0x00001f92   0x00001f92   0x00000002   PAD
    0x00001f94   0x00001f94   0x000000fc   Code   RO          337    .text.ST7735_FillRect  st7735.o
    0x00002090   0x00002090   0x00000044   Code   RO          323    .text.ST7735_FillScreen  st7735.o
    0x000020d4   0x000020d4   0x00000132   Code   RO          325    .text.ST7735_InitR  st7735.o
    0x00002206   0x00002206   0x00000002   PAD
    0x00002208   0x00002208   0x0000009c   Code   RO          365    .text.ST7735_Message  st7735.o
    0x000022a4   0x000022a4   0x000000a8   Code   RO          371    .text.ST7735_MessageDelay  st7735.o
    0x0000234c   0x0000234c   0x000000aa   Code   RO          373    .text.ST7735_MessageNum  st7735.o
    0x000023f6   0x000023f6   0x00000002   PAD
    0x000023f8   0x000023f8   0x00000166   Code   RO          367    .text.ST7735_OutChar  st7735.o
    0x0000255e   0x0000255e   0x00000002   PAD
    0x00002560   0x00002560   0x00000126   Code   RO          361    .text.ST7735_OutUDec  st7735.o
    0x00002686   0x00002686   0x00000002   PAD
    0x00002688   0x00002688   0x00000034   Code   RO           19    .text.SW1Push       lab2.o
    0x000026bc   0x000026bc   0x000000b6   Code   RO          153    .text.SysTick_Handler  os.o
    0x00002772   0x00002772   0x00000002   PAD
    0x00002774   0x00002774   0x00000016   Code   RO          781    .text.Timer0A_Handler  timer0a.o
    0x0000278a   0x0000278a   0x00000002   PAD
    0x0000278c   0x0000278c   0x00000018   Code   RO          796    .text.Timer1A_Handler  timer1a.o
    0x000027a4   0x000027a4   0x00000074   Code   RO          794    .text.Timer1A_Init  timer1a.o
    0x00002818   0x00002818   0x00000018   Code   RO          811    .text.Timer2A_Handler  timer2a.o
    0x00002830   0x00002830   0x00000074   Code   RO          809    .text.Timer2A_Init  timer2a.o
    0x000028a4   0x000028a4   0x00000018   Code   RO          826    .text.Timer3A_Handler  timer3a.o
    0x000028bc   0x000028bc   0x00000072   Code   RO          824    .text.Timer3A_Init  timer3a.o
    0x0000292e   0x0000292e   0x00000002   PAD
    0x00002930   0x00002930   0x00000018   Code   RO          841    .text.Timer4A_Handler  timer4a.o
    0x00002948   0x00002948   0x00000072   Code   RO          839    .text.Timer4A_Init  timer4a.o
    0x000029ba   0x000029ba   0x00000002   PAD
    0x000029bc   0x000029bc   0x00000018   Code   RO          856    .text.Timer5A_Handler  timer5a.o
    0x000029d4   0x000029d4   0x00000074   Code   RO          854    .text.Timer5A_Init  timer5a.o
    0x00002a48   0x00002a48   0x00000150   Code   RO          720    .text.UART0_Handler  uart0int.o
    0x00002b98   0x00002b98   0x0000019e   Code   RO          738    .text.UART_InString  uart0int.o
    0x00002d36   0x00002d36   0x00000002   PAD
    0x00002d38   0x00002d38   0x000000d0   Code   RO          710    .text.UART_Init     uart0int.o
    0x00002e08   0x00002e08   0x0000009c   Code   RO          716    .text.UART_OutChar  uart0int.o
    0x00002ea4   0x00002ea4   0x000000a8   Code   RO          722    .text.UART_OutString  uart0int.o
    0x00002f4c   0x00002f4c   0x000000b8   Code   RO          726    .text.UART_OutUDec  uart0int.o
    0x00003004   0x00003004   0x00000018   Code   RO          596    .text.WideTimer0A_Handler  wtimer0a.o
    0x0000301c   0x0000301c   0x0000001e   Code   RO          270    .text.clear         interpreter.o
    0x0000303a   0x0000303a   0x00000002   PAD
    0x0000303c   0x0000303c   0x000000da   Code   RO          327    .text.commandList   st7735.o
    0x00003116   0x00003116   0x00000002   PAD
    0x00003118   0x00003118   0x0000019e   Code   RO          319    .text.commonInit    st7735.o
    0x000032b6   0x000032b6   0x00000002   PAD
    0x000032b8   0x000032b8   0x00000002   Code   RO          470    .text.dummyADC      adct0atrigger.o
    0x000032ba   0x000032ba   0x00000002   PAD
    0x000032bc   0x000032bc   0x00000046   Code   RO          355    .text.fillmessage   st7735.o
    0x00003302   0x00003302   0x00000002   PAD
    0x00003304   0x00003304   0x00000016   Code   RO          266    .text.getTime       interpreter.o
    0x0000331a   0x0000331a   0x00000002   PAD
    0x0000331c   0x0000331c   0x000000f0   Code   RO          268    .text.help          interpreter.o
    0x0000340c   0x0000340c   0x0000000a   Code   RO          105    .text.main          lab2.o
    0x00003416   0x00003416   0x00000002   PAD
    0x00003418   0x00003418   0x00000030   Code   RO          264    .text.printADC      interpreter.o
    0x00003448   0x00003448   0x00000120   Code   RO           29    .text.realmain      lab2.o
    0x00003568   0x00003568   0x0000025c   Code   RO          331    .text.setAddrWindow  st7735.o
    0x000037c4   0x000037c4   0x00000040   Code   RO          262    .text.writeToLCD    interpreter.o
    0x00003804   0x00003804   0x00000008   Code   RO          911    i.__aeabi_errno_addr  mc_w.l(errno.o)
    0x0000380c   0x0000380c   0x0000000e   Code   RO          961    i.__scatterload_copy  mc_w.l(handlers.o)
    0x0000381a   0x0000381a   0x00000002   Code   RO          962    i.__scatterload_null  mc_w.l(handlers.o)
    0x0000381c   0x0000381c   0x0000000e   Code   RO          963    i.__scatterload_zeroinit  mc_w.l(handlers.o)
    0x0000382a   0x0000382a   0x00000081   Data   RO          928    .constdata          mc_w.l(ctype_o.o)
    0x000038ab   0x000038ab   0x00000001   PAD
    0x000038ac   0x000038ac   0x00000004   Data   RO          929    .constdata          mc_w.l(ctype_o.o)
    0x000038b0   0x000038b0   0x00000010   Data   RO          756    .rodata.A           irdistance.o
    0x000038c0   0x000038c0   0x00000010   Data   RO          757    .rodata.B           irdistance.o
    0x000038d0   0x000038d0   0x000004fb   Data   RO          419    .rodata.Font        st7735.o
    0x00003dcb   0x00003dcb   0x00000001   PAD
    0x00003dcc   0x00003dcc   0x00000010   Data   RO          759    .rodata.IRmax       irdistance.o
    0x00003ddc   0x00003ddc   0x00000004   Data   RO          236    .rodata.JitterSize  os.o
    0x00003de0   0x00003de0   0x0000003b   Data   RO          408    .rodata.Rcmd1       st7735.o
    0x00003e1b   0x00003e1b   0x0000000d   Data   RO          409    .rodata.Rcmd2green  st7735.o
    0x00003e28   0x00003e28   0x0000000d   Data   RO          412    .rodata.Rcmd2red    st7735.o
    0x00003e35   0x00003e35   0x0000002b   Data   RO          413    .rodata.Rcmd3       st7735.o
    0x00003e60   0x00003e60   0x0000004b   Data   RO          279    .rodata.str1.1      interpreter.o
    0x00003eab   0x00003eab   0x00000016   Data   RO          428    .rodata.str1.1      st7735.o
    0x00003ec1   0x00003ec1   0x00000003   PAD
    0x00003ec4   0x00003ec4   0x00000020   Data   RO          960    Region$$Table       anon$$obj.o


    Execution Region ER_RW (Exec base: 0x20000000, Load base: 0x00003ee4, Size: 0x000001b4, Max: 0xffffffff, ABSOLUTE, COMPRESSED[0x000000e8])

    Exec Addr    Load Addr    Size         Type   Attr      Idx    E Section Name        Object

    0x20000000   COMPRESSED   0x00000004   Data   RW          882    .data               mc_w.l(strtok.o)
    0x20000004   COMPRESSED   0x00000004   Data   RW          914    .data               mc_w.l(errno.o)
    0x20000008   COMPRESSED   0x000001a4   Data   RW          278    .data.CommandTable  interpreter.o
    0x200001ac   COMPRESSED   0x00000004   Data   RW          585    .data.Filter.n      lpf.o
    0x200001b0   COMPRESSED   0x00000002   Data   RW          405    .data.StTextColor   st7735.o


    Execution Region ER_ZI (Exec base: 0x200001b8, Load base: 0x00003fcc, Size: 0x00002540, Max: 0xffffffff, ABSOLUTE)

    Exec Addr    Load Addr    Size         Type   Attr      Idx    E Section Name        Object

    0x200001b8        -       0x00000004   Zero   RW          480    .bss.ADCTask        adct0atrigger.o
    0x200001bc        -       0x00000002   Zero   RW          119    .bss.Actuator       lab2.o
    0x200001be        -       0x00000006   Zero   RW          118    .bss.Coeff          lab2.o
    0x200001c4        -       0x00000001   Zero   RW          410    .bss.ColStart       st7735.o
    0x200001c5   0x00003fcc   0x00000003   PAD
    0x200001c8        -       0x00000004   Zero   RW          107    .bss.DAS.LastTime   lab2.o
    0x200001cc        -       0x00000004   Zero   RW          109    .bss.DASoutput      lab2.o
    0x200001d0        -       0x00000004   Zero   RW          113    .bss.DataLost       lab2.o
    0x200001d4        -       0x00000004   Zero   RW          243    .bss.FallingEdges   os.o
    0x200001d8        -       0x00000018   Zero   RW          583    .bss.Filter.x       lpf.o
    0x200001f0        -       0x00000018   Zero   RW          584    .bss.Filter.y       lpf.o
    0x20000208        -       0x00000004   Zero   RW          110    .bss.FilterWork     lab2.o
    0x2000020c        -       0x00000004   Zero   RW          245    .bss.GPIOPortF_Handler.lastPressTimePF0  os.o
    0x20000210        -       0x00000004   Zero   RW          244    .bss.GPIOPortF_Handler.lastPressTimePF4  os.o
    0x20000214        -       0x00000002   Zero   RW          116    .bss.IntTerm        lab2.o
    0x20000216   0x00003fcc   0x00000002   PAD
    0x20000218        -       0x00000100   Zero   RW          237    .bss.JitterHistogram  os.o
    0x20000318        -       0x00000004   Zero   RW          407    .bss.LCDFree        st7735.o
    0x2000031c        -       0x00000004   Zero   RW          253    .bss.MaxJitter      os.o
    0x20000320        -       0x0000000c   Zero   RW          420    .bss.Message        st7735.o
    0x2000032c        -       0x00000004   Zero   RW          421    .bss.Messageindex   st7735.o
    0x20000330        -       0x00000004   Zero   RW          111    .bss.NumCreated     lab2.o
    0x20000334        -       0x00000004   Zero   RW          108    .bss.NumSamples     lab2.o
    0x20000338        -       0x00000004   Zero   RW          250    .bss.OS_timeMs      os.o
    0x2000033c        -       0x00000004   Zero   RW          481    .bss.PD3data        adct0atrigger.o
    0x20000340        -       0x00000004   Zero   RW          112    .bss.PIDWork        lab2.o
    0x20000344        -       0x00000004   Zero   RW          785    .bss.PeriodicTask0  timer0a.o
    0x20000348        -       0x00000004   Zero   RW          800    .bss.PeriodicTask1  timer1a.o
    0x2000034c        -       0x00000004   Zero   RW          815    .bss.PeriodicTask2  timer2a.o
    0x20000350        -       0x00000004   Zero   RW          830    .bss.PeriodicTask3  timer3a.o
    0x20000354        -       0x00000004   Zero   RW          845    .bss.PeriodicTask4  timer4a.o
    0x20000358        -       0x00000004   Zero   RW          860    .bss.PeriodicTask5  timer5a.o
    0x2000035c        -       0x00000002   Zero   RW          117    .bss.PrevError      lab2.o
    0x2000035e        -       0x00000001   Zero   RW          411    .bss.RowStart       st7735.o
    0x2000035f   0x00003fcc   0x00000001   PAD
    0x20000360        -       0x00000004   Zero   RW          242    .bss.RunPt          os.o
    0x20000364        -       0x00000400   Zero   RW          742    .bss.RxFifo         uart0int.o
    0x20000764        -       0x00000004   Zero   RW          740    .bss.RxGetI         uart0int.o
    0x20000768        -       0x00000004   Zero   RW          741    .bss.RxPutI         uart0int.o
    0x2000076c        -       0x00000004   Zero   RW          239    .bss.SleepPt        os.o
    0x20000770        -       0x00000004   Zero   RW          403    .bss.StX            st7735.o
    0x20000774        -       0x00000004   Zero   RW          404    .bss.StY            st7735.o
    0x20000778        -       0x000000f0   Zero   RW          240    .bss.TCB_list       os.o
    0x20000868        -       0x00000001   Zero   RW          414    .bss.TabColor       st7735.o
    0x20000869        -       0x00000400   Zero   RW          745    .bss.TxFifo         uart0int.o
    0x20000c69   0x00003fcc   0x00000003   PAD
    0x20000c6c        -       0x00000004   Zero   RW          743    .bss.TxGetI         uart0int.o
    0x20000c70        -       0x00000004   Zero   RW          744    .bss.TxPutI         uart0int.o
    0x20000c74        -       0x00000004   Zero   RW          600    .bss.WidePeriodicTask0  wtimer0a.o
    0x20000c78        -       0x00000001   Zero   RW          416    .bss._height        st7735.o
    0x20000c79   0x00003fcc   0x00000001   PAD
    0x20000c7a        -       0x00000001   Zero   RW          415    .bss._width         st7735.o
    0x20000c7b   0x00003fcc   0x00000001   PAD
    0x20000c7c        -       0x00000004   Zero   RW          238    .bss.count          os.o
    0x20000c80        -       0x00000028   Zero   RW          248    .bss.fifo_1         os.o
    0x20000ca8        -       0x00000004   Zero   RW          235    .bss.head_node      os.o
    0x20000cac        -       0x00000010   Zero   RW          249    .bss.mailbox_1      os.o
    0x20000cbc        -       0x00000004   Zero   RW          231    .bss.num_ticks      os.o
    0x20000cc0        -       0x00000004   Zero   RW          247    .bss.pf0_task       os.o
    0x20000cc4        -       0x00000004   Zero   RW          246    .bss.pf4_task       os.o
    0x20000cc8        -       0x00000004   Zero   RW          233    .bss.sleep_count    os.o
    0x20000ccc        -       0x00000028   Zero   RW          234    .bss.stack_availability  os.o
    0x20000cf4        -       0x00001400   Zero   RW          241    .bss.stacks         os.o
    0x200020f4        -       0x00000004   Zero   RW          232    .bss.thread_count   os.o
    0x200020f8        -       0x00000100   Zero   RW          114    .bss.x              lab2.o
    0x200021f8        -       0x00000100   Zero   RW          115    .bss.y              lab2.o
    0x200022f8        -       0x00000400   Zero   RW            1    STACK               startup.o


==============================================================================

Image component sizes


      Code (inc. data)   RO Data    RW Data    ZI Data      Debug   Object Name

        14          0          0          0          0        878   adc.o
       532         60          0          0          0       3180   adcswtrigger.o
       636         60          0          0          8       1986   adct0atrigger.o
       718        240          0          0          0        344   cr4_fft_64_stm32.o
       106          0          0          0          0      11907   edisk.o
       716         60         75        420          0       3993   interpreter.o
        54          0         48          0          0        917   irdistance.o
      1324        112          0          0        552       8802   lab2.o
        70          0          0          0          0       1756   launchpad.o
       134          0          0          4         48       9864   lpf.o
      1814          0          4          0       5768      12563   os.o
       172          6          0          0          0        380   osasm.o
        72          8          0          0          0        308   pid_stm32.o
       106          0          0          0          0        649   pll.o
      3716          0       1425          2         33      27042   st7735.o
       672        622          0          0       1024       1076   startup.o
        22          0          0          0          4       1100   timer0a.o
       140          0          0          0          4       1098   timer1a.o
       140          0          0          0          4       1098   timer2a.o
       138          0          0          0          4       1098   timer3a.o
       138          0          0          0          4       1098   timer4a.o
       140          0          0          0          4       1097   timer5a.o
      1466          0          0          0       2064      11984   uart0int.o
        24          0          0          0          4       1116   wtimer0a.o

    ----------------------------------------------------------------------
     13136       1170       1588        428       9536     105334   Object Totals
         0          0         32          0          0          0   (incl. Generated)
        72          2          4          2         11          0   (incl. Padding)

    ----------------------------------------------------------------------

      Code (inc. data)   RO Data    RW Data    ZI Data      Debug   Library Member Name

        58          0          0          0          0          0   __dczerorl.o
        28          0          0          0          0         68   _chval.o
       158          0          0          0          0         92   _strtoul.o
        26          0          0          0          0         80   atoi.o
         8          4        133          0          0         68   ctype_o.o
         0          0          0          0          0          0   entry.o
         0          0          0          0          0          0   entry10a.o
         0          0          0          0          0          0   entry11a.o
         8          4          0          0          0          0   entry2.o
         4          0          0          0          0          0   entry5.o
         0          0          0          0          0          0   entry7b.o
         0          0          0          0          0          0   entry8b.o
         8          4          0          0          0          0   entry9a.o
         8          4          0          4          0         68   errno.o
        30          0          0          0          0          0   handlers.o
        48         10          0          0          0         68   init.o
         0          0          0          0          0          0   iusefp.o
        30          0          0          0          0         68   llshl.o
        32          0          0          0          0         68   llushr.o
        36          0          0          0          0        108   memseta.o
        28          0          0          0          0         76   strcmp.o
        18          0          0          0          0         68   strcpy.o
        14          0          0          0          0         68   strlen.o
        68          6          0          4          0         80   strtok.o
       112          0          0          0          0         88   strtol.o
        12          0          0          0          0         68   tolower.o
       222          0          0          0          0        100   ddiv.o
       186          0          0          0          0        176   depilogue.o
        62          0          0          0          0         80   dfixi.o
        34          0          0          0          0         76   dflti.o

    ----------------------------------------------------------------------
      1242         32        134          8          0       1568   Library Totals
         4          0          1          0          0          0   (incl. Padding)

    ----------------------------------------------------------------------

      Code (inc. data)   RO Data    RW Data    ZI Data      Debug   Library Name

       734         32        133          8          0       1136   mc_w.l
       504          0          0          0          0        432   mf_w.l

    ----------------------------------------------------------------------
      1242         32        134          8          0       1568   Library Totals

    ----------------------------------------------------------------------

==============================================================================


      Code (inc. data)   RO Data    RW Data    ZI Data      Debug   

     14378       1202       1722        436       9536     106026   Grand Totals
     14378       1202       1722        232       9536     106026   ELF Image Totals (compressed)
     14378       1202       1722        232          0          0   ROM Totals

==============================================================================

    Total RO  Size (Code + RO Data)                16100 (  15.72kB)
    Total RW  Size (RW Data + ZI Data)              9972 (   9.74kB)
    Total ROM Size (Code + RO Data + RW Data)      16332 (  15.95kB)

==============================================================================

