Component: Arm Compiler for Embedded 6.22 Tool: armlink [5ee90200]

==============================================================================

Section Cross References

    startup.o(RESET) refers to startup.o(STACK) for StackMem
    startup.o(RESET) refers to osasm.o(.text) for SVC_Handler
    startup.o(RESET) refers to os.o(.text.SysTick_Handler) for SysTick_Handler
    startup.o(RESET) refers to uart0int.o(.text.UART0_Handler) for UART0_Handler
    startup.o(RESET) refers to adct0atrigger.o(.text.ADC0Seq0_Handler) for ADC0Seq0_Handler
    startup.o(RESET) refers to adct0atrigger.o(.text.ADC0Seq3_Handler) for ADC0Seq3_Handler
    startup.o(RESET) refers to timer0a.o(.text.Timer0A_Handler) for Timer0A_Handler
    startup.o(RESET) refers to timer1a.o(.text.Timer1A_Handler) for Timer1A_Handler
    startup.o(RESET) refers to timer2a.o(.text.Timer2A_Handler) for Timer2A_Handler
    startup.o(RESET) refers to os.o(.text.GPIOPortF_Handler) for GPIOPortF_Handler
    startup.o(RESET) refers to timer3a.o(.text.Timer3A_Handler) for Timer3A_Handler
    startup.o(RESET) refers to timer4a.o(.text.Timer4A_Handler) for Timer4A_Handler
    startup.o(RESET) refers to timer5a.o(.text.Timer5A_Handler) for Timer5A_Handler
    startup.o(RESET) refers to wtimer0a.o(.text.WideTimer0A_Handler) for WideTimer0A_Handler
    startup.o(RESET) refers to entry.o(.ARM.Collect$$$$00000000) for __main
    launchpad.o(.ARM.exidx.text.LaunchPad_Init) refers to launchpad.o(.text.LaunchPad_Init) for [Anonymous Symbol]
    launchpad.o(.ARM.exidx.text.LaunchPad_Input) refers to launchpad.o(.text.LaunchPad_Input) for [Anonymous Symbol]
    launchpad.o(.ARM.exidx.text.LaunchPad_WaitForTouch) refers to launchpad.o(.text.LaunchPad_WaitForTouch) for [Anonymous Symbol]
    launchpad.o(.ARM.exidx.text.LaunchPad_WaitForRelease) refers to launchpad.o(.text.LaunchPad_WaitForRelease) for [Anonymous Symbol]
    launchpad.o(.ARM.exidx.text.LaunchPad_Output) refers to launchpad.o(.text.LaunchPad_Output) for [Anonymous Symbol]
    pll.o(.ARM.exidx.text.PLL_Init) refers to pll.o(.text.PLL_Init) for [Anonymous Symbol]
    lab5.o(.ARM.exidx.text.PortD_Init) refers to lab5.o(.text.PortD_Init) for [Anonymous Symbol]
    lab5.o(.text.ButtonWork) refers to os.o(.text.OS_Id) for OS_Id
    lab5.o(.text.ButtonWork) refers to heap.o(.text.Heap_Stats) for Heap_Stats
    lab5.o(.text.ButtonWork) refers to os.o(.text.OS_Kill) for OS_Kill
    lab5.o(.text.ButtonWork) refers to lab5.o(.rodata.str1.1) for .L.str
    lab5.o(.text.ButtonWork) refers to st7735.o(.text.ST7735_Message) for ST7735_Message
    lab5.o(.ARM.exidx.text.ButtonWork) refers to lab5.o(.text.ButtonWork) for [Anonymous Symbol]
    lab5.o(.text.SW1Push) refers to os.o(.text.OS_MsTime) for OS_MsTime
    lab5.o(.text.SW1Push) refers to lab5.o(.text.ButtonWork) for ButtonWork
    lab5.o(.text.SW1Push) refers to os.o(.text.OS_AddThread) for OS_AddThread
    lab5.o(.text.SW1Push) refers to lab5.o(.bss.NumCreated) for NumCreated
    lab5.o(.text.SW1Push) refers to os.o(.text.OS_ClearMsTime) for OS_ClearMsTime
    lab5.o(.ARM.exidx.text.SW1Push) refers to lab5.o(.text.SW1Push) for [Anonymous Symbol]
    lab5.o(.text.SW2Push) refers to os.o(.text.OS_MsTime) for OS_MsTime
    lab5.o(.text.SW2Push) refers to lab5.o(.text.ButtonWork) for ButtonWork
    lab5.o(.text.SW2Push) refers to os.o(.text.OS_AddThread) for OS_AddThread
    lab5.o(.text.SW2Push) refers to lab5.o(.bss.NumCreated) for NumCreated
    lab5.o(.text.SW2Push) refers to os.o(.text.OS_ClearMsTime) for OS_ClearMsTime
    lab5.o(.ARM.exidx.text.SW2Push) refers to lab5.o(.text.SW2Push) for [Anonymous Symbol]
    lab5.o(.text.Idle) refers to lab5.o(.bss.IdleCount) for IdleCount
    lab5.o(.text.Idle) refers to startup.o(.text) for WaitForInterrupt
    lab5.o(.ARM.exidx.text.Idle) refers to lab5.o(.text.Idle) for [Anonymous Symbol]
    lab5.o(.text.realmain) refers to os.o(.text.OS_Init) for OS_Init
    lab5.o(.text.realmain) refers to os.o(.bss.MaxJitter) for MaxJitter
    lab5.o(.text.realmain) refers to adc.o(.text.ADC_Init) for ADC_Init
    lab5.o(.text.realmain) refers to heap.o(.text.Heap_Init) for Heap_Init
    lab5.o(.text.realmain) refers to edisk.o(.text.disk_timerproc) for disk_timerproc
    lab5.o(.text.realmain) refers to os.o(.text.OS_AddPeriodicThread) for OS_AddPeriodicThread
    lab5.o(.text.realmain) refers to lab5.o(.text.SW1Push) for SW1Push
    lab5.o(.text.realmain) refers to os.o(.text.OS_AddSW1Task) for OS_AddSW1Task
    lab5.o(.text.realmain) refers to lab5.o(.text.SW2Push) for SW2Push
    lab5.o(.text.realmain) refers to os.o(.text.OS_AddSW2Task) for OS_AddSW2Task
    lab5.o(.text.realmain) refers to lab5.o(.bss.NumCreated) for NumCreated
    lab5.o(.text.realmain) refers to interpreter.o(.text.Interpreter) for Interpreter
    lab5.o(.text.realmain) refers to os.o(.text.OS_AddThread) for OS_AddThread
    lab5.o(.text.realmain) refers to lab5.o(.text.Idle) for Idle
[...]
    [Anonymous Symbol]                       0x000028c4   Section        0  uart0int.o(.text.UART_Init)
    [Anonymous Symbol]                       0x000029b8   Section        0  uart0int.o(.text.UART_OutChar)
    [Anonymous Symbol]                       0x00002a6c   Section        0  uart0int.o(.text.UART_OutSDec)
    [Anonymous Symbol]                       0x00002a8c   Section        0  uart0int.o(.text.UART_OutString)
    [Anonymous Symbol]                       0x00002aac   Section        0  uart0int.o(.text.UART_OutUDec)
    [Anonymous Symbol]                       0x00002ae0   Section        0  wtimer0a.o(.text.WideTimer0A_Handler)
    [Anonymous Symbol]                       0x00002af8   Section        0  interpreter.o(.text.clear)
    commandList                              0x00002b19   Thumb Code   218  st7735.o(.text.commandList)
    [Anonymous Symbol]                       0x00002b18   Section        0  st7735.o(.text.commandList)
    commonInit                               0x00002bf5   Thumb Code   430  st7735.o(.text.commonInit)
    [Anonymous Symbol]                       0x00002bf4   Section        0  st7735.o(.text.commonInit)
    create_chain                             0x00002da5   Thumb Code   188  ff.o(.text.create_chain)
    [Anonymous Symbol]                       0x00002da4   Section        0  ff.o(.text.create_chain)
    [Anonymous Symbol]                       0x00002e60   Section        0  interpreter.o(.text.delFile)
    dir_next                                 0x00002ea5   Thumb Code   328  ff.o(.text.dir_next)
    [Anonymous Symbol]                       0x00002ea4   Section        0  ff.o(.text.dir_next)
    dir_read                                 0x00002fed   Thumb Code    90  ff.o(.text.dir_read)
    [Anonymous Symbol]                       0x00002fec   Section        0  ff.o(.text.dir_read)
    dir_register                             0x00003049   Thumb Code   124  ff.o(.text.dir_register)
    [Anonymous Symbol]                       0x00003048   Section        0  ff.o(.text.dir_register)
    dir_sdi                                  0x000030c5   Thumb Code   160  ff.o(.text.dir_sdi)
    [Anonymous Symbol]                       0x000030c4   Section        0  ff.o(.text.dir_sdi)
    [Anonymous Symbol]                       0x00003164   Section        0  edisk.o(.text.disk_ioctl)
    [Anonymous Symbol]                       0x000033e8   Section        0  edisk.o(.text.disk_timerproc)
    [Anonymous Symbol]                       0x00003424   Section        0  interpreter.o(.text.display_cat)
    [Anonymous Symbol]                       0x00003460   Section        0  edisk.o(.text.eDisk_Init)
    [Anonymous Symbol]                       0x00003650   Section        0  edisk.o(.text.eDisk_Read)
    [Anonymous Symbol]                       0x00003748   Section        0  edisk.o(.text.eDisk_Status)
    [Anonymous Symbol]                       0x0000375c   Section        0  edisk.o(.text.eDisk_Write)
    [Anonymous Symbol]                       0x000038b8   Section        0  efile.o(.text.eFile_Create)
    [Anonymous Symbol]                       0x000038ec   Section        0  efile.o(.text.eFile_Delete)
    [Anonymous Symbol]                       0x00003918   Section        0  efile.o(.text.eFile_DirNext)
    [Anonymous Symbol]                       0x00003968   Section        0  efile.o(.text.eFile_Format)
    [Anonymous Symbol]                       0x0000399c   Section        0  efile.o(.text.eFile_Mount)
    [Anonymous Symbol]                       0x000039d4   Section        0  efile.o(.text.eFile_RClose)
    [Anonymous Symbol]                       0x00003a04   Section        0  efile.o(.text.eFile_ROpen)
    [Anonymous Symbol]                       0x00003a38   Section        0  efile.o(.text.eFile_ReadNext)
    [Anonymous Symbol]                       0x00003a78   Section        0  efile.o(.text.eFile_Unmount)
    [Anonymous Symbol]                       0x00003aac   Section        0  efile.o(.text.eFile_WClose)
    [Anonymous Symbol]                       0x00003adc   Section        0  efile.o(.text.eFile_WOpen)
    [Anonymous Symbol]                       0x00003b10   Section        0  efile.o(.text.eFile_Write)
    [Anonymous Symbol]                       0x00003b54   Section        0  ff.o(.text.f_close)
    [Anonymous Symbol]                       0x00003b94   Section        0  ff.o(.text.f_mkfs)
    [Anonymous Symbol]                       0x0000415c   Section        0  ff.o(.text.f_mount)
    [Anonymous Symbol]                       0x000041ec   Section        0  ff.o(.text.f_open)
    [Anonymous Symbol]                       0x000043a0   Section        0  ff.o(.text.f_read)
    [Anonymous Symbol]                       0x00004550   Section        0  ff.o(.text.f_readdir)
    [Anonymous Symbol]                       0x00004658   Section        0  ff.o(.text.f_sync)
    [Anonymous Symbol]                       0x0000471c   Section        0  ff.o(.text.f_unlink)
    [Anonymous Symbol]                       0x0000487c   Section        0  ff.o(.text.f_write)
    [Anonymous Symbol]                       0x00004a58   Section        0  st7735.o(.text.fillmessage)
    find_volume                              0x00004aa1   Thumb Code   852  ff.o(.text.find_volume)
    [Anonymous Symbol]                       0x00004aa0   Section        0  ff.o(.text.find_volume)
    follow_path                              0x00004df5   Thumb Code   790  ff.o(.text.follow_path)
    [Anonymous Symbol]                       0x00004df4   Section        0  ff.o(.text.follow_path)
    [Anonymous Symbol]                       0x0000510c   Section        0  interpreter.o(.text.format)
    [Anonymous Symbol]                       0x0000513c   Section        0  os.o(.text.fputc)
    [Anonymous Symbol]                       0x00005174   Section        0  interpreter.o(.text.getTime)
    [Anonymous Symbol]                       0x00005198   Section        0  ff.o(.text.get_fat)
    [Anonymous Symbol]                       0x0000525c   Section        0  interpreter.o(.text.help)
    [Anonymous Symbol]                       0x000052d4   Section        0  os.o(.text.insert_RunList)
    [Anonymous Symbol]                       0x00005384   Section        0  interpreter.o(.text.list)
    [Anonymous Symbol]                       0x00005444   Section        0  interpreter.o(.text.loadDirectory)
    [Anonymous Symbol]                       0x000054b4   Section        0  lab5.o(.text.main)
    [Anonymous Symbol]                       0x000054c0   Section        0  interpreter.o(.text.makeFile)
    [Anonymous Symbol]                       0x00005544   Section        0  interpreter.o(.text.max_jitter)
    move_window                              0x000055a5   Thumb Code   138  ff.o(.text.move_window)
    [Anonymous Symbol]                       0x000055a4   Section        0  ff.o(.text.move_window)
    [Anonymous Symbol]                       0x00005630   Section        0  interpreter.o(.text.num_created)
    [Anonymous Symbol]                       0x00005654   Section        0  interpreter.o(.text.printADC)
    [Anonymous Symbol]                       0x00005684   Section        0  interpreter.o(.text.printFile)
    [Anonymous Symbol]                       0x00005728   Section        0  ff.o(.text.put_fat)
    rcvr_datablock                           0x0000582d   Thumb Code   172  edisk.o(.text.rcvr_datablock)
    [Anonymous Symbol]                       0x0000582c   Section        0  edisk.o(.text.rcvr_datablock)
    [Anonymous Symbol]                       0x000058d8   Section        0  lab5.o(.text.realmain)
    [Anonymous Symbol]                       0x000059c0   Section        0  interpreter.o(.text.saveDirectory)
    send_cmd                                 0x000059dd   Thumb Code   502  edisk.o(.text.send_cmd)
    [Anonymous Symbol]                       0x000059dc   Section        0  edisk.o(.text.send_cmd)
    setAddrWindow                            0x00005bd5   Thumb Code   604  st7735.o(.text.setAddrWindow)
    [Anonymous Symbol]                       0x00005bd4   Section        0  st7735.o(.text.setAddrWindow)
    sync_fs                                  0x00005e31   Thumb Code   210  ff.o(.text.sync_fs)
    [Anonymous Symbol]                       0x00005e30   Section        0  ff.o(.text.sync_fs)
    sync_window                              0x00005f05   Thumb Code    82  ff.o(.text.sync_window)
    [Anonymous Symbol]                       0x00005f04   Section        0  ff.o(.text.sync_window)
    [Anonymous Symbol]                       0x00005f58   Section        0  os.o(.text.wake_threads)
    [Anonymous Symbol]                       0x00006018   Section        0  interpreter.o(.text.writeFile)
    [Anonymous Symbol]                       0x000060cc   Section        0  interpreter.o(.text.writeToLCD)
    xmit_datablock                           0x0000610d   Thumb Code   236  edisk.o(.text.xmit_datablock)
    [Anonymous Symbol]                       0x0000610c   Section        0  edisk.o(.text.xmit_datablock)
    i.__0printf$4                            0x000061f8   Section        0  printf4.o(i.__0printf$4)
    i.__aeabi_errno_addr                     0x00006218   Section        0  errno.o(i.__aeabi_errno_addr)
    i.__scatterload_copy                     0x00006220   Section       14  handlers.o(i.__scatterload_copy)
    i.__scatterload_null                     0x0000622e   Section        2  handlers.o(i.__scatterload_null)
    i.__scatterload_zeroinit                 0x00006230   Section       14  handlers.o(i.__scatterload_zeroinit)
    _printf_core                             0x00006241   Thumb Code   552  printf4.o(i._printf_core)
    i._printf_core                           0x00006240   Section        0  printf4.o(i._printf_core)
    .constdata                               0x0000646c   Section      129  ctype_o.o(.constdata)
    table                                    0x000064f0   Data           4  ctype_o.o(.constdata)
    .constdata                               0x000064f0   Section        4  ctype_o.o(.constdata)
    Font                                     0x000064f4   Data        1275  st7735.o(.rodata.Font)
    [Anonymous Symbol]                       0x000064f4   Section        0  st7735.o(.rodata.Font)
    Rcmd1                                    0x000069f4   Data          59  st7735.o(.rodata.Rcmd1)
    [Anonymous Symbol]                       0x000069f4   Section        0  st7735.o(.rodata.Rcmd1)
    Rcmd2green                               0x00006a2f   Data          13  st7735.o(.rodata.Rcmd2green)
    [Anonymous Symbol]                       0x00006a2f   Section        0  st7735.o(.rodata.Rcmd2green)
    Rcmd2red                                 0x00006a3c   Data          13  st7735.o(.rodata.Rcmd2red)
    [Anonymous Symbol]                       0x00006a3c   Section        0  st7735.o(.rodata.Rcmd2red)
    Rcmd3                                    0x00006a49   Data          43  st7735.o(.rodata.Rcmd3)
    [Anonymous Symbol]                       0x00006a49   Section        0  st7735.o(.rodata.Rcmd3)
    f_mkfs.cst                               0x00006a74   Data          22  ff.o(.rodata.f_mkfs.cst)
    [Anonymous Symbol]                       0x00006a74   Section        0  ff.o(.rodata.f_mkfs.cst)
    [Anonymous Symbol]                       0x00006a8a   Section        0  lab5.o(.rodata.str1.1)
    .L.str.4                                 0x00006abe   Data           3  lab5.o(.rodata.str1.1)
    .L.str.5                                 0x00006ac1   Data          15  lab5.o(.rodata.str1.1)
    .L.str.11                                0x00006aca   Data           3  lab5.o(.rodata.str1.1)
    .L.str.6                                 0x00006ad0   Data           3  lab5.o(.rodata.str1.1)
    .L.str.7                                 0x00006ad3   Data           1  lab5.o(.rodata.str1.1)
    .L.str.16                                0x00006ad4   Data           6  lab5.o(.rodata.str1.1)
    .L.str.19                                0x00006ada   Data          12  lab5.o(.rodata.str1.1)
    .L.str.1                                 0x00006ae0   Data          13  lab5.o(.rodata.str1.1)
    .L.str.22                                0x00006ae6   Data          15  lab5.o(.rodata.str1.1)
    .L.str.2                                 0x00006aed   Data          13  lab5.o(.rodata.str1.1)
    .L.str.23                                0x00006af5   Data          13  lab5.o(.rodata.str1.1)
    .L.str                                   0x00006afa   Data          13  lab5.o(.rodata.str1.1)
    .L.str.24                                0x00006b02   Data          14  lab5.o(.rodata.str1.1)
    .L.str.3                                 0x00006b07   Data          13  lab5.o(.rodata.str1.1)
    .L.str.25                                0x00006b10   Data          18  lab5.o(.rodata.str1.1)
    .L.str.26                                0x00006b22   Data          17  lab5.o(.rodata.str1.1)
    .L.str.27                                0x00006b33   Data          17  lab5.o(.rodata.str1.1)
    .L.str.31                                0x00006b44   Data          10  lab5.o(.rodata.str1.1)
    .L.str.32                                0x00006b4e   Data          12  lab5.o(.rodata.str1.1)
    .L.str.33                                0x00006b5a   Data           4  lab5.o(.rodata.str1.1)
    .L.str.34                                0x00006b5e   Data          10  lab5.o(.rodata.str1.1)
    .L.str.35                                0x00006b68   Data           2  lab5.o(.rodata.str1.1)
    .L.str.38                                0x00006b6a   Data           2  lab5.o(.rodata.str1.1)
    .L.str.40                                0x00006b6c   Data           9  lab5.o(.rodata.str1.1)
    .L.str.43                                0x00006b75   Data          23  lab5.o(.rodata.str1.1)
    .L.str.46                                0x00006b8c   Data          13  lab5.o(.rodata.str1.1)
    .L.str.51                                0x00006b99   Data          26  lab5.o(.rodata.str1.1)
    .L.str                                   0x00006baf   Data          22  st7735.o(.rodata.str1.1)
    [Anonymous Symbol]                       0x00006baf   Section        0  st7735.o(.rodata.str1.1)
    .L.str.25                                0x00006bc5   Data          17  interpreter.o(.rodata.str1.1)
    [Anonymous Symbol]                       0x00006bc5   Section        0  interpreter.o(.rodata.str1.1)
    .L.str.18                                0x00006bd6   Data          22  interpreter.o(.rodata.str1.1)
    .L.str.1                                 0x00006bec   Data           3  interpreter.o(.rodata.str1.1)
    .L.str                                   0x00006bef   Data          13  interpreter.o(.rodata.str1.1)
    .L.str.3                                 0x00006bfc   Data           5  interpreter.o(.rodata.str1.1)
    .L.str.4                                 0x00006c01   Data          70  interpreter.o(.rodata.str1.1)
    .L.str                                   0x00006c47   Data          16  ff.o(.rodata.str1.1)
    .L.str.3                                 0x00006c47   Data          20  ff.o(.rodata.str1.1)
    [Anonymous Symbol]                       0x00006c47   Section        0  ff.o(.rodata.str1.1)
    .L.str.2                                 0x00006c5b   Data          20  ff.o(.rodata.str1.1)
    .L.str.1                                 0x00006c6f   Data          12  ff.o(.rodata.str1.1)
    .L.str.4                                 0x00006c7b   Data          15  ff.o(.rodata.str1.1)
    .L.str                                   0x00006c99   Data           1  ff.o(.rodata.str1.1)
    f_mkfs.vst                               0x00006c9a   Data          22  ff.o(.rodata.str2.2)
    [Anonymous Symbol]                       0x00006c9a   Section        0  ff.o(.rodata.str2.2)
    state                                    0x20000000   Data           4  strtok.o(.data)
    .data                                    0x20000000   Section        4  strtok.o(.data)
    .data                                    0x20000004   Section        4  stdout.o(.data)
    _errno                                   0x20000008   Data           4  errno.o(.data)
    .data                                    0x20000008   Section        4  errno.o(.data)
    OS_Jitter1Calc.LastTime                  0x2000054c   Data           4  os.o(.data.OS_Jitter1Calc.LastTime)
    [Anonymous Symbol]                       0x2000054c   Section        0  os.o(.data.OS_Jitter1Calc.LastTime)
    Stat                                     0x20000552   Data           1  edisk.o(.data.Stat)
    [Anonymous Symbol]                       0x20000552   Section        0  edisk.o(.data.Stat)
    CardType                                 0x2000055c   Data           1  edisk.o(.bss.CardType)
    [Anonymous Symbol]                       0x2000055c   Section        0  edisk.o(.bss.CardType)
    ColStart                                 0x2000055d   Data           1  st7735.o(.bss.ColStart)
    [Anonymous Symbol]                       0x2000055d   Section        0  st7735.o(.bss.ColStart)
    FatFs                                    0x20000564   Data           4  ff.o(.bss.FatFs)
    [Anonymous Symbol]                       0x20000564   Section        0  ff.o(.bss.FatFs)
    Fsid                                     0x20000568   Data           2  ff.o(.bss.Fsid)
    [Anonymous Symbol]                       0x20000568   Section        0  ff.o(.bss.Fsid)
    RowStart                                 0x200007b8   Data           1  st7735.o(.bss.RowStart)
    [Anonymous Symbol]                       0x200007b8   Section        0  st7735.o(.bss.RowStart)
    RxFifo                                   0x200007cc   Data        1024  uart0int.o(.bss.RxFifo)
    [Anonymous Symbol]                       0x200007cc   Section        0  uart0int.o(.bss.RxFifo)
    TabColor                                 0x20000d4c   Data           1  st7735.o(.bss.TabColor)
    [Anonymous Symbol]                       0x20000d4c   Section        0  st7735.o(.bss.TabColor)
    Timer1                                   0x20000d50   Data           4  edisk.o(.bss.Timer1)
    [Anonymous Symbol]                       0x20000d50   Section        0  edisk.o(.bss.Timer1)
    Timer2                                   0x20000d54   Data           4  edisk.o(.bss.Timer2)
    [Anonymous Symbol]                       0x20000d54   Section        0  edisk.o(.bss.Timer2)
    TxFifo                                   0x20000d58   Data        1024  uart0int.o(.bss.TxFifo)
    [Anonymous Symbol]                       0x20000d58   Section        0  uart0int.o(.bss.TxFifo)
    _height                                  0x20001170   Data           1  st7735.o(.bss._height)
    [Anonymous Symbol]                       0x20001170   Section        0  st7735.o(.bss._height)
    _width                                   0x20001172   Data           1  st7735.o(.bss._width)
    [Anonymous Symbol]                       0x20001172   Section        0  st7735.o(.bss._width)
    d                                        0x2000117c   Data          28  efile.o(.bss.d)
    [Anonymous Symbol]                       0x2000117c   Section        0  efile.o(.bss.d)
    f                                        0x20001198   Data         548  efile.o(.bss.f)
    [Anonymous Symbol]                       0x20001198   Section        0  efile.o(.bss.f)
    fi                                       0x200013bc   Data          24  efile.o(.bss.fi)
    [Anonymous Symbol]                       0x200013bc   Section        0  efile.o(.bss.fi)
    g_sFatFs                                 0x200013d4   Data         564  efile.o(.bss.g_sFatFs)
    [Anonymous Symbol]                       0x200013d4   Section        0  efile.o(.bss.g_sFatFs)
    StackMem                                 0x200066a0   Data           0  startup.o(STACK)
    STACK                                    0x200066a0   Section     1024  startup.o(STACK)

    Global Symbols

    Symbol Name                              Value     Ov Type        Size  Object(Section)

    BuildAttributes$$THM_ISAv4$E$P$D$K$B$S$7EM$PE$A:L22UL41UL21$X:L11$S22US41US21$IEEE1$IW$~IW$USESV6$~STKCKD$USESV7$~SHL$OTIME$ROPI$EBA8$MICROLIB$REQ8$PRES8$EABIv2 0x00000000   Number         0  anon$$obj.o ABSOLUTE
    __Vectors                                0x00000000   Data           0  startup.o(RESET)
    _printf_a                                0x00000000   Number         0  printfstubs.o ABSOLUTE
    _printf_c                                0x00000000   Number         0  printfstubs.o ABSOLUTE
    _printf_charcount                        0x00000000   Number         0  printfstubs.o ABSOLUTE
    _printf_d                                0x00000000   Number         0  printfstubs.o ABSOLUTE
    _printf_e                                0x00000000   Number         0  printfstubs.o ABSOLUTE
    _printf_f                                0x00000000   Number         0  printfstubs.o ABSOLUTE
    _printf_flags                            0x00000000   Number         0  printfstubs.o ABSOLUTE
    _printf_fp_dec                           0x00000000   Number         0  printfstubs.o ABSOLUTE
    _printf_fp_hex                           0x00000000   Number         0  printfstubs.o ABSOLUTE
    _printf_g                                0x00000000   Number         0  printfstubs.o ABSOLUTE
    _printf_i                                0x00000000   Number         0  printfstubs.o ABSOLUTE
    _printf_int_dec                          0x00000000   Number         0  printfstubs.o ABSOLUTE
    _printf_l                                0x00000000   Number         0  printfstubs.o ABSOLUTE
    _printf_lc                               0x00000000   Number         0  printfstubs.o ABSOLUTE
    _printf_ll                               0x00000000   Number         0  printfstubs.o ABSOLUTE
    _printf_lld                              0x00000000   Number         0  printfstubs.o ABSOLUTE
    _printf_lli                              0x00000000   Number         0  printfstubs.o ABSOLUTE
    _printf_llo                              0x00000000   Number         0  printfstubs.o ABSOLUTE
    _printf_llu                              0x00000000   Number         0  printfstubs.o ABSOLUTE
    _printf_llx                              0x00000000   Number         0  printfstubs.o ABSOLUTE
    _printf_longlong_dec                     0x00000000   Number         0  printfstubs.o ABSOLUTE
    _printf_longlong_hex                     0x00000000   Number         0  printfstubs.o ABSOLUTE
    _printf_longlong_oct                     0x00000000   Number         0  printfstubs.o ABSOLUTE
    _printf_ls                               0x00000000   Number         0  printfstubs.o ABSOLUTE
    _printf_mbtowc                           0x00000000   Number         0  printfstubs.o ABSOLUTE
    _printf_n                                0x00000000   Number         0  printfstubs.o ABSOLUTE
    _printf_o                                0x00000000   Number         0  printfstubs.o ABSOLUTE
    _printf_p                                0x00000000   Number         0  printfstubs.o ABSOLUTE
    _printf_percent                          0x00000000   Number         0  printfstubs.o ABSOLUTE
    _printf_pre_padding                      0x00000000   Number         0  printfstubs.o ABSOLUTE
    _printf_return_value                     0x00000000   Number         0  printfstubs.o ABSOLUTE
    _printf_s                                0x00000000   Number         0  printfstubs.o ABSOLUTE
    _printf_sizespec                         0x00000000   Number         0  printfstubs.o ABSOLUTE
    _printf_str                              0x00000000   Number         0  printfstubs.o ABSOLUTE
    _printf_truncate_signed                  0x00000000   Number         0  printfstubs.o ABSOLUTE
    _printf_truncate_unsigned                0x00000000   Number         0  printfstubs.o ABSOLUTE
    _printf_u                                0x00000000   Number         0  printfstubs.o ABSOLUTE
    _printf_wc                               0x00000000   Number         0  printfstubs.o ABSOLUTE
    _printf_wctomb                           0x00000000   Number         0  printfstubs.o ABSOLUTE
    _printf_widthprec                        0x00000000   Number         0  printfstubs.o ABSOLUTE
    _printf_x                                0x00000000   Number         0  printfstubs.o ABSOLUTE
    __cpp_initialize__aeabi_                  - Undefined Weak Reference
    __cxa_finalize                            - Undefined Weak Reference
    _clock_init                               - Undefined Weak Reference
    _microlib_exit                            - Undefined Weak Reference
    Reset_Handler                            0x0000026d   Thumb Code     0  startup.o(RESET)
    NMI_Handler                              0x00000271   Thumb Code     2  startup.o(RESET)
    HardFault_Handler                        0x00000273   Thumb Code     2  startup.o(RESET)
    MemManage_Handler                        0x00000275   Thumb Code     2  startup.o(RESET)
    BusFault_Handler                         0x00000277   Thumb Code     2  startup.o(RESET)
    UsageFault_Handler                       0x00000279   Thumb Code     2  startup.o(RESET)
    DebugMon_Handler                         0x0000027d   Thumb Code     2  startup.o(RESET)
    ADC0Seq1_Handler                         0x00000283   Thumb Code     0  startup.o(RESET)
    ADC0Seq2_Handler                         0x00000283   Thumb Code     0  startup.o(RESET)
    ADC1Seq0_Handler                         0x00000283   Thumb Code     0  startup.o(RESET)
    ADC1Seq1_Handler                         0x00000283   Thumb Code     0  startup.o(RESET)
    ADC1Seq2_Handler                         0x00000283   Thumb Code     0  startup.o(RESET)
    ADC1Seq3_Handler                         0x00000283   Thumb Code     0  startup.o(RESET)
    CAN0_Handler                             0x00000283   Thumb Code     0  startup.o(RESET)
    CAN1_Handler                             0x00000283   Thumb Code     0  startup.o(RESET)
    CAN2_Handler                             0x00000283   Thumb Code     0  startup.o(RESET)
    Comp0_Handler                            0x00000283   Thumb Code     0  startup.o(RESET)
    Comp1_Handler                            0x00000283   Thumb Code     0  startup.o(RESET)
    Comp2_Handler                            0x00000283   Thumb Code     0  startup.o(RESET)
    Ethernet_Handler                         0x00000283   Thumb Code     0  startup.o(RESET)
    ExtBus_Handler                           0x00000283   Thumb Code     0  startup.o(RESET)
    FPU_Handler                              0x00000283   Thumb Code     0  startup.o(RESET)
    Fan0_Handler                             0x00000283   Thumb Code     0  startup.o(RESET)
    FlashCtl_Handler                         0x00000283   Thumb Code     0  startup.o(RESET)
    GPIOPortA_Handler                        0x00000283   Thumb Code     0  startup.o(RESET)
    GPIOPortB_Handler                        0x00000283   Thumb Code     0  startup.o(RESET)
    GPIOPortC_Handler                        0x00000283   Thumb Code     0  startup.o(RESET)
    GPIOPortD_Handler                        0x00000283   Thumb Code     0  startup.o(RESET)
    GPIOPortE_Handler                        0x00000283   Thumb Code     0  startup.o(RESET)
    GPIOPortG_Handler                        0x00000283   Thumb Code     0  startup.o(RESET)
    GPIOPortH_Handler                        0x00000283   Thumb Code     0  startup.o(RESET)
    GPIOPortJ_Handler                        0x00000283   Thumb Code     0  startup.o(RESET)
    GPIOPortK_Handler                        0x00000283   Thumb Code     0  startup.o(RESET)
    GPIOPortL_Handler                        0x00000283   Thumb Code     0  startup.o(RESET)
    GPIOPortM_Handler                        0x00000283   Thumb Code     0  startup.o(RESET)
    GPIOPortN_Handler                        0x00000283   Thumb Code     0  startup.o(RESET)
    GPIOPortP1_Handler                       0x00000283   Thumb Code     0  startup.o(RESET)
    GPIOPortP2_Handler                       0x00000283   Thumb Code     0  startup.o(RESET)
    GPIOPortP3_Handler                       0x00000283   Thumb Code     0  startup.o(RESET)
    GPIOPortP4_Handler                       0x00000283   Thumb Code     0  startup.o(RESET)
    GPIOPortP5_Handler                       0x00000283   Thumb Code     0  startup.o(RESET)
    GPIOPortP6_Handler                       0x00000283   Thumb Code     0  startup.o(RESET)
    GPIOPortP7_Handler                       0x00000283   Thumb Code     0  startup.o(RESET)
    GPIOPortP_Handler                        0x00000283   Thumb Code     0  startup.o(RESET)
    GPIOPortQ1_Handler                       0x00000283   Thumb Code     0  startup.o(RESET)
    GPIOPortQ2_Handler                       0x00000283   Thumb Code     0  startup.o(RESET)
    GPIOPortQ3_Handler                       0x00000283   Thumb Code     0  startup.o(RESET)
    GPIOPortQ4_Handler                       0x00000283   Thumb Code     0  startup.o(RESET)
    GPIOPortQ5_Handler                       0x00000283   Thumb Code     0  startup.o(RESET)
    GPIOPortQ6_Handler                       0x00000283   Thumb Code     0  startup.o(RESET)
    GPIOPortQ7_Handler                       0x00000283   Thumb Code     0  startup.o(RESET)
    GPIOPortQ_Handler                        0x00000283   Thumb Code     0  startup.o(RESET)
    GPIOPortR_Handler                        0x00000283   Thumb Code     0  startup.o(RESET)
    GPIOPortS_Handler                        0x00000283   Thumb Code     0  startup.o(RESET)
    Hibernate_Handler                        0x00000283   Thumb Code     0  startup.o(RESET)
    I2C0_Handler                             0x00000283   Thumb Code     0  startup.o(RESET)
    I2C1_Handler                             0x00000283   Thumb Code     0  startup.o(RESET)
    I2C2_Handler                             0x00000283   Thumb Code     0  startup.o(RESET)
    I2C3_Handler                             0x00000283   Thumb Code     0  startup.o(RESET)
    I2C4_Handler                             0x00000283   Thumb Code     0  startup.o(RESET)
    I2C5_Handler                             0x00000283   Thumb Code     0  startup.o(RESET)
    I2S0_Handler                             0x00000283   Thumb Code     0  startup.o(RESET)
    LPC0_Handler                             0x00000283   Thumb Code     0  startup.o(RESET)
    PECI0_Handler                            0x00000283   Thumb Code     0  startup.o(RESET)
    PWM0Fault_Handler                        0x00000283   Thumb Code     0  startup.o(RESET)
    PWM0Generator0_Handler                   0x00000283   Thumb Code     0  startup.o(RESET)
    PWM0Generator1_Handler                   0x00000283   Thumb Code     0  startup.o(RESET)
    PWM0Generator2_Handler                   0x00000283   Thumb Code     0  startup.o(RESET)
    PWM0Generator3_Handler                   0x00000283   Thumb Code     0  startup.o(RESET)
    PWM1Fault_Handler                        0x00000283   Thumb Code     0  startup.o(RESET)
    PWM1Generator0_Handler                   0x00000283   Thumb Code     0  startup.o(RESET)
    PWM1Generator1_Handler                   0x00000283   Thumb Code     0  startup.o(RESET)
    PWM1Generator2_Handler                   0x00000283   Thumb Code     0  startup.o(RESET)
    PWM1Generator3_Handler                   0x00000283   Thumb Code     0  startup.o(RESET)
    Quadrature0_Handler                      0x00000283   Thumb Code     0  startup.o(RESET)
    Quadrature1_Handler                      0x00000283   Thumb Code     0  startup.o(RESET)
    Quadrature2_Handler                      0x00000283   Thumb Code     0  startup.o(RESET)
    SSI0_Handler                             0x00000283   Thumb Code     0  startup.o(RESET)
    SSI1_Handler                             0x00000283   Thumb Code     0  startup.o(RESET)
    SSI2_Handler                             0x00000283   Thumb Code     0  startup.o(RESET)
    SSI3_Handler                             0x00000283   Thumb Code     0  startup.o(RESET)
    SysCtl_Handler                           0x00000283   Thumb Code     0  startup.o(RESET)
    Timer0B_Handler                          0x00000283   Thumb Code     0  startup.o(RESET)
    Timer1B_Handler                          0x00000283   Thumb Code     0  startup.o(RESET)
    Timer2B_Handler                          0x00000283   Thumb Code     0  startup.o(RESET)
    Timer3B_Handler                          0x00000283   Thumb Code     0  startup.o(RESET)
    Timer4B_Handler                          0x00000283   Thumb Code     0  startup.o(RESET)
    Timer5B_Handler                          0x00000283   Thumb Code     0  startup.o(RESET)
    UART1_Handler                            0x00000283   Thumb Code     0  startup.o(RESET)
    UART2_Handler                            0x00000283   Thumb Code     0  startup.o(RESET)
    UART3_Handler                            0x00000283   Thumb Code     0  startup.o(RESET)
    UART4_Handler                            0x00000283   Thumb Code     0  startup.o(RESET)
    UART5_Handler                            0x00000283   Thumb Code     0  startup.o(RESET)
    UART6_Handler                            0x00000283   Thumb Code     0  startup.o(RESET)
    UART7_Handler                            0x00000283   Thumb Code     0  startup.o(RESET)
    USB0_Handler                             0x00000283   Thumb Code     0  startup.o(RESET)
    WDT_Handler                              0x00000283   Thumb Code     0  startup.o(RESET)
    WideTimer0B_Handler                      0x00000283   Thumb Code     0  startup.o(RESET)
    WideTimer1A_Handler                      0x00000283   Thumb Code     0  startup.o(RESET)
    WideTimer1B_Handler                      0x00000283   Thumb Code     0  startup.o(RESET)
    WideTimer2A_Handler                      0x00000283   Thumb Code     0  startup.o(RESET)
    WideTimer2B_Handler                      0x00000283   Thumb Code     0  startup.o(RESET)
    WideTimer3A_Handler                      0x00000283   Thumb Code     0  startup.o(RESET)
    WideTimer3B_Handler                      0x00000283   Thumb Code     0  startup.o(RESET)
    WideTimer4A_Handler                      0x00000283   Thumb Code     0  startup.o(RESET)
    WideTimer4B_Handler                      0x00000283   Thumb Code     0  startup.o(RESET)
    WideTimer5A_Handler                      0x00000283   Thumb Code     0  startup.o(RESET)
    WideTimer5B_Handler                      0x00000283   Thumb Code     0  startup.o(RESET)
    uDMA_Error                               0x00000283   Thumb Code     0  startup.o(RESET)
    uDMA_Handler                             0x00000283   Thumb Code     0  startup.o(RESET)
    __main                                   0x00000285   Thumb Code     0  entry.o(.ARM.Collect$$$$00000000)
    _main_stk                                0x00000285   Thumb Code     0  entry2.o(.ARM.Collect$$$$00000001)
    _main_scatterload                        0x00000289   Thumb Code     0  entry5.o(.ARM.Collect$$$$00000004)
    __main_after_scatterload                 0x0000028d   Thumb Code     0  entry5.o(.ARM.Collect$$$$00000004)
    _main_clock                              0x0000028d   Thumb Code     0  entry7b.o(.ARM.Collect$$$$00000008)
    _main_cpp_init                           0x0000028d   Thumb Code     0  entry8b.o(.ARM.Collect$$$$0000000A)
    _main_init                               0x0000028d   Thumb Code     0  entry9a.o(.ARM.Collect$$$$0000000B)
    __rt_final_cpp                           0x00000295   Thumb Code     0  entry10a.o(.ARM.Collect$$$$0000000D)
    __rt_final_exit                          0x00000295   Thumb Code     0  entry11a.o(.ARM.Collect$$$$0000000F)
    DisableInterrupts                        0x00000299   Thumb Code     0  startup.o(.text)
    EnableInterrupts                         0x0000029d   Thumb Code     0  startup.o(.text)
    StartCritical                            0x000002a1   Thumb Code     0  startup.o(.text)
    EndCritical                              0x000002a9   Thumb Code     0  startup.o(.text)
    WaitForInterrupt                         0x000002af   Thumb Code     0  startup.o(.text)
    SVC_OS_Id                                0x000002b3   Thumb Code     0  startup.o(.text)
    SVC_OS_Kill                              0x000002b7   Thumb Code     0  startup.o(.text)
    SVC_OS_Sleep                             0x000002bb   Thumb Code     0  startup.o(.text)
    SVC_OS_Time                              0x000002bf   Thumb Code     0  startup.o(.text)
    SVC_OS_AddThread                         0x000002c3   Thumb Code     0  startup.o(.text)
    StartOS                                  0x000002c9   Thumb Code     0  osasm.o(.text)
    ContextSwitch                            0x000002eb   Thumb Code     0  osasm.o(.text)
    PendSV_Handler                           0x00000313   Thumb Code     0  osasm.o(.text)
    SVC_Handler                              0x00000333   Thumb Code     0  osasm.o(.text)
    Thread_Stack_init                        0x00000335   Thumb Code     0  osasm.o(.text)
    tolower                                  0x00000359   Thumb Code    12  tolower.o(.text)
    __aeabi_memset                           0x00000365   Thumb Code    14  memseta.o(.text)
    __aeabi_memset4                          0x00000365   Thumb Code     0  memseta.o(.text)
    __aeabi_memset8                          0x00000365   Thumb Code     0  memseta.o(.text)
    __aeabi_memclr                           0x00000373   Thumb Code     4  memseta.o(.text)
    __aeabi_memclr4                          0x00000373   Thumb Code     0  memseta.o(.text)
    __aeabi_memclr8                          0x00000373   Thumb Code     0  memseta.o(.text)
    _memset$wrapper                          0x00000377   Thumb Code    18  memseta.o(.text)
    strlen                                   0x00000389   Thumb Code    14  strlen.o(.text)
    strcmp                                   0x00000397   Thumb Code    28  strcmp.o(.text)
    strcpy                                   0x000003b3   Thumb Code    18  strcpy.o(.text)
    strtok                                   0x000003c5   Thumb Code    62  strtok.o(.text)
    atoi                                     0x00000409   Thumb Code    26  atoi.o(.text)
    __aeabi_uldivmod                         0x00000423   Thumb Code    98  uldiv.o(.text)
    strtol                                   0x00000485   Thumb Code   112  strtol.o(.text)
    __scatterload                            0x000004f5   Thumb Code    38  init.o(.text)
    __scatterload_rt2                        0x000004f5   Thumb Code     0  init.o(.text)
    __aeabi_llsl                             0x00000525   Thumb Code    30  llshl.o(.text)
    _ll_shift_l                              0x00000525   Thumb Code     0  llshl.o(.text)
    __aeabi_llsr                             0x00000543   Thumb Code    32  llushr.o(.text)
    _ll_ushift_r                             0x00000543   Thumb Code     0  llushr.o(.text)
    __rt_ctype_table                         0x00000565   Thumb Code     4  ctype_o.o(.text)
    _strtoul                                 0x0000056d   Thumb Code   158  _strtoul.o(.text)
    _chval                                   0x0000060b   Thumb Code    28  _chval.o(.text)
    __decompress                             0x00000627   Thumb Code     0  __dczerorl2.o(.text)
    __decompress1                            0x00000627   Thumb Code    86  __dczerorl2.o(.text)
    ADC0Seq0_Handler                         0x0000067d   Thumb Code    30  adct0atrigger.o(.text.ADC0Seq0_Handler)
    ADC0Seq3_Handler                         0x0000069d   Thumb Code    28  adct0atrigger.o(.text.ADC0Seq3_Handler)
    ADC0_InSeq3                              0x000006b9   Thumb Code    32  adcswtrigger.o(.text.ADC0_InSeq3)
    ADC0_InitSWTriggerSeq3                   0x000006d9   Thumb Code   452  adcswtrigger.o(.text.ADC0_InitSWTriggerSeq3)
    ADC_In                                   0x000008cd   Thumb Code     4  adc.o(.text.ADC_In)
    ADC_Init                                 0x000008d1   Thumb Code    10  adc.o(.text.ADC_Init)
    ButtonWork                               0x000008dd   Thumb Code   142  lab5.o(.text.ButtonWork)
    CS_Init                                  0x0000096d   Thumb Code   106  edisk.o(.text.CS_Init)
    GPIOPortF_Handler                        0x000009d9   Thumb Code    74  os.o(.text.GPIOPortF_Handler)
    Heap_Init                                0x00000a25   Thumb Code     4  heap.o(.text.Heap_Init)
    Heap_Stats                               0x00000a29   Thumb Code     4  heap.o(.text.Heap_Stats)
    Idle                                     0x00000a2d   Thumb Code    40  lab5.o(.text.Idle)
    Interpreter                              0x00000a55   Thumb Code   284  interpreter.o(.text.Interpreter)
    LaunchPad_Init                           0x00000b95   Thumb Code    70  launchpad.o(.text.LaunchPad_Init)
    OS_AddPeriodicThread                     0x00000bdd   Thumb Code   166  os.o(.text.OS_AddPeriodicThread)
    OS_AddSW1Task                            0x00000c85   Thumb Code   216  os.o(.text.OS_AddSW1Task)
    OS_AddSW2Task                            0x00000d5d   Thumb Code   210  os.o(.text.OS_AddSW2Task)
    OS_AddThread                             0x00000e31   Thumb Code   260  os.o(.text.OS_AddThread)
    OS_ClearMsTime                           0x00000f35   Thumb Code    14  os.o(.text.OS_ClearMsTime)
    OS_Id                                    0x00000f45   Thumb Code    14  os.o(.text.OS_Id)
    OS_IncrementTime                         0x00000f55   Thumb Code    16  os.o(.text.OS_IncrementTime)
    OS_Init                                  0x00000f65   Thumb Code   104  os.o(.text.OS_Init)
    OS_InitSemaphore                         0x00000fcd   Thumb Code    10  os.o(.text.OS_InitSemaphore)
    OS_Jitter1Calc                           0x00000fd9   Thumb Code    88  os.o(.text.OS_Jitter1Calc)
    OS_Jitter2Calc                           0x00001031   Thumb Code    44  os.o(.text.OS_Jitter2Calc)
    OS_Kill                                  0x0000105d   Thumb Code   234  os.o(.text.OS_Kill)
    OS_Launch                                0x00001149   Thumb Code   168  os.o(.text.OS_Launch)
    OS_MsTime                                0x000011f1   Thumb Code    12  os.o(.text.OS_MsTime)
    OS_Signal                                0x000011fd   Thumb Code   212  os.o(.text.OS_Signal)
    OS_Sleep                                 0x000012d1   Thumb Code   254  os.o(.text.OS_Sleep)
    OS_Time                                  0x000013d1   Thumb Code    18  os.o(.text.OS_Time)
    OS_Wait                                  0x000013e5   Thumb Code   316  os.o(.text.OS_Wait)
    OS_bSignal                               0x00001521   Thumb Code   212  os.o(.text.OS_bSignal)
    OS_bWait                                 0x000015f5   Thumb Code   300  os.o(.text.OS_bWait)
    OS_getThreadCount                        0x00001721   Thumb Code    12  os.o(.text.OS_getThreadCount)
    PLL_Init                                 0x0000172d   Thumb Code   106  pll.o(.text.PLL_Init)
    SSI0_Init                                0x00001799   Thumb Code   370  edisk.o(.text.SSI0_Init)
    ST7735_DrawCharS                         0x0000190d   Thumb Code   240  st7735.o(.text.ST7735_DrawCharS)
    ST7735_DrawFastHLine                     0x000019fd   Thumb Code   234  st7735.o(.text.ST7735_DrawFastHLine)
    ST7735_DrawPixel                         0x00001ae9   Thumb Code   190  st7735.o(.text.ST7735_DrawPixel)
    ST7735_FillRect                          0x00001ba9   Thumb Code   252  st7735.o(.text.ST7735_FillRect)
    ST7735_FillScreen                        0x00001ca5   Thumb Code    82  st7735.o(.text.ST7735_FillScreen)
    ST7735_InitR                             0x00001cf9   Thumb Code   312  st7735.o(.text.ST7735_InitR)
    ST7735_Message                           0x00001e31   Thumb Code   156  st7735.o(.text.ST7735_Message)
    ST7735_MessageDelay                      0x00001ecd   Thumb Code   168  st7735.o(.text.ST7735_MessageDelay)
    ST7735_MessageString                     0x00001f75   Thumb Code   136  st7735.o(.text.ST7735_MessageString)
    ST7735_OutChar                           0x00001ffd   Thumb Code   354  st7735.o(.text.ST7735_OutChar)
    ST7735_OutUDec                           0x00002161   Thumb Code   294  st7735.o(.text.ST7735_OutUDec)
    SW1Push                                  0x00002289   Thumb Code    52  lab5.o(.text.SW1Push)
    SW2Push                                  0x000022bd   Thumb Code    52  lab5.o(.text.SW2Push)
    SysTick_Handler                          0x000022f1   Thumb Code   180  os.o(.text.SysTick_Handler)
    Timer0A_Handler                          0x000023a5   Thumb Code    36  timer0a.o(.text.Timer0A_Handler)
    Timer1A_Handler                          0x000023c9   Thumb Code    38  timer1a.o(.text.Timer1A_Handler)
    Timer1A_Init                             0x000023f1   Thumb Code   116  timer1a.o(.text.Timer1A_Init)
    Timer2A_Handler                          0x00002465   Thumb Code    38  timer2a.o(.text.Timer2A_Handler)
    Timer2A_Init                             0x0000248d   Thumb Code   116  timer2a.o(.text.Timer2A_Init)
    Timer3A_Handler                          0x00002501   Thumb Code    24  timer3a.o(.text.Timer3A_Handler)
    Timer3A_Init                             0x00002519   Thumb Code   114  timer3a.o(.text.Timer3A_Init)
    Timer4A_Handler                          0x0000258d   Thumb Code    24  timer4a.o(.text.Timer4A_Handler)
    Timer4A_Init                             0x000025a5   Thumb Code   114  timer4a.o(.text.Timer4A_Init)
    Timer5A_Handler                          0x00002619   Thumb Code    24  timer5a.o(.text.Timer5A_Handler)
    Timer5A_Init                             0x00002631   Thumb Code    98  timer5a.o(.text.Timer5A_Init)
    UART0_Handler                            0x00002695   Thumb Code   374  uart0int.o(.text.UART0_Handler)
    UART_InString                            0x0000280d   Thumb Code   182  uart0int.o(.text.UART_InString)
    UART_Init                                0x000028c5   Thumb Code   242  uart0int.o(.text.UART_Init)
    UART_OutChar                             0x000029b9   Thumb Code   180  uart0int.o(.text.UART_OutChar)
    UART_OutSDec                             0x00002a6d   Thumb Code    32  uart0int.o(.text.UART_OutSDec)
    UART_OutString                           0x00002a8d   Thumb Code    32  uart0int.o(.text.UART_OutString)
    UART_OutUDec                             0x00002aad   Thumb Code    50  uart0int.o(.text.UART_OutUDec)
    WideTimer0A_Handler                      0x00002ae1   Thumb Code    24  wtimer0a.o(.text.WideTimer0A_Handler)
    clear                                    0x00002af9   Thumb Code    30  interpreter.o(.text.clear)
    delFile                                  0x00002e61   Thumb Code    44  interpreter.o(.text.delFile)
    disk_ioctl                               0x00003165   Thumb Code   644  edisk.o(.text.disk_ioctl)
    disk_timerproc                           0x000033e9   Thumb Code    58  edisk.o(.text.disk_timerproc)
    display_cat                              0x00003425   Thumb Code    48  interpreter.o(.text.display_cat)
    eDisk_Init                               0x00003461   Thumb Code   494  edisk.o(.text.eDisk_Init)
    eDisk_Read                               0x00003651   Thumb Code   246  edisk.o(.text.eDisk_Read)
    eDisk_Status                             0x00003749   Thumb Code    20  edisk.o(.text.eDisk_Status)
    eDisk_Write                              0x0000375d   Thumb Code   346  edisk.o(.text.eDisk_Write)
    eFile_Create                             0x000038b9   Thumb Code    52  efile.o(.text.eFile_Create)
    eFile_Delete                             0x000038ed   Thumb Code    42  efile.o(.text.eFile_Delete)
    eFile_DirNext                            0x00003919   Thumb Code    80  efile.o(.text.eFile_DirNext)
    eFile_Format                             0x00003969   Thumb Code    50  efile.o(.text.eFile_Format)
    eFile_Mount                              0x0000399d   Thumb Code    56  efile.o(.text.eFile_Mount)
    eFile_RClose                             0x000039d5   Thumb Code    46  efile.o(.text.eFile_RClose)
    eFile_ROpen                              0x00003a05   Thumb Code    52  efile.o(.text.eFile_ROpen)
    eFile_ReadNext                           0x00003a39   Thumb Code    64  efile.o(.text.eFile_ReadNext)
    eFile_Unmount                            0x00003a79   Thumb Code    50  efile.o(.text.eFile_Unmount)
    eFile_WClose                             0x00003aad   Thumb Code    46  efile.o(.text.eFile_WClose)
    eFile_WOpen                              0x00003add   Thumb Code    52  efile.o(.text.eFile_WOpen)
    eFile_Write                              0x00003b11   Thumb Code    68  efile.o(.text.eFile_Write)
    f_close                                  0x00003b55   Thumb Code    62  ff.o(.text.f_close)
    f_mkfs                                   0x00003b95   Thumb Code  1478  ff.o(.text.f_mkfs)
    f_mount                                  0x0000415d   Thumb Code   144  ff.o(.text.f_mount)
    f_open                                   0x000041ed   Thumb Code   436  ff.o(.text.f_open)
    f_read                                   0x000043a1   Thumb Code   430  ff.o(.text.f_read)
    f_readdir                                0x00004551   Thumb Code   264  ff.o(.text.f_readdir)
    f_sync                                   0x00004659   Thumb Code   194  ff.o(.text.f_sync)
    f_unlink                                 0x0000471d   Thumb Code   350  ff.o(.text.f_unlink)
    f_write                                  0x0000487d   Thumb Code   476  ff.o(.text.f_write)
    fillmessage                              0x00004a59   Thumb Code    70  st7735.o(.text.fillmessage)
    format                                   0x0000510d   Thumb Code    24  interpreter.o(.text.format)
    fputc                                    0x0000513d   Thumb Code    56  os.o(.text.fputc)
    getTime                                  0x00005175   Thumb Code    28  interpreter.o(.text.getTime)
    get_fat                                  0x00005199   Thumb Code   196  ff.o(.text.get_fat)
    help                                     0x0000525d   Thumb Code   104  interpreter.o(.text.help)
    insert_RunList                           0x000052d5   Thumb Code   174  os.o(.text.insert_RunList)
    list                                     0x00005385   Thumb Code   108  interpreter.o(.text.list)
    loadDirectory                            0x00005445   Thumb Code    44  interpreter.o(.text.loadDirectory)
    main                                     0x000054b5   Thumb Code    10  lab5.o(.text.main)
    makeFile                                 0x000054c1   Thumb Code    48  interpreter.o(.text.makeFile)
    max_jitter                               0x00005545   Thumb Code    94  interpreter.o(.text.max_jitter)
    num_created                              0x00005631   Thumb Code    24  interpreter.o(.text.num_created)
    printADC                                 0x00005655   Thumb Code    36  interpreter.o(.text.printADC)
    printFile                                0x00005685   Thumb Code   116  interpreter.o(.text.printFile)
    put_fat                                  0x00005729   Thumb Code   260  ff.o(.text.put_fat)
    realmain                                 0x000058d9   Thumb Code   230  lab5.o(.text.realmain)
    saveDirectory                            0x000059c1   Thumb Code    28  interpreter.o(.text.saveDirectory)
    wake_threads                             0x00005f59   Thumb Code   192  os.o(.text.wake_threads)
    writeFile                                0x00006019   Thumb Code   100  interpreter.o(.text.writeFile)
    writeToLCD                               0x000060cd   Thumb Code    64  interpreter.o(.text.writeToLCD)
    __0printf$4                              0x000061f9   Thumb Code    22  printf4.o(i.__0printf$4)
    __1printf$4                              0x000061f9   Thumb Code     0  printf4.o(i.__0printf$4)
    __2printf                                0x000061f9   Thumb Code     0  printf4.o(i.__0printf$4)
    __aeabi_errno_addr                       0x00006219   Thumb Code     4  errno.o(i.__aeabi_errno_addr)
    __rt_errno_addr                          0x00006219   Thumb Code     0  errno.o(i.__aeabi_errno_addr)
    __scatterload_copy                       0x00006221   Thumb Code    14  handlers.o(i.__scatterload_copy)
    __scatterload_null                       0x0000622f   Thumb Code     2  handlers.o(i.__scatterload_null)
    __scatterload_zeroinit                   0x00006231   Thumb Code    14  handlers.o(i.__scatterload_zeroinit)
    __ctype_table                            0x0000646c   Data         129  ctype_o.o(.constdata)
    JitterSize                               0x000069f0   Data           4  os.o(.rodata.JitterSize)
    Region$$Table$$Base                      0x00006cb0   Number         0  anon$$obj.o(Region$$Table)
    Region$$Table$$Limit                     0x00006cd0   Number         0  anon$$obj.o(Region$$Table)
    __stdout                                 0x20000004   Data           4  stdout.o(.data)
    CommandTable                             0x2000000c   Data        1344  interpreter.o(.data.CommandTable)
    StTextColor                              0x20000550   Data           2  st7735.o(.data.StTextColor)
    highest_priority                         0x20000554   Data           4  os.o(.data.highest_priority)
    ADCTask                                  0x20000558   Data           4  adct0atrigger.o(.bss.ADCTask)
    FallingEdges                             0x20000560   Data           4  os.o(.bss.FallingEdges)
    IdleCount                                0x2000056c   Data           4  lab5.o(.bss.IdleCount)
    JitterHistogram                          0x20000570   Data         256  os.o(.bss.JitterHistogram)
    JitterHistogram2                         0x20000670   Data         256  os.o(.bss.JitterHistogram2)
    LCDFree                                  0x20000770   Data          12  st7735.o(.bss.LCDFree)
    MaxJitter                                0x2000077c   Data           4  os.o(.bss.MaxJitter)
    MaxJitter2                               0x20000780   Data           4  os.o(.bss.MaxJitter2)
    Message                                  0x20000784   Data          12  st7735.o(.bss.Message)
    Messageindex                             0x20000790   Data           4  st7735.o(.bss.Messageindex)
    NumCreated                               0x20000794   Data           4  lab5.o(.bss.NumCreated)
    OS_time_MS                               0x20000798   Data           4  os.o(.bss.OS_time_MS)
    PD3data                                  0x2000079c   Data           4  adct0atrigger.o(.bss.PD3data)
    PeriodicTask0                            0x200007a0   Data           4  timer0a.o(.bss.PeriodicTask0)
    PeriodicTask1                            0x200007a4   Data           4  timer1a.o(.bss.PeriodicTask1)
    PeriodicTask2                            0x200007a8   Data           4  timer2a.o(.bss.PeriodicTask2)
    PeriodicTask3                            0x200007ac   Data           4  timer3a.o(.bss.PeriodicTask3)
    PeriodicTask4                            0x200007b0   Data           4  timer4a.o(.bss.PeriodicTask4)
    PeriodicTask5                            0x200007b4   Data           4  timer5a.o(.bss.PeriodicTask5)
    RunPt                                    0x200007bc   Data           4  os.o(.bss.RunPt)
    RxDataAvailable                          0x200007c0   Data          12  uart0int.o(.bss.RxDataAvailable)
    RxGetI                                   0x20000bcc   Data           4  uart0int.o(.bss.RxGetI)
    RxPutI                                   0x20000bd0   Data           4  uart0int.o(.bss.RxPutI)
    SleepPt                                  0x20000bd4   Data           4  os.o(.bss.SleepPt)
    StX                                      0x20000bd8   Data           4  st7735.o(.bss.StX)
    StY                                      0x20000bdc   Data           4  st7735.o(.bss.StY)
    StreamToDevice                           0x20000be0   Data           4  os.o(.bss.StreamToDevice)
    TCB_list                                 0x20000be4   Data         360  os.o(.bss.TCB_list)
    TxGetI                                   0x20001158   Data           4  uart0int.o(.bss.TxGetI)
    TxPutI                                   0x2000115c   Data           4  uart0int.o(.bss.TxPutI)
    TxRoomLeft                               0x20001160   Data          12  uart0int.o(.bss.TxRoomLeft)
    WidePeriodicTask0                        0x2000116c   Data           4  wtimer0a.o(.bss.WidePeriodicTask0)
    blocked_count                            0x20001174   Data           4  os.o(.bss.blocked_count)
    count                                    0x20001178   Data           4  os.o(.bss.count)
    kill_count                               0x20001608   Data           4  os.o(.bss.kill_count)
    msTimeFree                               0x2000160c   Data          12  os.o(.bss.msTimeFree)
    next_RunPt                               0x20001618   Data           4  os.o(.bss.next_RunPt)
    num_in_priority                          0x2000161c   Data          32  os.o(.bss.num_in_priority)
    num_ticks                                0x2000163c   Data           4  os.o(.bss.num_ticks)
    periodic_threadCount                     0x20001640   Data           4  os.o(.bss.periodic_threadCount)
    pf0_task                                 0x20001644   Data           4  os.o(.bss.pf0_task)
    pf4_task                                 0x20001648   Data           4  os.o(.bss.pf4_task)
    priority_list                            0x2000164c   Data          32  os.o(.bss.priority_list)
    sleep_count                              0x2000166c   Data           4  os.o(.bss.sleep_count)
    stack_availability                       0x20001670   Data          40  os.o(.bss.stack_availability)
    stacks                                   0x20001698   Data       20480  os.o(.bss.stacks)
    thread_count                             0x20006698   Data           4  os.o(.bss.thread_count)
    __initial_sp                             0x20006aa0   Data           0  startup.o(STACK)



==============================================================================

Memory Map of the image

  Image Entry point : 0x0000026d

  Load Region LR_1 (Base: 0x00000000, Size: 0x00007228, Max: 0xffffffff, ABSOLUTE, COMPRESSED[0x00006e7c])

    Execution Region ER_RO (Exec base: 0x00000000, Load base: 0x00000000, Size: 0x00006cd0, Max: 0xffffffff, ABSOLUTE)

    Exec Addr    Load Addr    Size         Type   Attr      Idx    E Section Name        Object

    0x00000000   0x00000000   0x00000284   Code   RO            3  * RESET               startup.o
    0x00000284   0x00000284   0x00000000   Code   RO         1030  * .ARM.Collect$$$$00000000  mc_w.l(entry.o)
    0x00000284   0x00000284   0x00000004   Code   RO         1318    .ARM.Collect$$$$00000001  mc_w.l(entry2.o)
    0x00000288   0x00000288   0x00000004   Code   RO         1321    .ARM.Collect$$$$00000004  mc_w.l(entry5.o)
    0x0000028c   0x0000028c   0x00000000   Code   RO         1323    .ARM.Collect$$$$00000008  mc_w.l(entry7b.o)
    0x0000028c   0x0000028c   0x00000000   Code   RO         1325    .ARM.Collect$$$$0000000A  mc_w.l(entry8b.o)
    0x0000028c   0x0000028c   0x00000008   Code   RO         1326    .ARM.Collect$$$$0000000B  mc_w.l(entry9a.o)
    0x00000294   0x00000294   0x00000000   Code   RO         1328    .ARM.Collect$$$$0000000D  mc_w.l(entry10a.o)
    0x00000294   0x00000294   0x00000000   Code   RO         1330    .ARM.Collect$$$$0000000F  mc_w.l(entry11a.o)
    0x00000294   0x00000294   0x00000004   Code   RO         1319    .ARM.Collect$$$$00002712  mc_w.l(entry2.o)
    0x00000298   0x00000298   0x00000030   Code   RO            4    .text               startup.o
    0x000002c8   0x000002c8   0x00000090   Code   RO          691    .text               osasm.o
    0x00000358   0x00000358   0x0000000c   Code   RO         1033    .text               mc_w.l(tolower.o)
    0x00000364   0x00000364   0x00000024   Code   RO         1037    .text               mc_w.l(memseta.o)
    0x00000388   0x00000388   0x0000000e   Code   RO         1039    .text               mc_w.l(strlen.o)
    0x00000396   0x00000396   0x0000001c   Code   RO         1041    .text               mc_w.l(strcmp.o)
    0x000003b2   0x000003b2   0x00000012   Code   RO         1045    .text               mc_w.l(strcpy.o)
    0x000003c4   0x000003c4   0x00000044   Code   RO         1047    .text               mc_w.l(strtok.o)
    0x00000408   0x00000408   0x0000001a   Code   RO         1316    .text               mc_w.l(atoi.o)
    0x00000422   0x00000422   0x00000062   Code   RO         1344    .text               mc_w.l(uldiv.o)
    0x00000484   0x00000484   0x00000070   Code   RO         1353    .text               mc_w.l(strtol.o)
    0x000004f4   0x000004f4   0x00000030   Code   RO         1366    .text               mc_w.l(init.o)
    0x00000524   0x00000524   0x0000001e   Code   RO         1368    .text               mc_w.l(llshl.o)
    0x00000542   0x00000542   0x00000020   Code   RO         1370    .text               mc_w.l(llushr.o)
    0x00000562   0x00000562   0x00000002   PAD
    0x00000564   0x00000564   0x00000008   Code   RO         1374    .text               mc_w.l(ctype_o.o)
    0x0000056c   0x0000056c   0x0000009e   Code   RO         1402    .text               mc_w.l(_strtoul.o)
    0x0000060a   0x0000060a   0x0000001c   Code   RO         1406    .text               mc_w.l(_chval.o)
    0x00000626   0x00000626   0x00000056   Code   RO         1416    .text               mc_w.l(__dczerorl2.o)
    0x0000067c   0x0000067c   0x0000001e   Code   RO          699    .text.ADC0Seq0_Handler  adct0atrigger.o
    0x0000069a   0x0000069a   0x00000002   PAD
    0x0000069c   0x0000069c   0x0000001c   Code   RO          703    .text.ADC0Seq3_Handler  adct0atrigger.o
    0x000006b8   0x000006b8   0x00000020   Code   RO          721    .text.ADC0_InSeq3   adcswtrigger.o
    0x000006d8   0x000006d8   0x000001f4   Code   RO          719    .text.ADC0_InitSWTriggerSeq3  adcswtrigger.o
    0x000008cc   0x000008cc   0x00000004   Code   RO          750    .text.ADC_In        adc.o
    0x000008d0   0x000008d0   0x0000000a   Code   RO          748    .text.ADC_Init      adc.o
    0x000008da   0x000008da   0x00000002   PAD
    0x000008dc   0x000008dc   0x0000008e   Code   RO           42    .text.ButtonWork    lab5.o
    0x0000096a   0x0000096a   0x00000002   PAD
    0x0000096c   0x0000096c   0x0000006a   Code   RO          522    .text.CS_Init       edisk.o
    0x000009d6   0x000009d6   0x00000002   PAD
    0x000009d8   0x000009d8   0x0000004a   Code   RO          196    .text.GPIOPortF_Handler  os.o
    0x00000a22   0x00000a22   0x00000002   PAD
    0x00000a24   0x00000a24   0x00000004   Code   RO          892    .text.Heap_Init     heap.o
    0x00000a28   0x00000a28   0x00000004   Code   RO          902    .text.Heap_Stats    heap.o
    0x00000a2c   0x00000a2c   0x00000028   Code   RO           48    .text.Idle          lab5.o
    0x00000a54   0x00000a54   0x00000140   Code   RO          448    .text.Interpreter   interpreter.o
    0x00000b94   0x00000b94   0x00000046   Code   RO           13    .text.LaunchPad_Init  launchpad.o
    0x00000bda   0x00000bda   0x00000002   PAD
    0x00000bdc   0x00000bdc   0x000000a6   Code   RO          194    .text.OS_AddPeriodicThread  os.o
    0x00000c82   0x00000c82   0x00000002   PAD
    0x00000c84   0x00000c84   0x000000d8   Code   RO          198    .text.OS_AddSW1Task  os.o
    0x00000d5c   0x00000d5c   0x000000d2   Code   RO          200    .text.OS_AddSW2Task  os.o
    0x00000e2e   0x00000e2e   0x00000002   PAD
    0x00000e30   0x00000e30   0x00000104   Code   RO          188    .text.OS_AddThread  os.o
    0x00000f34   0x00000f34   0x0000000e   Code   RO          164    .text.OS_ClearMsTime  os.o
    0x00000f42   0x00000f42   0x00000002   PAD
    0x00000f44   0x00000f44   0x0000000e   Code   RO          192    .text.OS_Id         os.o
    0x00000f52   0x00000f52   0x00000002   PAD
    0x00000f54   0x00000f54   0x00000010   Code   RO          232    .text.OS_IncrementTime  os.o
    0x00000f64   0x00000f64   0x00000068   Code   RO          162    .text.OS_Init       os.o
    0x00000fcc   0x00000fcc   0x0000000a   Code   RO          166    .text.OS_InitSemaphore  os.o
    0x00000fd6   0x00000fd6   0x00000002   PAD
    0x00000fd8   0x00000fd8   0x00000058   Code   RO          226    .text.OS_Jitter1Calc  os.o
    0x00001030   0x00001030   0x0000002c   Code   RO          228    .text.OS_Jitter2Calc  os.o
    0x0000105c   0x0000105c   0x000000ea   Code   RO          206    .text.OS_Kill       os.o
    0x00001146   0x00001146   0x00000002   PAD
    0x00001148   0x00001148   0x000000a8   Code   RO          234    .text.OS_Launch     os.o
    0x000011f0   0x000011f0   0x0000000c   Code   RO          230    .text.OS_MsTime     os.o
    0x000011fc   0x000011fc   0x000000d4   Code   RO          178    .text.OS_Signal     os.o
    0x000012d0   0x000012d0   0x000000fe   Code   RO          202    .text.OS_Sleep      os.o
    0x000013ce   0x000013ce   0x00000002   PAD
    0x000013d0   0x000013d0   0x00000012   Code   RO          222    .text.OS_Time       os.o
    0x000013e2   0x000013e2   0x00000002   PAD
    0x000013e4   0x000013e4   0x0000013c   Code   RO          176    .text.OS_Wait       os.o
    0x00001520   0x00001520   0x000000d4   Code   RO          184    .text.OS_bSignal    os.o
    0x000015f4   0x000015f4   0x0000012c   Code   RO          182    .text.OS_bWait      os.o
    0x00001720   0x00001720   0x0000000c   Code   RO          248    .text.OS_getThreadCount  os.o
    0x0000172c   0x0000172c   0x0000006a   Code   RO           31    .text.PLL_Init      pll.o
    0x00001796   0x00001796   0x00000002   PAD
    0x00001798   0x00001798   0x00000172   Code   RO          524    .text.SSI0_Init     edisk.o
    0x0000190a   0x0000190a   0x00000002   PAD
    0x0000190c   0x0000190c   0x000000f0   Code   RO          324    .text.ST7735_DrawCharS  st7735.o
    0x000019fc   0x000019fc   0x000000ea   Code   RO          310    .text.ST7735_DrawFastHLine  st7735.o
    0x00001ae6   0x00001ae6   0x00000002   PAD
    0x00001ae8   0x00001ae8   0x000000be   Code   RO          304    .text.ST7735_DrawPixel  st7735.o
    0x00001ba6   0x00001ba6   0x00000002   PAD
    0x00001ba8   0x00001ba8   0x000000fc   Code   RO          312    .text.ST7735_FillRect  st7735.o
    0x00001ca4   0x00001ca4   0x00000052   Code   RO          298    .text.ST7735_FillScreen  st7735.o
    0x00001cf6   0x00001cf6   0x00000002   PAD
    0x00001cf8   0x00001cf8   0x00000138   Code   RO          300    .text.ST7735_InitR  st7735.o
    0x00001e30   0x00001e30   0x0000009c   Code   RO          340    .text.ST7735_Message  st7735.o
    0x00001ecc   0x00001ecc   0x000000a8   Code   RO          346    .text.ST7735_MessageDelay  st7735.o
    0x00001f74   0x00001f74   0x00000088   Code   RO          344    .text.ST7735_MessageString  st7735.o
    0x00001ffc   0x00001ffc   0x00000162   Code   RO          342    .text.ST7735_OutChar  st7735.o
    0x0000215e   0x0000215e   0x00000002   PAD
    0x00002160   0x00002160   0x00000126   Code   RO          336    .text.ST7735_OutUDec  st7735.o
    0x00002286   0x00002286   0x00000002   PAD
    0x00002288   0x00002288   0x00000034   Code   RO           44    .text.SW1Push       lab5.o
    0x000022bc   0x000022bc   0x00000034   Code   RO           46    .text.SW2Push       lab5.o
    0x000022f0   0x000022f0   0x000000b4   Code   RO          132    .text.SysTick_Handler  os.o
    0x000023a4   0x000023a4   0x00000024   Code   RO          943    .text.Timer0A_Handler  timer0a.o
    0x000023c8   0x000023c8   0x00000026   Code   RO          958    .text.Timer1A_Handler  timer1a.o
    0x000023ee   0x000023ee   0x00000002   PAD
    0x000023f0   0x000023f0   0x00000074   Code   RO          956    .text.Timer1A_Init  timer1a.o
    0x00002464   0x00002464   0x00000026   Code   RO          973    .text.Timer2A_Handler  timer2a.o
    0x0000248a   0x0000248a   0x00000002   PAD
    0x0000248c   0x0000248c   0x00000074   Code   RO          971    .text.Timer2A_Init  timer2a.o
    0x00002500   0x00002500   0x00000018   Code   RO          988    .text.Timer3A_Handler  timer3a.o
    0x00002518   0x00002518   0x00000072   Code   RO          986    .text.Timer3A_Init  timer3a.o
    0x0000258a   0x0000258a   0x00000002   PAD
    0x0000258c   0x0000258c   0x00000018   Code   RO         1003    .text.Timer4A_Handler  timer4a.o
    0x000025a4   0x000025a4   0x00000072   Code   RO         1001    .text.Timer4A_Init  timer4a.o
    0x00002616   0x00002616   0x00000002   PAD
    0x00002618   0x00002618   0x00000018   Code   RO         1018    .text.Timer5A_Handler  timer5a.o
    0x00002630   0x00002630   0x00000062   Code   RO         1016    .text.Timer5A_Init  timer5a.o
    0x00002692   0x00002692   0x00000002   PAD
    0x00002694   0x00002694   0x00000176   Code   RO          486    .text.UART0_Handler  uart0int.o
    0x0000280a   0x0000280a   0x00000002   PAD
    0x0000280c   0x0000280c   0x000000b6   Code   RO          504    .text.UART_InString  uart0int.o
    0x000028c2   0x000028c2   0x00000002   PAD
    0x000028c4   0x000028c4   0x000000f2   Code   RO          476    .text.UART_Init     uart0int.o
    0x000029b6   0x000029b6   0x00000002   PAD
    0x000029b8   0x000029b8   0x000000b4   Code   RO          482    .text.UART_OutChar  uart0int.o
    0x00002a6c   0x00002a6c   0x00000020   Code   RO          494    .text.UART_OutSDec  uart0int.o
    0x00002a8c   0x00002a8c   0x00000020   Code   RO          488    .text.UART_OutString  uart0int.o
    0x00002aac   0x00002aac   0x00000032   Code   RO          492    .text.UART_OutUDec  uart0int.o
    0x00002ade   0x00002ade   0x00000002   PAD
    0x00002ae0   0x00002ae0   0x00000018   Code   RO          879    .text.WideTimer0A_Handler  wtimer0a.o
    0x00002af8   0x00002af8   0x0000001e   Code   RO          420    .text.clear         interpreter.o
    0x00002b16   0x00002b16   0x00000002   PAD
    0x00002b18   0x00002b18   0x000000da   Code   RO          302    .text.commandList   st7735.o
    0x00002bf2   0x00002bf2   0x00000002   PAD
    0x00002bf4   0x00002bf4   0x000001ae   Code   RO          294    .text.commonInit    st7735.o
    0x00002da2   0x00002da2   0x00000002   PAD
    0x00002da4   0x00002da4   0x000000bc   Code   RO          627    .text.create_chain  ff.o
    0x00002e60   0x00002e60   0x00000044   Code   RO          438    .text.delFile       interpreter.o
    0x00002ea4   0x00002ea4   0x00000148   Code   RO          643    .text.dir_next      ff.o
    0x00002fec   0x00002fec   0x0000005a   Code   RO          641    .text.dir_read      ff.o
    0x00003046   0x00003046   0x00000002   PAD
    0x00003048   0x00003048   0x0000007c   Code   RO          619    .text.dir_register  ff.o
    0x000030c4   0x000030c4   0x000000a0   Code   RO          639    .text.dir_sdi       ff.o
    0x00003164   0x00003164   0x00000284   Code   RO          544    .text.disk_ioctl    edisk.o
    0x000033e8   0x000033e8   0x0000003a   Code   RO          546    .text.disk_timerproc  edisk.o
    0x00003422   0x00003422   0x00000002   PAD
    0x00003424   0x00003424   0x0000003c   Code   RO          426    .text.display_cat   interpreter.o
    0x00003460   0x00003460   0x000001ee   Code   RO          526    .text.eDisk_Init    edisk.o
    0x0000364e   0x0000364e   0x00000002   PAD
    0x00003650   0x00003650   0x000000f6   Code   RO          532    .text.eDisk_Read    edisk.o
    0x00003746   0x00003746   0x00000002   PAD
    0x00003748   0x00003748   0x00000014   Code   RO          530    .text.eDisk_Status  edisk.o
    0x0000375c   0x0000375c   0x0000015a   Code   RO          538    .text.eDisk_Write   edisk.o
    0x000038b6   0x000038b6   0x00000002   PAD
    0x000038b8   0x000038b8   0x00000034   Code   RO          566    .text.eFile_Create  efile.o
    0x000038ec   0x000038ec   0x0000002a   Code   RO          580    .text.eFile_Delete  efile.o
    0x00003916   0x00003916   0x00000002   PAD
    0x00003918   0x00003918   0x00000050   Code   RO          584    .text.eFile_DirNext  efile.o
    0x00003968   0x00003968   0x00000032   Code   RO          562    .text.eFile_Format  efile.o
    0x0000399a   0x0000399a   0x00000002   PAD
    0x0000399c   0x0000399c   0x00000038   Code   RO          564    .text.eFile_Mount   efile.o
    0x000039d4   0x000039d4   0x0000002e   Code   RO          578    .text.eFile_RClose  efile.o
    0x00003a02   0x00003a02   0x00000002   PAD
    0x00003a04   0x00003a04   0x00000034   Code   RO          574    .text.eFile_ROpen   efile.o
    0x00003a38   0x00003a38   0x00000040   Code   RO          576    .text.eFile_ReadNext  efile.o
    0x00003a78   0x00003a78   0x00000032   Code   RO          588    .text.eFile_Unmount  efile.o
    0x00003aaa   0x00003aaa   0x00000002   PAD
    0x00003aac   0x00003aac   0x0000002e   Code   RO          572    .text.eFile_WClose  efile.o
    0x00003ada   0x00003ada   0x00000002   PAD
    0x00003adc   0x00003adc   0x00000034   Code   RO          568    .text.eFile_WOpen   efile.o
    0x00003b10   0x00003b10   0x00000044   Code   RO          570    .text.eFile_Write   efile.o
    0x00003b54   0x00003b54   0x0000003e   Code   RO          633    .text.f_close       ff.o
    0x00003b92   0x00003b92   0x00000002   PAD
    0x00003b94   0x00003b94   0x000005c6   Code   RO          677    .text.f_mkfs        ff.o
    0x0000415a   0x0000415a   0x00000002   PAD
    0x0000415c   0x0000415c   0x00000090   Code   RO          611    .text.f_mount       ff.o
    0x000041ec   0x000041ec   0x000001b4   Code   RO          615    .text.f_open        ff.o
    0x000043a0   0x000043a0   0x000001ae   Code   RO          623    .text.f_read        ff.o
    0x0000454e   0x0000454e   0x00000002   PAD
    0x00004550   0x00004550   0x00000108   Code   RO          651    .text.f_readdir     ff.o
    0x00004658   0x00004658   0x000000c2   Code   RO          629    .text.f_sync        ff.o
    0x0000471a   0x0000471a   0x00000002   PAD
    0x0000471c   0x0000471c   0x0000015e   Code   RO          659    .text.f_unlink      ff.o
    0x0000487a   0x0000487a   0x00000002   PAD
    0x0000487c   0x0000487c   0x000001dc   Code   RO          625    .text.f_write       ff.o
    0x00004a58   0x00004a58   0x00000046   Code   RO          330    .text.fillmessage   st7735.o
    0x00004a9e   0x00004a9e   0x00000002   PAD
    0x00004aa0   0x00004aa0   0x00000354   Code   RO          613    .text.find_volume   ff.o
    0x00004df4   0x00004df4   0x00000316   Code   RO          617    .text.follow_path   ff.o
    0x0000510a   0x0000510a   0x00000002   PAD
    0x0000510c   0x0000510c   0x00000030   Code   RO          428    .text.format        interpreter.o
    0x0000513c   0x0000513c   0x00000038   Code   RO          236    .text.fputc         os.o
    0x00005174   0x00005174   0x00000024   Code   RO          416    .text.getTime       interpreter.o
    0x00005198   0x00005198   0x000000c4   Code   RO          605    .text.get_fat       ff.o
    0x0000525c   0x0000525c   0x00000078   Code   RO          418    .text.help          interpreter.o
    0x000052d4   0x000052d4   0x000000ae   Code   RO          150    .text.insert_RunList  os.o
    0x00005382   0x00005382   0x00000002   PAD
    0x00005384   0x00005384   0x000000c0   Code   RO          430    .text.list          interpreter.o
    0x00005444   0x00005444   0x00000070   Code   RO          440    .text.loadDirectory  interpreter.o
    0x000054b4   0x000054b4   0x0000000a   Code   RO           96    .text.main          lab5.o
    0x000054be   0x000054be   0x00000002   PAD
    0x000054c0   0x000054c0   0x00000084   Code   RO          432    .text.makeFile      interpreter.o
    0x00005544   0x00005544   0x0000005e   Code   RO          424    .text.max_jitter    interpreter.o
    0x000055a2   0x000055a2   0x00000002   PAD
    0x000055a4   0x000055a4   0x0000008a   Code   RO          607    .text.move_window   ff.o
    0x0000562e   0x0000562e   0x00000002   PAD
    0x00005630   0x00005630   0x00000024   Code   RO          422    .text.num_created   interpreter.o
    0x00005654   0x00005654   0x00000030   Code   RO          414    .text.printADC      interpreter.o
    0x00005684   0x00005684   0x000000a4   Code   RO          436    .text.printFile     interpreter.o
    0x00005728   0x00005728   0x00000104   Code   RO          609    .text.put_fat       ff.o
    0x0000582c   0x0000582c   0x000000ac   Code   RO          534    .text.rcvr_datablock  edisk.o
    0x000058d8   0x000058d8   0x000000e6   Code   RO           50    .text.realmain      lab5.o
    0x000059be   0x000059be   0x00000002   PAD
    0x000059c0   0x000059c0   0x0000001c   Code   RO          442    .text.saveDirectory  interpreter.o
    0x000059dc   0x000059dc   0x000001f6   Code   RO          528    .text.send_cmd      edisk.o
    0x00005bd2   0x00005bd2   0x00000002   PAD
    0x00005bd4   0x00005bd4   0x0000025c   Code   RO          306    .text.setAddrWindow  st7735.o
    0x00005e30   0x00005e30   0x000000d2   Code   RO          631    .text.sync_fs       ff.o
    0x00005f02   0x00005f02   0x00000002   PAD
    0x00005f04   0x00005f04   0x00000052   Code   RO          665    .text.sync_window   ff.o
    0x00005f56   0x00005f56   0x00000002   PAD
    0x00005f58   0x00005f58   0x000000c0   Code   RO          148    .text.wake_threads  os.o
    0x00006018   0x00006018   0x000000b4   Code   RO          434    .text.writeFile     interpreter.o
    0x000060cc   0x000060cc   0x00000040   Code   RO          412    .text.writeToLCD    interpreter.o
    0x0000610c   0x0000610c   0x000000ec   Code   RO          540    .text.xmit_datablock  edisk.o
    0x000061f8   0x000061f8   0x00000020   Code   RO         1166    i.__0printf$4       mc_w.l(printf4.o)
    0x00006218   0x00006218   0x00000008   Code   RO         1346    i.__aeabi_errno_addr  mc_w.l(errno.o)
    0x00006220   0x00006220   0x0000000e   Code   RO         1410    i.__scatterload_copy  mc_w.l(handlers.o)
    0x0000622e   0x0000622e   0x00000002   Code   RO         1411    i.__scatterload_null  mc_w.l(handlers.o)
    0x00006230   0x00006230   0x0000000e   Code   RO         1412    i.__scatterload_zeroinit  mc_w.l(handlers.o)
    0x0000623e   0x0000623e   0x00000002   PAD
    0x00006240   0x00006240   0x0000022c   Code   RO         1173    i._printf_core      mc_w.l(printf4.o)
    0x0000646c   0x0000646c   0x00000081   Data   RO         1375    .constdata          mc_w.l(ctype_o.o)
    0x000064ed   0x000064ed   0x00000003   PAD
    0x000064f0   0x000064f0   0x00000004   Data   RO         1376    .constdata          mc_w.l(ctype_o.o)
    0x000064f4   0x000064f4   0x000004fb   Data   RO          394    .rodata.Font        st7735.o
    0x000069ef   0x000069ef   0x00000001   PAD
    0x000069f0   0x000069f0   0x00000004   Data   RO          261    .rodata.JitterSize  os.o
    0x000069f4   0x000069f4   0x0000003b   Data   RO          383    .rodata.Rcmd1       st7735.o
    0x00006a2f   0x00006a2f   0x0000000d   Data   RO          384    .rodata.Rcmd2green  st7735.o
    0x00006a3c   0x00006a3c   0x0000000d   Data   RO          387    .rodata.Rcmd2red    st7735.o
    0x00006a49   0x00006a49   0x0000002b   Data   RO          388    .rodata.Rcmd3       st7735.o
    0x00006a74   0x00006a74   0x00000016   Data   RO          682    .rodata.f_mkfs.cst  ff.o
    0x00006a8a   0x00006a8a   0x00000125   Data   RO           98    .rodata.str1.1      lab5.o
    0x00006baf   0x00006baf   0x00000016   Data   RO          403    .rodata.str1.1      st7735.o
    0x00006bc5   0x00006bc5   0x00000082   Data   RO          451    .rodata.str1.1      interpreter.o
    0x00006c47   0x00006c47   0x00000053   Data   RO          680    .rodata.str1.1      ff.o
    0x00006c9a   0x00006c9a   0x00000016   Data   RO          681    .rodata.str2.2      ff.o
    0x00006cb0   0x00006cb0   0x00000020   Data   RO         1409    Region$$Table       anon$$obj.o


    Execution Region ER_RW (Exec base: 0x20000000, Load base: 0x00006cd0, Size: 0x00000558, Max: 0xffffffff, ABSOLUTE, COMPRESSED[0x000001ac])

    Exec Addr    Load Addr    Size         Type   Attr      Idx    E Section Name        Object

    0x20000000   COMPRESSED   0x00000004   Data   RW         1048    .data               mc_w.l(strtok.o)
    0x20000004   COMPRESSED   0x00000004   Data   RW         1332    .data               mc_w.l(stdout.o)
    0x20000008   COMPRESSED   0x00000004   Data   RW         1349    .data               mc_w.l(errno.o)
    0x2000000c   COMPRESSED   0x00000540   Data   RW          450    .data.CommandTable  interpreter.o
    0x2000054c   COMPRESSED   0x00000004   Data   RW          278    .data.OS_Jitter1Calc.LastTime  os.o
    0x20000550   COMPRESSED   0x00000002   Data   RW          380    .data.StTextColor   st7735.o
    0x20000552   COMPRESSED   0x00000001   Data   RW          548    .data.Stat          edisk.o
    0x20000553   COMPRESSED   0x00000001   PAD
    0x20000554   COMPRESSED   0x00000004   Data   RW          252    .data.highest_priority  os.o


    Execution Region ER_ZI (Exec base: 0x20000558, Load base: 0x00006e7c, Size: 0x00006548, Max: 0xffffffff, ABSOLUTE)

    Exec Addr    Load Addr    Size         Type   Attr      Idx    E Section Name        Object

    0x20000558        -       0x00000004   Zero   RW          705    .bss.ADCTask        adct0atrigger.o
    0x2000055c        -       0x00000001   Zero   RW          550    .bss.CardType       edisk.o
    0x2000055d        -       0x00000001   Zero   RW          385    .bss.ColStart       st7735.o
    0x2000055e   0x00006e7c   0x00000002   PAD
    0x20000560        -       0x00000004   Zero   RW          271    .bss.FallingEdges   os.o
    0x20000564        -       0x00000004   Zero   RW          679    .bss.FatFs          ff.o
    0x20000568        -       0x00000002   Zero   RW          683    .bss.Fsid           ff.o
    0x2000056a   0x00006e7c   0x00000002   PAD
    0x2000056c        -       0x00000004   Zero   RW          100    .bss.IdleCount      lab5.o
    0x20000570        -       0x00000100   Zero   RW          263    .bss.JitterHistogram  os.o
    0x20000670        -       0x00000100   Zero   RW          264    .bss.JitterHistogram2  os.o
    0x20000770        -       0x0000000c   Zero   RW          382    .bss.LCDFree        st7735.o
    0x2000077c        -       0x00000004   Zero   RW          279    .bss.MaxJitter      os.o
    0x20000780        -       0x00000004   Zero   RW          280    .bss.MaxJitter2     os.o
    0x20000784        -       0x0000000c   Zero   RW          395    .bss.Message        st7735.o
    0x20000790        -       0x00000004   Zero   RW          396    .bss.Messageindex   st7735.o
    0x20000794        -       0x00000004   Zero   RW           99    .bss.NumCreated     lab5.o
    0x20000798        -       0x00000004   Zero   RW          277    .bss.OS_time_MS     os.o
    0x2000079c        -       0x00000004   Zero   RW          706    .bss.PD3data        adct0atrigger.o
    0x200007a0        -       0x00000004   Zero   RW          947    .bss.PeriodicTask0  timer0a.o
    0x200007a4        -       0x00000004   Zero   RW          962    .bss.PeriodicTask1  timer1a.o
    0x200007a8        -       0x00000004   Zero   RW          977    .bss.PeriodicTask2  timer2a.o
    0x200007ac        -       0x00000004   Zero   RW          992    .bss.PeriodicTask3  timer3a.o
    0x200007b0        -       0x00000004   Zero   RW         1007    .bss.PeriodicTask4  timer4a.o
    0x200007b4        -       0x00000004   Zero   RW         1022    .bss.PeriodicTask5  timer5a.o
    0x200007b8        -       0x00000001   Zero   RW          386    .bss.RowStart       st7735.o
    0x200007b9   0x00006e7c   0x00000003   PAD
    0x200007bc        -       0x00000004   Zero   RW          265    .bss.RunPt          os.o
    0x200007c0        -       0x0000000c   Zero   RW          512    .bss.RxDataAvailable  uart0int.o
    0x200007cc        -       0x00000400   Zero   RW          508    .bss.RxFifo         uart0int.o
    0x20000bcc        -       0x00000004   Zero   RW          506    .bss.RxGetI         uart0int.o
    0x20000bd0        -       0x00000004   Zero   RW          507    .bss.RxPutI         uart0int.o
    0x20000bd4        -       0x00000004   Zero   RW          266    .bss.SleepPt        os.o
    0x20000bd8        -       0x00000004   Zero   RW          378    .bss.StX            st7735.o
    0x20000bdc        -       0x00000004   Zero   RW          379    .bss.StY            st7735.o
    0x20000be0        -       0x00000004   Zero   RW          281    .bss.StreamToDevice  os.o
    0x20000be4        -       0x00000168   Zero   RW          269    .bss.TCB_list       os.o
    0x20000d4c        -       0x00000001   Zero   RW          389    .bss.TabColor       st7735.o
    0x20000d4d   0x00006e7c   0x00000003   PAD
    0x20000d50        -       0x00000004   Zero   RW          549    .bss.Timer1         edisk.o
    0x20000d54        -       0x00000004   Zero   RW          551    .bss.Timer2         edisk.o
    0x20000d58        -       0x00000400   Zero   RW          511    .bss.TxFifo         uart0int.o
    0x20001158        -       0x00000004   Zero   RW          509    .bss.TxGetI         uart0int.o
    0x2000115c        -       0x00000004   Zero   RW          510    .bss.TxPutI         uart0int.o
    0x20001160        -       0x0000000c   Zero   RW          513    .bss.TxRoomLeft     uart0int.o
    0x2000116c        -       0x00000004   Zero   RW          883    .bss.WidePeriodicTask0  wtimer0a.o
    0x20001170        -       0x00000001   Zero   RW          391    .bss._height        st7735.o
    0x20001171   0x00006e7c   0x00000001   PAD
    0x20001172        -       0x00000001   Zero   RW          390    .bss._width         st7735.o
    0x20001173   0x00006e7c   0x00000001   PAD
    0x20001174        -       0x00000004   Zero   RW          255    .bss.blocked_count  os.o
    0x20001178        -       0x00000004   Zero   RW          268    .bss.count          os.o
    0x2000117c        -       0x0000001c   Zero   RW          593    .bss.d              efile.o
    0x20001198        -       0x00000224   Zero   RW          592    .bss.f              efile.o
    0x200013bc        -       0x00000018   Zero   RW          594    .bss.fi             efile.o
    0x200013d4        -       0x00000234   Zero   RW          591    .bss.g_sFatFs       efile.o
    0x20001608        -       0x00000004   Zero   RW          256    .bss.kill_count     os.o
    0x2000160c        -       0x0000000c   Zero   RW          267    .bss.msTimeFree     os.o
    0x20001618        -       0x00000004   Zero   RW          274    .bss.next_RunPt     os.o
    0x2000161c        -       0x00000020   Zero   RW          253    .bss.num_in_priority  os.o
    0x2000163c        -       0x00000004   Zero   RW          260    .bss.num_ticks      os.o
    0x20001640        -       0x00000004   Zero   RW          259    .bss.periodic_threadCount  os.o
    0x20001644        -       0x00000004   Zero   RW          273    .bss.pf0_task       os.o
    0x20001648        -       0x00000004   Zero   RW          272    .bss.pf4_task       os.o
    0x2000164c        -       0x00000020   Zero   RW          254    .bss.priority_list  os.o
    0x2000166c        -       0x00000004   Zero   RW          257    .bss.sleep_count    os.o
    0x20001670        -       0x00000028   Zero   RW          251    .bss.stack_availability  os.o
    0x20001698        -       0x00005000   Zero   RW          270    .bss.stacks         os.o
    0x20006698        -       0x00000004   Zero   RW          258    .bss.thread_count   os.o
    0x2000669c   0x00006e7c   0x00000004   PAD
    0x200066a0        -       0x00000400   Zero   RW            1    STACK               startup.o


==============================================================================

Image component sizes


      Code (inc. data)   RO Data    RW Data    ZI Data      Debug   Object Name

        14          0          0          0          0        883   adc.o
       532         60          0          0          0       3185   adcswtrigger.o
        58          0          0          0          8       1991   adct0atrigger.o
      3194          6          0          1          9      11377   edisk.o
       658          0          0          0       1164       4638   efile.o
      7252          0        127          0          6      50432   ff.o
         8          0          0          0          0       1558   heap.o
      1732        508        130       1344          0       8644   interpreter.o
       526          0        293          0          8      12560   lab5.o
        70          0          0          0          0       1761   launchpad.o
      3556          0          4          8      21536      24010   os.o
       144          8          0          0          0        372   osasm.o
       106          0          0          0          0        654   pll.o
      3740          0       1425          2         41      27283   st7735.o
       692        622          0          0       1024       1096   startup.o
        36          0          0          0          4       1125   timer0a.o
       154          0          0          0          4       1123   timer1a.o
       154          0          0          0          4       1123   timer2a.o
       138          0          0          0          4       1103   timer3a.o
       138          0          0          0          4       1103   timer4a.o
       122          0          0          0          4       1068   timer5a.o
      1092          0          0          0       2088       9209   uart0int.o
        24          0          0          0          4       1121   wtimer0a.o

    ----------------------------------------------------------------------
     24256       1204       2012       1356      25928     167419   Object Totals
         0          0         32          0          0          0   (incl. Generated)
       116          0          1          1         16          0   (incl. Padding)

    ----------------------------------------------------------------------

      Code (inc. data)   RO Data    RW Data    ZI Data      Debug   Library Member Name

        86          0          0          0          0          0   __dczerorl2.o
        28          0          0          0          0         68   _chval.o
       158          0          0          0          0         92   _strtoul.o
        26          0          0          0          0         80   atoi.o
         8          4        133          0          0         68   ctype_o.o
         0          0          0          0          0          0   entry.o
         0          0          0          0          0          0   entry10a.o
         0          0          0          0          0          0   entry11a.o
         8          4          0          0          0          0   entry2.o
         4          0          0          0          0          0   entry5.o
         0          0          0          0          0          0   entry7b.o
         0          0          0          0          0          0   entry8b.o
         8          4          0          0          0          0   entry9a.o
         8          4          0          4          0         68   errno.o
        30          0          0          0          0          0   handlers.o
        48         10          0          0          0         68   init.o
        30          0          0          0          0         68   llshl.o
        32          0          0          0          0         68   llushr.o
        36          0          0          0          0        108   memseta.o
       588         14          0          0          0        184   printf4.o
         0          0          0          4          0          0   stdout.o
        28          0          0          0          0         76   strcmp.o
        18          0          0          0          0         68   strcpy.o
        14          0          0          0          0         68   strlen.o
        68          6          0          4          0         80   strtok.o
       112          0          0          0          0         88   strtol.o
        12          0          0          0          0         68   tolower.o
        98          0          0          0          0         92   uldiv.o

    ----------------------------------------------------------------------
      1452         46        136         12          0       1412   Library Totals
         4          0          3          0          0          0   (incl. Padding)

    ----------------------------------------------------------------------

      Code (inc. data)   RO Data    RW Data    ZI Data      Debug   Library Name

      1448         46        133         12          0       1412   mc_w.l

    ----------------------------------------------------------------------
      1452         46        136         12          0       1412   Library Totals

    ----------------------------------------------------------------------

==============================================================================


      Code (inc. data)   RO Data    RW Data    ZI Data      Debug   

     25708       1250       2148       1368      25928     168039   Grand Totals
     25708       1250       2148        428      25928     168039   ELF Image Totals (compressed)
     25708       1250       2148        428          0          0   ROM Totals

==============================================================================

    Total RO  Size (Code + RO Data)                27856 (  27.20kB)
    Total RW  Size (RW Data + ZI Data)             27296 (  26.66kB)
    Total ROM Size (Code + RO Data + RW Data)      28284 (  27.62kB)

==============================================================================

