<html>
<body>
<pre>
<h1>µVision Build Log</h1>
<h2>Tool Versions:</h2>
IDE-Version: µVision V5.39.0.0
Copyright (C) 2023 ARM Ltd and ARM Germany GmbH. All rights reserved.
License Information: Quockhanh Truong, The University of Texas at Austin, LIC=QA3Y3-U3MMT-XXQUZ-XH0AR-HDEA0-BZKNV
 
Tool Versions:
Toolchain:       MDK-ARM Community  Version: 5.39.0.0
Toolchain Path:  C:\Keil_v5\ARM\ARMCLANG\Bin
C Compiler:      ArmClang.exe V6.21
Assembler:       Armasm.exe V6.21
Linker/Locator:  ArmLink.exe V6.21
Library Manager: ArmAr.exe V6.21
Hex Converter:   FromElf.exe V6.21
CPU DLL:         SARMCM3.DLL V5.39.0.0
Dialog DLL:      DCM.DLL V1.17.5.0
Target DLL:      lmidk-agdi.dll V???
Dialog DLL:      TCM.DLL V1.56.4.0
 
<h2>Project:</h2>
D:\Stuff\College\445M\lab-5-rr52544_qct69\RTOS_Lab5_ProcessLoader\Lab5.uvprojx
Project File Date:  03/25/2025

<h2>Output:</h2>
*** Using Compiler 'V6.21', folder: 'C:\Keil_v5\ARM\ARMCLANG\Bin'
Rebuild target 'Lab5'
assembling startup.s...
compiling LaunchPad.c...
compiling PLL.c...
assembling osasm.s...
compiling ST7735.c...
compiling eFile.c...
compiling ADCT0ATrigger.c...
compiling UART0int.c...
compiling Interpreter.c...
compiling eDisk.c...
compiling OS.c...
compiling ADC.c...
Lab5.c(306): warning: non-void function does not return a value [-Wreturn-type]
  306 | }
      | ^
1 warning generated.
compiling Lab5.c...
compiling ADCSWTrigger.c...
compiling IRDistance.c...
compiling ff.c...
compiling WTimer0A.c...
compiling FIFOsimple.c...
compiling LPF.c...
compiling heap.c...
compiling Timer5A.c...
compiling WTimer1A.c...
compiling loader.c...
compiling EdgeInterruptPortF.c...
linking...
Program Size: Code=36428 RO-data=3552 RW-data=16 ZI-data=18048  
".\Lab5.axf" - 0 Error(s), 1 Warning(s).

<h2>Software Packages used:</h2>

Package Vendor: Keil
                http://www.keil.com/pack/Keil.TM4C_DFP.1.1.0.pack
                Keil::TM4C_DFP@1.1.0
                Texas Instruments Tiva C Series Device Support and Examples

<h2>Collection of Component include folders:</h2>
  C:/Users/Quockhanh/AppData/Local/Arm/Packs/Keil/TM4C_DFP/1.1.0/Device/Include/TM4C123

<h2>Collection of Component Files used:</h2>
Build Time Elapsed:  00:00:01
</pre>
</body>
</html>
