Component: Arm Compiler for Embedded 6.22 Tool: armlink [5ee90200]

==============================================================================

Section Cross References

    startup.o(RESET) refers to startup.o(STACK) for StackMem
    startup.o(RESET) refers to osasm.o(.text) for SVC_Handler
    startup.o(RESET) refers to os.o(.text.SysTick_Handler) for SysTick_Handler
    startup.o(RESET) refers to uart0int.o(.text.UART0_Handler) for UART0_Handler
    startup.o(RESET) refers to adct0atrigger.o(.text.ADC0Seq0_Handler) for ADC0Seq0_Handler
    startup.o(RESET) refers to adct0atrigger.o(.text.ADC0Seq3_Handler) for ADC0Seq3_Handler
    startup.o(RESET) refers to timer1a.o(.text.Timer1A_Handler) for Timer1A_Handler
    startup.o(RESET) refers to timer2a.o(.text.Timer2A_Handler) for Timer2A_Handler
    startup.o(RESET) refers to os.o(.text.GPIOPortF_Handler) for GPIOPortF_Handler
    startup.o(RESET) refers to esp8266.o(.text.UART2_Handler) for UART2_Handler
    startup.o(RESET) refers to timer3a.o(.text.Timer3A_Handler) for Timer3A_Handler
    startup.o(RESET) refers to can0.o(.text.CAN0_Handler) for CAN0_Handler
    startup.o(RESET) refers to timer4a.o(.text.Timer4A_Handler) for Timer4A_Handler
    startup.o(RESET) refers to timer5a.o(.text.Timer5A_Handler) for Timer5A_Handler
    startup.o(RESET) refers to wtimer0a.o(.text.WideTimer0A_Handler) for WideTimer0A_Handler
    startup.o(RESET) refers to wtimer1a.o(.text.WideTimer1A_Handler) for WideTimer1A_Handler
    startup.o(RESET) refers to entry.o(.ARM.Collect$$$$00000000) for __main
    launchpad.o(.ARM.exidx.text.LaunchPad_Init) refers to launchpad.o(.text.LaunchPad_Init) for [Anonymous Symbol]
    launchpad.o(.ARM.exidx.text.LaunchPad_Input) refers to launchpad.o(.text.LaunchPad_Input) for [Anonymous Symbol]
    launchpad.o(.text.LaunchPad_WaitForTouch) refers to launchpad.o(.text.DelayMs) for DelayMs
    launchpad.o(.ARM.exidx.text.LaunchPad_WaitForTouch) refers to launchpad.o(.text.LaunchPad_WaitForTouch) for [Anonymous Symbol]
    launchpad.o(.ARM.exidx.text.DelayMs) refers to launchpad.o(.text.DelayMs) for [Anonymous Symbol]
    launchpad.o(.text.LaunchPad_WaitForRelease) refers to launchpad.o(.text.DelayMs) for DelayMs
    launchpad.o(.ARM.exidx.text.LaunchPad_WaitForRelease) refers to launchpad.o(.text.LaunchPad_WaitForRelease) for [Anonymous Symbol]
    launchpad.o(.ARM.exidx.text.LaunchPad_Output) refers to launchpad.o(.text.LaunchPad_Output) for [Anonymous Symbol]
    pll.o(.ARM.exidx.text.PLL_Init) refers to pll.o(.text.PLL_Init) for [Anonymous Symbol]
    lab6.o(.ARM.exidx.text.PortD_Init) refers to lab6.o(.text.PortD_Init) for [Anonymous Symbol]
    lab6.o(.text.Idle) refers to lab6.o(.bss.IdleCount) for IdleCount
    lab6.o(.text.Idle) refers to startup.o(.text) for WaitForInterrupt
    lab6.o(.ARM.exidx.text.Idle) refers to lab6.o(.text.Idle) for [Anonymous Symbol]
    lab6.o(.text.WebServerInterpreter) refers to esp8266.o(.text.ESP8266_Init) for ESP8266_Init
    lab6.o(.text.WebServerInterpreter) refers to lab6.o(.rodata.str1.1) for .L.str
    lab6.o(.text.WebServerInterpreter) refers to st7735.o(.text.ST7735_DrawString) for ST7735_DrawString
    lab6.o(.text.WebServerInterpreter) refers to os.o(.text.OS_Kill) for OS_Kill
    lab6.o(.text.WebServerInterpreter) refers to esp8266.o(.text.ESP8266_GetVersionNumber) for ESP8266_GetVersionNumber
    lab6.o(.text.WebServerInterpreter) refers to esp8266.o(.text.ESP8266_Connect) for ESP8266_Connect
    lab6.o(.text.WebServerInterpreter) refers to esp8266.o(.text.ESP8266_StartServer) for ESP8266_StartServer
    lab6.o(.text.WebServerInterpreter) refers to esp8266.o(.text.ESP8266_WaitForConnection) for ESP8266_WaitForConnection
    lab6.o(.text.WebServerInterpreter) refers to interpreter.o(.text.ESP_Interpreter) for ESP_Interpreter
    lab6.o(.text.WebServerInterpreter) refers to os.o(.text.OS_AddThread) for OS_AddThread
    lab6.o(.text.WebServerInterpreter) refers to lab6.o(.bss.NumCreated) for NumCreated
    lab6.o(.text.WebServerInterpreter) refers to lab6.o(.bss.WebServerSema) for WebServerSema
    lab6.o(.text.WebServerInterpreter) refers to os.o(.text.OS_Wait) for OS_Wait
    lab6.o(.ARM.exidx.text.WebServerInterpreter) refers to lab6.o(.text.WebServerInterpreter) for [Anonymous Symbol]
    lab6.o(.text.realmain) refers to os.o(.text.OS_Init) for OS_Init
    lab6.o(.text.realmain) refers to lab6.o(.text.PortD_Init) for PortD_Init
    lab6.o(.text.realmain) refers to heap.o(.text.Heap_Init) for Heap_Init
    lab6.o(.text.realmain) refers to interpreter.o(.bss.MaxJitter) for MaxJitter
    lab6.o(.text.realmain) refers to lab6.o(.bss.WebServerSema) for WebServerSema
    lab6.o(.text.realmain) refers to os.o(.text.OS_InitSemaphore) for OS_InitSemaphore
    lab6.o(.text.realmain) refers to adc.o(.text.ADC_Init) for ADC_Init
    lab6.o(.text.realmain) refers to can0.o(.text.CAN0_Open) for CAN0_Open
    lab6.o(.text.realmain) refers to edisk.o(.text.disk_timerproc) for disk_timerproc
[...]
    GPIOPortQ5_Handler                       0x00000283   Thumb Code     0  startup.o(RESET)
    GPIOPortQ6_Handler                       0x00000283   Thumb Code     0  startup.o(RESET)
    GPIOPortQ7_Handler                       0x00000283   Thumb Code     0  startup.o(RESET)
    GPIOPortQ_Handler                        0x00000283   Thumb Code     0  startup.o(RESET)
    GPIOPortR_Handler                        0x00000283   Thumb Code     0  startup.o(RESET)
    GPIOPortS_Handler                        0x00000283   Thumb Code     0  startup.o(RESET)
    Hibernate_Handler                        0x00000283   Thumb Code     0  startup.o(RESET)
    I2C0_Handler                             0x00000283   Thumb Code     0  startup.o(RESET)
    I2C1_Handler                             0x00000283   Thumb Code     0  startup.o(RESET)
    I2C2_Handler                             0x00000283   Thumb Code     0  startup.o(RESET)
    I2C3_Handler                             0x00000283   Thumb Code     0  startup.o(RESET)
    I2C4_Handler                             0x00000283   Thumb Code     0  startup.o(RESET)
    I2C5_Handler                             0x00000283   Thumb Code     0  startup.o(RESET)
    I2S0_Handler                             0x00000283   Thumb Code     0  startup.o(RESET)
    LPC0_Handler                             0x00000283   Thumb Code     0  startup.o(RESET)
    PECI0_Handler                            0x00000283   Thumb Code     0  startup.o(RESET)
    PWM0Fault_Handler                        0x00000283   Thumb Code     0  startup.o(RESET)
    PWM0Generator0_Handler                   0x00000283   Thumb Code     0  startup.o(RESET)
    PWM0Generator1_Handler                   0x00000283   Thumb Code     0  startup.o(RESET)
    PWM0Generator2_Handler                   0x00000283   Thumb Code     0  startup.o(RESET)
    PWM0Generator3_Handler                   0x00000283   Thumb Code     0  startup.o(RESET)
    PWM1Fault_Handler                        0x00000283   Thumb Code     0  startup.o(RESET)
    PWM1Generator0_Handler                   0x00000283   Thumb Code     0  startup.o(RESET)
    PWM1Generator1_Handler                   0x00000283   Thumb Code     0  startup.o(RESET)
    PWM1Generator2_Handler                   0x00000283   Thumb Code     0  startup.o(RESET)
    PWM1Generator3_Handler                   0x00000283   Thumb Code     0  startup.o(RESET)
    Quadrature0_Handler                      0x00000283   Thumb Code     0  startup.o(RESET)
    Quadrature1_Handler                      0x00000283   Thumb Code     0  startup.o(RESET)
    Quadrature2_Handler                      0x00000283   Thumb Code     0  startup.o(RESET)
    SSI0_Handler                             0x00000283   Thumb Code     0  startup.o(RESET)
    SSI1_Handler                             0x00000283   Thumb Code     0  startup.o(RESET)
    SSI2_Handler                             0x00000283   Thumb Code     0  startup.o(RESET)
    SSI3_Handler                             0x00000283   Thumb Code     0  startup.o(RESET)
    SysCtl_Handler                           0x00000283   Thumb Code     0  startup.o(RESET)
    Timer0A_Handler                          0x00000283   Thumb Code     0  startup.o(RESET)
    Timer0B_Handler                          0x00000283   Thumb Code     0  startup.o(RESET)
    Timer1B_Handler                          0x00000283   Thumb Code     0  startup.o(RESET)
    Timer2B_Handler                          0x00000283   Thumb Code     0  startup.o(RESET)
    Timer3B_Handler                          0x00000283   Thumb Code     0  startup.o(RESET)
    Timer4B_Handler                          0x00000283   Thumb Code     0  startup.o(RESET)
    Timer5B_Handler                          0x00000283   Thumb Code     0  startup.o(RESET)
    UART1_Handler                            0x00000283   Thumb Code     0  startup.o(RESET)
    UART3_Handler                            0x00000283   Thumb Code     0  startup.o(RESET)
    UART4_Handler                            0x00000283   Thumb Code     0  startup.o(RESET)
    UART5_Handler                            0x00000283   Thumb Code     0  startup.o(RESET)
    UART6_Handler                            0x00000283   Thumb Code     0  startup.o(RESET)
    UART7_Handler                            0x00000283   Thumb Code     0  startup.o(RESET)
    USB0_Handler                             0x00000283   Thumb Code     0  startup.o(RESET)
    WDT_Handler                              0x00000283   Thumb Code     0  startup.o(RESET)
    WideTimer0B_Handler                      0x00000283   Thumb Code     0  startup.o(RESET)
    WideTimer1B_Handler                      0x00000283   Thumb Code     0  startup.o(RESET)
    WideTimer2A_Handler                      0x00000283   Thumb Code     0  startup.o(RESET)
    WideTimer2B_Handler                      0x00000283   Thumb Code     0  startup.o(RESET)
    WideTimer3A_Handler                      0x00000283   Thumb Code     0  startup.o(RESET)
    WideTimer3B_Handler                      0x00000283   Thumb Code     0  startup.o(RESET)
    WideTimer4A_Handler                      0x00000283   Thumb Code     0  startup.o(RESET)
    WideTimer4B_Handler                      0x00000283   Thumb Code     0  startup.o(RESET)
    WideTimer5A_Handler                      0x00000283   Thumb Code     0  startup.o(RESET)
    WideTimer5B_Handler                      0x00000283   Thumb Code     0  startup.o(RESET)
    uDMA_Error                               0x00000283   Thumb Code     0  startup.o(RESET)
    uDMA_Handler                             0x00000283   Thumb Code     0  startup.o(RESET)
    __main                                   0x00000285   Thumb Code     0  entry.o(.ARM.Collect$$$$00000000)
    _main_stk                                0x00000285   Thumb Code     0  entry2.o(.ARM.Collect$$$$00000001)
    _main_scatterload                        0x00000289   Thumb Code     0  entry5.o(.ARM.Collect$$$$00000004)
    __main_after_scatterload                 0x0000028d   Thumb Code     0  entry5.o(.ARM.Collect$$$$00000004)
    _main_clock                              0x0000028d   Thumb Code     0  entry7b.o(.ARM.Collect$$$$00000008)
    _main_cpp_init                           0x0000028d   Thumb Code     0  entry8b.o(.ARM.Collect$$$$0000000A)
    _main_init                               0x0000028d   Thumb Code     0  entry9a.o(.ARM.Collect$$$$0000000B)
    __rt_final_cpp                           0x00000295   Thumb Code     0  entry10a.o(.ARM.Collect$$$$0000000D)
    __rt_final_exit                          0x00000295   Thumb Code     0  entry11a.o(.ARM.Collect$$$$0000000F)
    DisableInterrupts                        0x00000299   Thumb Code     0  startup.o(.text)
    EnableInterrupts                         0x0000029d   Thumb Code     0  startup.o(.text)
    StartCritical                            0x000002a1   Thumb Code     0  startup.o(.text)
    EndCritical                              0x000002a9   Thumb Code     0  startup.o(.text)
    WaitForInterrupt                         0x000002af   Thumb Code     0  startup.o(.text)
    StartOS                                  0x000002b5   Thumb Code     0  osasm.o(.text)
    ContextSwitch                            0x000002d7   Thumb Code     0  osasm.o(.text)
    PendSV_Handler                           0x000002e1   Thumb Code     0  osasm.o(.text)
    SVC_Handler                              0x00000301   Thumb Code     0  osasm.o(.text)
    __aeabi_memcpy                           0x00000359   Thumb Code    36  memcpya.o(.text)
    __aeabi_memcpy4                          0x00000359   Thumb Code     0  memcpya.o(.text)
    __aeabi_memcpy8                          0x00000359   Thumb Code     0  memcpya.o(.text)
    strstr                                   0x0000037d   Thumb Code    36  strstr.o(.text)
    strchr                                   0x000003a1   Thumb Code    20  strchr.o(.text)
    strlen                                   0x000003b5   Thumb Code    14  strlen.o(.text)
    strcmp                                   0x000003c3   Thumb Code    28  strcmp.o(.text)
    strncmp                                  0x000003df   Thumb Code    30  strncmp.o(.text)
    __aeabi_uidiv                            0x000003fd   Thumb Code     0  uidiv.o(.text)
    __aeabi_uidivmod                         0x000003fd   Thumb Code    44  uidiv.o(.text)
    __aeabi_uldivmod                         0x00000429   Thumb Code    98  uldiv.o(.text)
    __I$use$fp                               0x0000048b   Thumb Code     0  iusefp.o(.text)
    __aeabi_dadd                             0x0000048b   Thumb Code   322  dadd.o(.text)
    __aeabi_dsub                             0x000005cd   Thumb Code     6  dadd.o(.text)
    __aeabi_drsub                            0x000005d3   Thumb Code     6  dadd.o(.text)
    __aeabi_dmul                             0x000005d9   Thumb Code   228  dmul.o(.text)
    __aeabi_ddiv                             0x000006bd   Thumb Code   222  ddiv.o(.text)
    __aeabi_d2ulz                            0x0000079b   Thumb Code    48  dfixul.o(.text)
    __aeabi_cdrcmple                         0x000007cd   Thumb Code    48  cdrcmple.o(.text)
    __scatterload                            0x000007fd   Thumb Code    38  init.o(.text)
    __scatterload_rt2                        0x000007fd   Thumb Code     0  init.o(.text)
    __aeabi_llsl                             0x0000082d   Thumb Code    30  llshl.o(.text)
    _ll_shift_l                              0x0000082d   Thumb Code     0  llshl.o(.text)
    __aeabi_llsr                             0x0000084b   Thumb Code    32  llushr.o(.text)
    _ll_ushift_r                             0x0000084b   Thumb Code     0  llushr.o(.text)
    __aeabi_lasr                             0x0000086b   Thumb Code    36  llsshr.o(.text)
    _ll_sshift_r                             0x0000086b   Thumb Code     0  llsshr.o(.text)
    _double_round                            0x0000088f   Thumb Code    30  depilogue.o(.text)
    _double_epilogue                         0x000008ad   Thumb Code   156  depilogue.o(.text)
    ADC0Seq0_Handler                         0x00000949   Thumb Code    50  adct0atrigger.o(.text.ADC0Seq0_Handler)
    ADC0Seq3_Handler                         0x0000097d   Thumb Code    34  adct0atrigger.o(.text.ADC0Seq3_Handler)
    ADC0_InSeq3                              0x000009a1   Thumb Code    70  adcswtrigger.o(.text.ADC0_InSeq3)
    ADC0_InitSWTriggerSeq3                   0x000009e9   Thumb Code  1144  adcswtrigger.o(.text.ADC0_InitSWTriggerSeq3)
    ADC_In                                   0x00000e61   Thumb Code    22  adc.o(.text.ADC_In)
    ADC_Init                                 0x00000e79   Thumb Code    38  adc.o(.text.ADC_Init)
    CAN0_Handler                             0x00000ea1   Thumb Code   186  can0.o(.text.CAN0_Handler)
    CAN0_Open                                0x00000f5d   Thumb Code   254  can0.o(.text.CAN0_Open)
    CANBitRateSet                            0x0000109d   Thumb Code   234  can.o(.text.CANBitRateSet)
    CANEnable                                0x00001235   Thumb Code    30  can.o(.text.CANEnable)
    CANInit                                  0x00001255   Thumb Code   196  can.o(.text.CANInit)
    CANIntClear                              0x00001319   Thumb Code    98  can.o(.text.CANIntClear)
    CANIntEnable                             0x0000137d   Thumb Code    32  can.o(.text.CANIntEnable)
    CANIntStatus                             0x000013dd   Thumb Code    90  can.o(.text.CANIntStatus)
    CANMessageGet                            0x00001439   Thumb Code   650  can.o(.text.CANMessageGet)
    CANMessageSet                            0x000016c5   Thumb Code   736  can.o(.text.CANMessageSet)
    CANStatusGet                             0x00001a3d   Thumb Code   170  can.o(.text.CANStatusGet)
    CS_Init                                  0x00001ae9   Thumb Code   148  edisk.o(.text.CS_Init)
    Delay1ms                                 0x00001b7d   Thumb Code    46  st7735.o(.text.Delay1ms)
    DelayMs                                  0x00001bad   Thumb Code    46  esp8266.o(.text.DelayMs)
    ESP8266Rx0Fifo_Get                       0x00001c49   Thumb Code    82  esp8266.o(.text.ESP8266Rx0Fifo_Get)
    ESP8266Rx0Fifo_Init                      0x00001c9d   Thumb Code    24  esp8266.o(.text.ESP8266Rx0Fifo_Init)
    ESP8266Rx0Fifo_Put                       0x00001cb5   Thumb Code    86  esp8266.o(.text.ESP8266Rx0Fifo_Put)
    ESP8266Rx0Fifo_Size                      0x00001d0d   Thumb Code    26  esp8266.o(.text.ESP8266Rx0Fifo_Size)
    ESP8266RxFifo_Get                        0x00001d29   Thumb Code    82  esp8266.o(.text.ESP8266RxFifo_Get)
    ESP8266RxFifo_Init                       0x00001d7d   Thumb Code    24  esp8266.o(.text.ESP8266RxFifo_Init)
    ESP8266RxFifo_Put                        0x00001d95   Thumb Code    86  esp8266.o(.text.ESP8266RxFifo_Put)
    ESP8266RxFifo_Size                       0x00001ded   Thumb Code    26  esp8266.o(.text.ESP8266RxFifo_Size)
    ESP8266TxFifo_Get                        0x00001e89   Thumb Code    82  esp8266.o(.text.ESP8266TxFifo_Get)
    ESP8266TxFifo_Init                       0x00001edd   Thumb Code    24  esp8266.o(.text.ESP8266TxFifo_Init)
    ESP8266TxFifo_Put                        0x00001ef5   Thumb Code    86  esp8266.o(.text.ESP8266TxFifo_Put)
    ESP8266TxFifo_Size                       0x00001f4d   Thumb Code    26  esp8266.o(.text.ESP8266TxFifo_Size)
    ESP8266_CloseTCPConnection               0x00001f69   Thumb Code   116  esp8266.o(.text.ESP8266_CloseTCPConnection)
    ESP8266_Connect                          0x00001fdd   Thumb Code   114  esp8266.o(.text.ESP8266_Connect)
    ESP8266_DisableInterrupt                 0x00002051   Thumb Code    14  esp8266.o(.text.ESP8266_DisableInterrupt)
    ESP8266_EnableInterrupt                  0x00002061   Thumb Code    40  esp8266.o(.text.ESP8266_EnableInterrupt)
    ESP8266_EnableServer                     0x00002089   Thumb Code   104  esp8266.o(.text.ESP8266_EnableServer)
    ESP8266_GetIPAddress                     0x000020f1   Thumb Code    78  esp8266.o(.text.ESP8266_GetIPAddress)
    ESP8266_GetMACAddress                    0x00002141   Thumb Code    72  esp8266.o(.text.ESP8266_GetMACAddress)
    ESP8266_GetVersionNumber                 0x00002189   Thumb Code    72  esp8266.o(.text.ESP8266_GetVersionNumber)
    ESP8266_InChar                           0x000021d1   Thumb Code    28  esp8266.o(.text.ESP8266_InChar)
    ESP8266_Init                             0x000021ed   Thumb Code   308  esp8266.o(.text.ESP8266_Init)
    ESP8266_InitUART                         0x00002321   Thumb Code   314  esp8266.o(.text.ESP8266_InitUART)
    ESP8266_JoinAccessPoint                  0x0000245d   Thumb Code   118  esp8266.o(.text.ESP8266_JoinAccessPoint)
    ESP8266_ListAccessPoints                 0x000024d5   Thumb Code    78  esp8266.o(.text.ESP8266_ListAccessPoints)
    ESP8266_OutChar                          0x00002525   Thumb Code    60  esp8266.o(.text.ESP8266_OutChar)
    ESP8266_Receive                          0x00002561   Thumb Code   246  esp8266.o(.text.ESP8266_Receive)
    ESP8266_Reset                            0x00002659   Thumb Code    72  esp8266.o(.text.ESP8266_Reset)
    ESP8266_SendBuffered                     0x000026a1   Thumb Code   186  esp8266.o(.text.ESP8266_SendBuffered)
    ESP8266_SendBufferedStatus               0x0000275d   Thumb Code   146  esp8266.o(.text.ESP8266_SendBufferedStatus)
    ESP8266_SendCommand                      0x000027f1   Thumb Code    42  esp8266.o(.text.ESP8266_SendCommand)
    ESP8266_SetConnectionMux                 0x0000281d   Thumb Code   104  esp8266.o(.text.ESP8266_SetConnectionMux)
    ESP8266_SetServerTimeout                 0x00002885   Thumb Code    96  esp8266.o(.text.ESP8266_SetServerTimeout)
    ESP8266_SetWifiMode                      0x000028e5   Thumb Code    90  esp8266.o(.text.ESP8266_SetWifiMode)
    ESP8266_StartServer                      0x00002941   Thumb Code    76  esp8266.o(.text.ESP8266_StartServer)
    ESP8266_WaitForConnection                0x0000298d   Thumb Code    80  esp8266.o(.text.ESP8266_WaitForConnection)
    ESP8266_WaitForResponse                  0x000029dd   Thumb Code   242  esp8266.o(.text.ESP8266_WaitForResponse)
    ESP_Interpreter                          0x00002ad1   Thumb Code   524  interpreter.o(.text.ESP_Interpreter)
    GPIOPortF_Handler                        0x00002cdd   Thumb Code   182  os.o(.text.GPIOPortF_Handler)
    HTTP_ServePage                           0x00002d95   Thumb Code   126  lab6.o(.text.HTTP_ServePage)
    Heap_Free                                0x00002e15   Thumb Code   778  heap.o(.text.Heap_Free)
    Heap_Init                                0x00003121   Thumb Code    42  heap.o(.text.Heap_Init)
    Heap_Malloc                              0x0000314d   Thumb Code   318  heap.o(.text.Heap_Malloc)
    IRDistance_Convert                       0x0000328d   Thumb Code    94  irdistance.o(.text.IRDistance_Convert)
    Idle                                     0x000032ed   Thumb Code    52  lab6.o(.text.Idle)
    IntDisable                               0x00003321   Thumb Code   160  interrupt.o(.text.IntDisable)
    IntEnable                                0x000033c1   Thumb Code   160  interrupt.o(.text.IntEnable)
    Interpreter                              0x00003461   Thumb Code   196  interpreter.o(.text.Interpreter)
    LOADER_CLEAR                             0x00003525   Thumb Code    54  loader.o(.text.LOADER_CLEAR)
    LOADER_OPEN_FOR_RD                       0x0000355d   Thumb Code    50  loader.o(.text.LOADER_OPEN_FOR_RD)
    LOADER_READ                              0x00003591   Thumb Code    44  loader.o(.text.LOADER_READ)
    OS_AddPeriodicThread                     0x000035bd   Thumb Code    78  os.o(.text.OS_AddPeriodicThread)
    OS_AddProcess                            0x0000360d   Thumb Code   240  os.o(.text.OS_AddProcess)
    OS_AddThread                             0x000036fd   Thumb Code   736  os.o(.text.OS_AddThread)
    OS_ClearMsTime                           0x000039dd   Thumb Code    14  os.o(.text.OS_ClearMsTime)
    OS_Id                                    0x000039ed   Thumb Code    14  os.o(.text.OS_Id)
    OS_Init                                  0x000039fd   Thumb Code    96  os.o(.text.OS_Init)
    OS_InitSemaphore                         0x00003a5d   Thumb Code    22  os.o(.text.OS_InitSemaphore)
    OS_Kill                                  0x00003a75   Thumb Code   242  os.o(.text.OS_Kill)
    OS_Launch                                0x00003b69   Thumb Code    46  os.o(.text.OS_Launch)
    OS_MsTime                                0x00003b99   Thumb Code    12  os.o(.text.OS_MsTime)
    OS_Signal                                0x00003ba5   Thumb Code    92  os.o(.text.OS_Signal)
    OS_Sleep                                 0x00003c01   Thumb Code   268  os.o(.text.OS_Sleep)
    OS_Suspend                               0x00003d0d   Thumb Code   188  os.o(.text.OS_Suspend)
    OS_Time                                  0x00003dc9   Thumb Code    32  os.o(.text.OS_Time)
    OS_Wait                                  0x00003de9   Thumb Code    50  os.o(.text.OS_Wait)
    OS_bSignal                               0x00003e1d   Thumb Code    16  os.o(.text.OS_bSignal)
    OS_bWait                                 0x00003e2d   Thumb Code    16  os.o(.text.OS_bWait)
    OS_setID                                 0x00003e3d   Thumb Code    22  os.o(.text.OS_setID)
    PFGeneralInit                            0x00003e55   Thumb Code   132  edgeinterruptportf.o(.text.PFGeneralInit)
    PLL_Init                                 0x00003ed9   Thumb Code   138  pll.o(.text.PLL_Init)
    PortD_Init                               0x00003f65   Thumb Code   120  lab6.o(.text.PortD_Init)
    ReceiveDataFilter                        0x00003fdd   Thumb Code   574  esp8266.o(.text.ReceiveDataFilter)
    RxFifo_Get                               0x0000421d   Thumb Code    82  fifosimple.o(.text.RxFifo_Get)
    RxFifo_Init                              0x00004271   Thumb Code    24  fifosimple.o(.text.RxFifo_Init)
    RxFifo_Put                               0x00004289   Thumb Code    86  fifosimple.o(.text.RxFifo_Put)
    RxFifo_Size                              0x000042e1   Thumb Code    24  fifosimple.o(.text.RxFifo_Size)
    SSI0_Init                                0x000042f9   Thumb Code   350  edisk.o(.text.SSI0_Init)
    ST7735_DrawCharS                         0x00004459   Thumb Code   438  st7735.o(.text.ST7735_DrawCharS)
    ST7735_DrawPixel                         0x00004611   Thumb Code   112  st7735.o(.text.ST7735_DrawPixel)
    ST7735_DrawString                        0x00004681   Thumb Code   154  st7735.o(.text.ST7735_DrawString)
    ST7735_FillRect                          0x0000471d   Thumb Code   318  st7735.o(.text.ST7735_FillRect)
    ST7735_FillScreen                        0x0000485d   Thumb Code    52  st7735.o(.text.ST7735_FillScreen)
    ST7735_InitR                             0x00004891   Thumb Code   180  st7735.o(.text.ST7735_InitR)
    ST7735_Message                           0x00004945   Thumb Code   318  st7735.o(.text.ST7735_Message)
    ST7735_MessageNoVal                      0x00004a85   Thumb Code   240  st7735.o(.text.ST7735_MessageNoVal)
    ST7735_OutChar                           0x00004b75   Thumb Code   270  st7735.o(.text.ST7735_OutChar)
    ST7735_OutString                         0x00004c85   Thumb Code    36  st7735.o(.text.ST7735_OutString)
    ST7735_OutUDec                           0x00004ca9   Thumb Code   166  st7735.o(.text.ST7735_OutUDec)
    ST7735_SetCursor                         0x00004d51   Thumb Code    54  st7735.o(.text.ST7735_SetCursor)
    SysTick_Handler                          0x00004d89   Thumb Code   260  os.o(.text.SysTick_Handler)
    SysTick_Init                             0x00004e8d   Thumb Code    46  os.o(.text.SysTick_Init)
    Timer1A_Handler                          0x00004ebd   Thumb Code    28  timer1a.o(.text.Timer1A_Handler)
    Timer2A_Handler                          0x00004ed9   Thumb Code    28  timer2a.o(.text.Timer2A_Handler)
    Timer3A_Handler                          0x00004ef5   Thumb Code    28  timer3a.o(.text.Timer3A_Handler)
    Timer4A_Handler                          0x00004f11   Thumb Code    28  timer4a.o(.text.Timer4A_Handler)
    Timer5A_Handler                          0x00004f2d   Thumb Code    28  timer5a.o(.text.Timer5A_Handler)
    Timer5A_Init                             0x00004f49   Thumb Code   160  timer5a.o(.text.Timer5A_Init)
    TxFifo_Get                               0x00004fe9   Thumb Code    82  fifosimple.o(.text.TxFifo_Get)
    TxFifo_Init                              0x0000503d   Thumb Code    24  fifosimple.o(.text.TxFifo_Init)
    TxFifo_Put                               0x00005055   Thumb Code    86  fifosimple.o(.text.TxFifo_Put)
    TxFifo_Size                              0x000050ad   Thumb Code    24  fifosimple.o(.text.TxFifo_Size)
    UART0_Handler                            0x000050c5   Thumb Code   138  uart0int.o(.text.UART0_Handler)
    UART2_Handler                            0x00005151   Thumb Code   138  esp8266.o(.text.UART2_Handler)
    UART_InChar                              0x000051dd   Thumb Code    32  uart0int.o(.text.UART_InChar)
    UART_Init                                0x000051fd   Thumb Code   234  uart0int.o(.text.UART_Init)
    UART_OutChar                             0x000052e9   Thumb Code    60  uart0int.o(.text.UART_OutChar)
    UART_OutCharNonBlock                     0x00005325   Thumb Code    60  uart0int.o(.text.UART_OutCharNonBlock)
    UART_OutString                           0x00005361   Thumb Code    36  uart0int.o(.text.UART_OutString)
    UART_OutUDec                             0x00005385   Thumb Code    72  uart0int.o(.text.UART_OutUDec)
    WebServerInterpreter                     0x000053cd   Thumb Code   216  lab6.o(.text.WebServerInterpreter)
    WideTimer0A_Handler                      0x000054a5   Thumb Code    28  wtimer0a.o(.text.WideTimer0A_Handler)
    WideTimer0A_Init                         0x000054c1   Thumb Code   170  wtimer0a.o(.text.WideTimer0A_Init)
    WideTimer1A_Handler                      0x0000556d   Thumb Code    28  wtimer1a.o(.text.WideTimer1A_Handler)
    WideTimer1A_Init                         0x00005589   Thumb Code   166  wtimer1a.o(.text.WideTimer1A_Init)
    addThreadBack                            0x00005631   Thumb Code   146  os.o(.text.addThreadBack)
    clust2sect                               0x00005841   Thumb Code    54  ff.o(.text.clust2sect)
    countMS                                  0x00005b75   Thumb Code    30  os.o(.text.countMS)
    disk_ioctl                               0x000065ad   Thumb Code   724  edisk.o(.text.disk_ioctl)
    disk_timerproc                           0x00006881   Thumb Code   142  edisk.o(.text.disk_timerproc)
    eDisk_Init                               0x0000691d   Thumb Code   612  edisk.o(.text.eDisk_Init)
    eDisk_Read                               0x00006b81   Thumb Code   218  edisk.o(.text.eDisk_Read)
    eDisk_Status                             0x00006c5d   Thumb Code    46  edisk.o(.text.eDisk_Status)
    eDisk_Write                              0x00006c8d   Thumb Code   278  edisk.o(.text.eDisk_Write)
    eFile_Create                             0x00006da5   Thumb Code    80  efile.o(.text.eFile_Create)
    eFile_DClose                             0x00006df5   Thumb Code    74  efile.o(.text.eFile_DClose)
    eFile_DOpen                              0x00006e41   Thumb Code    78  efile.o(.text.eFile_DOpen)
    eFile_Delete                             0x00006e91   Thumb Code    70  efile.o(.text.eFile_Delete)
    eFile_DirNext                            0x00006ed9   Thumb Code   122  efile.o(.text.eFile_DirNext)
    eFile_Format                             0x00006f55   Thumb Code    78  efile.o(.text.eFile_Format)
    eFile_Init                               0x00006fa5   Thumb Code     4  efile.o(.text.eFile_Init)
    eFile_Mount                              0x00006fa9   Thumb Code    84  efile.o(.text.eFile_Mount)
    eFile_RClose                             0x00006ffd   Thumb Code    74  efile.o(.text.eFile_RClose)
    eFile_ROpen                              0x00007049   Thumb Code    80  efile.o(.text.eFile_ROpen)
    eFile_ReadNext                           0x00007099   Thumb Code    90  efile.o(.text.eFile_ReadNext)
    eFile_Unmount                            0x000070f5   Thumb Code    78  efile.o(.text.eFile_Unmount)
    eFile_WClose                             0x00007145   Thumb Code    74  efile.o(.text.eFile_WClose)
    eFile_WOpen                              0x00007191   Thumb Code    80  efile.o(.text.eFile_WOpen)
    eFile_Write                              0x000071e1   Thumb Code    94  efile.o(.text.eFile_Write)
    exec_elf                                 0x00007241   Thumb Code   298  loader.o(.text.exec_elf)
    executeCommands                          0x0000736d   Thumb Code  1326  interpreter.o(.text.executeCommands)
    f_close                                  0x0000789d   Thumb Code    60  ff.o(.text.f_close)
    f_closedir                               0x000078d9   Thumb Code    40  ff.o(.text.f_closedir)
    f_lseek                                  0x00007901   Thumb Code   646  ff.o(.text.f_lseek)
    f_mkfs                                   0x00007b89   Thumb Code  2182  ff.o(.text.f_mkfs)
    f_mount                                  0x00008411   Thumb Code   158  ff.o(.text.f_mount)
    f_open                                   0x000084b1   Thumb Code   600  ff.o(.text.f_open)
    f_opendir                                0x00008709   Thumb Code   212  ff.o(.text.f_opendir)
    f_read                                   0x000087dd   Thumb Code   642  ff.o(.text.f_read)
    f_readdir                                0x00008a61   Thumb Code   152  ff.o(.text.f_readdir)
    f_sync                                   0x00008af9   Thumb Code   276  ff.o(.text.f_sync)
    f_unlink                                 0x00008c0d   Thumb Code   358  ff.o(.text.f_unlink)
    f_write                                  0x00008d75   Thumb Code   734  ff.o(.text.f_write)
    fillmessage                              0x00009055   Thumb Code   112  st7735.o(.text.fillmessage)
    get_fat                                  0x000096b5   Thumb Code   304  ff.o(.text.get_fat)
    main                                     0x00009e15   Thumb Code    10  lab6.o(.text.main)
    put_fat                                  0x0000a1bd   Thumb Code   456  ff.o(.text.put_fat)
    realmain                                 0x0000a6bd   Thumb Code   192  lab6.o(.text.realmain)
    setAsBlocked                             0x0000add1   Thumb Code   296  os.o(.text.setAsBlocked)
    __0sprintf                               0x0000b395   Thumb Code    34  printfa.o(i.__0sprintf)
    __1sprintf                               0x0000b395   Thumb Code     0  printfa.o(i.__0sprintf)
    __2sprintf                               0x0000b395   Thumb Code     0  printfa.o(i.__0sprintf)
    __c89sprintf                             0x0000b395   Thumb Code     0  printfa.o(i.__0sprintf)
    sprintf                                  0x0000b395   Thumb Code     0  printfa.o(i.__0sprintf)
    __scatterload_copy                       0x0000b3bd   Thumb Code    14  handlers.o(i.__scatterload_copy)
    __scatterload_null                       0x0000b3cb   Thumb Code     2  handlers.o(i.__scatterload_null)
    __scatterload_zeroinit                   0x0000b3cd   Thumb Code    14  handlers.o(i.__scatterload_zeroinit)
    A                                        0x0000bcdc   Data          16  irdistance.o(.rodata.A)
    B                                        0x0000bcec   Data          16  irdistance.o(.rodata.B)
    C                                        0x0000bcfc   Data          16  irdistance.o(.rodata.C)
    IRmax                                    0x0000c22c   Data          16  irdistance.o(.rodata.IRmax)
    ReceiveDataSearchString                  0x0000c2bc   Data           6  esp8266.o(.rodata.ReceiveDataSearchString)
    formBody                                 0x0000c2ee   Data         238  lab6.o(.rodata.formBody)
    statusBody                               0x0000c416   Data          91  lab6.o(.rodata.statusBody)
    Region$$Table$$Base                      0x0000cc8c   Number         0  anon$$obj.o(Region$$Table)
    Region$$Table$$Limit                     0x0000ccac   Number         0  anon$$obj.o(Region$$Table)
    RCV_ID                                   0x20000000   Data           4  can0.o(.data.RCV_ID)
    StTextColor                              0x20000008   Data           2  st7735.o(.data.StTextColor)
    XMT_ID                                   0x2000000c   Data           4  can0.o(.data.XMT_ID)
    env                                      0x20000014   Data           8  interpreter.o(.data.env)
    ADCTask                                  0x20000020   Data           4  adct0atrigger.o(.bss.ADCTask)
    CurrPCB                                  0x20000028   Data           4  os.o(.bss.CurrPCB)
    ESP8266Rx0GetI                           0x2000042c   Data           4  esp8266.o(.bss.ESP8266Rx0GetI)
    ESP8266Rx0PutI                           0x20000430   Data           4  esp8266.o(.bss.ESP8266Rx0PutI)
    ESP8266RxGetI                            0x20000834   Data           4  esp8266.o(.bss.ESP8266RxGetI)
    ESP8266RxPutI                            0x20000838   Data           4  esp8266.o(.bss.ESP8266RxPutI)
    ESP8266TxGetI                            0x20000c3c   Data           4  esp8266.o(.bss.ESP8266TxGetI)
    ESP8266TxPutI                            0x20000c40   Data           4  esp8266.o(.bss.ESP8266TxPutI)
    ESP8266_ConnectionMux                    0x20000c44   Data           2  esp8266.o(.bss.ESP8266_ConnectionMux)
    ESP8266_DataAvailable                    0x20000c48   Data           4  esp8266.o(.bss.ESP8266_DataAvailable)
    ESP8266_DataLoss                         0x20000c4c   Data           4  esp8266.o(.bss.ESP8266_DataLoss)
    ESP8266_EchoCommand                      0x20000c50   Data           1  esp8266.o(.bss.ESP8266_EchoCommand)
    ESP8266_EchoResponse                     0x20000c51   Data           1  esp8266.o(.bss.ESP8266_EchoResponse)
    ESP8266_Segment                          0x20000c52   Data           2  esp8266.o(.bss.ESP8266_Segment)
    ESP8266_Server                           0x20000c54   Data           2  esp8266.o(.bss.ESP8266_Server)
    IdleCount                                0x20000c60   Data           4  lab6.o(.bss.IdleCount)
    LCDFree                                  0x20000c64   Data          12  st7735.o(.bss.LCDFree)
    LookPt                                   0x20000e94   Data           4  os.o(.bss.LookPt)
    MaxJitter                                0x20000e9c   Data           4  interpreter.o(.bss.MaxJitter)
    Message                                  0x20000ea0   Data          12  st7735.o(.bss.Message)
    Messageindex                             0x20000eac   Data           4  st7735.o(.bss.Messageindex)
    Next                                     0x20000eb0   Data           4  os.o(.bss.Next)
    NextPt                                   0x20000eb4   Data           4  os.o(.bss.NextPt)
    NumCreated                               0x20000eb8   Data           4  lab6.o(.bss.NumCreated)
    PD3data                                  0x20000ebc   Data           4  adct0atrigger.o(.bss.PD3data)
    PeriodicTask1                            0x20000ec0   Data           4  timer1a.o(.bss.PeriodicTask1)
    PeriodicTask2                            0x20000ec4   Data           4  timer2a.o(.bss.PeriodicTask2)
    PeriodicTask3                            0x20000ec8   Data           4  timer3a.o(.bss.PeriodicTask3)
    PeriodicTask4                            0x20000ecc   Data           4  timer4a.o(.bss.PeriodicTask4)
    PeriodicTask5A                           0x20000ed0   Data           4  timer5a.o(.bss.PeriodicTask5A)
    Prev                                     0x20000ed4   Data           4  os.o(.bss.Prev)
    PriPointers                              0x20000ed8   Data          40  os.o(.bss.PriPointers)
    ProcessCount                             0x20000f00   Data           1  os.o(.bss.ProcessCount)
    RunPt                                    0x20000f18   Data           4  os.o(.bss.RunPt)
    RxGetI                                   0x2000131c   Data           4  fifosimple.o(.bss.RxGetI)
    RxPutI                                   0x20001320   Data           4  fifosimple.o(.bss.RxPutI)
    SW1Pri                                   0x20001324   Data           4  os.o(.bss.SW1Pri)
    SW1Task                                  0x20001328   Data           4  os.o(.bss.SW1Task)
    SW2Pri                                   0x2000132c   Data           4  os.o(.bss.SW2Pri)
    SW2Task                                  0x20001330   Data           4  os.o(.bss.SW2Task)
    SleepPt                                  0x20001334   Data           4  os.o(.bss.SleepPt)
    StX                                      0x20001338   Data           4  st7735.o(.bss.StX)
    StY                                      0x2000133c   Data           4  st7735.o(.bss.StY)
    ThreadCount                              0x20001341   Data           1  interpreter.o(.bss.ThreadCount)
    ThreadCounts                             0x20001342   Data          10  os.o(.bss.ThreadCounts)
    TimeSlice                                0x2000134c   Data           4  os.o(.bss.TimeSlice)
    Timer5Used                               0x20001358   Data           1  os.o(.bss.Timer5Used)
    TxGetI                                   0x2000175c   Data           4  fifosimple.o(.bss.TxGetI)
    TxPutI                                   0x20001760   Data           4  fifosimple.o(.bss.TxPutI)
    WebServerSema                            0x20001764   Data          12  lab6.o(.bss.WebServerSema)
    WidePeriodicTask0                        0x20001770   Data           4  wtimer0a.o(.bss.WidePeriodicTask0)
    WidePeriodicTask1                        0x20001774   Data           4  wtimer1a.o(.bss.WidePeriodicTask1)
    adc_val                                  0x20001778   Data           4  adc.o(.bss.adc_val)
    command                                  0x2000177c   Data          80  interpreter.o(.bss.command)
    command_args                             0x200017cc   Data         100  interpreter.o(.bss.command_args)
    heap                                     0x20001d38   Data        2048  heap.o(.bss.heap)
    heapSema                                 0x20002538   Data          12  heap.o(.bss.heapSema)
    lab1Count                                0x20002544   Data           4  os.o(.bss.lab1Count)
    lab2Count                                0x20002548   Data           4  os.o(.bss.lab2Count)
    processes                                0x2000254c   Data         100  os.o(.bss.processes)
    sleepCount                               0x200025b0   Data           1  os.o(.bss.sleepCount)
    stacks                                   0x200025b4   Data       10240  os.o(.bss.stacks)
    threads                                  0x20004db4   Data         400  os.o(.bss.threads)
    __initial_sp                             0x20005348   Data           0  startup.o(STACK)



==============================================================================

Memory Map of the image

  Image Entry point : 0x0000026d

  Load Region LR_1 (Base: 0x00000000, Size: 0x0000ccc8, Max: 0xffffffff, ABSOLUTE)

    Execution Region ER_RO (Exec base: 0x00000000, Load base: 0x00000000, Size: 0x0000ccac, Max: 0xffffffff, ABSOLUTE)

    Exec Addr    Load Addr    Size         Type   Attr      Idx    E Section Name        Object

    0x00000000   0x00000000   0x00000284   Code   RO            3  * RESET               startup.o
    0x00000284   0x00000284   0x00000000   Code   RO         1355  * .ARM.Collect$$$$00000000  mc_w.l(entry.o)
    0x00000284   0x00000284   0x00000004   Code   RO         1404    .ARM.Collect$$$$00000001  mc_w.l(entry2.o)
    0x00000288   0x00000288   0x00000004   Code   RO         1407    .ARM.Collect$$$$00000004  mc_w.l(entry5.o)
    0x0000028c   0x0000028c   0x00000000   Code   RO         1409    .ARM.Collect$$$$00000008  mc_w.l(entry7b.o)
    0x0000028c   0x0000028c   0x00000000   Code   RO         1411    .ARM.Collect$$$$0000000A  mc_w.l(entry8b.o)
    0x0000028c   0x0000028c   0x00000008   Code   RO         1412    .ARM.Collect$$$$0000000B  mc_w.l(entry9a.o)
    0x00000294   0x00000294   0x00000000   Code   RO         1414    .ARM.Collect$$$$0000000D  mc_w.l(entry10a.o)
    0x00000294   0x00000294   0x00000000   Code   RO         1416    .ARM.Collect$$$$0000000F  mc_w.l(entry11a.o)
    0x00000294   0x00000294   0x00000004   Code   RO         1405    .ARM.Collect$$$$00002712  mc_w.l(entry2.o)
    0x00000298   0x00000298   0x0000001c   Code   RO            4    .text               startup.o
    0x000002b4   0x000002b4   0x000000a4   Code   RO          642    .text               osasm.o
    0x00000358   0x00000358   0x00000024   Code   RO         1358    .text               mc_w.l(memcpya.o)
    0x0000037c   0x0000037c   0x00000024   Code   RO         1360    .text               mc_w.l(strstr.o)
    0x000003a0   0x000003a0   0x00000014   Code   RO         1362    .text               mc_w.l(strchr.o)
    0x000003b4   0x000003b4   0x0000000e   Code   RO         1364    .text               mc_w.l(strlen.o)
    0x000003c2   0x000003c2   0x0000001c   Code   RO         1366    .text               mc_w.l(strcmp.o)
    0x000003de   0x000003de   0x0000001e   Code   RO         1370    .text               mc_w.l(strncmp.o)
    0x000003fc   0x000003fc   0x0000002c   Code   RO         1428    .text               mc_w.l(uidiv.o)
    0x00000428   0x00000428   0x00000062   Code   RO         1430    .text               mc_w.l(uldiv.o)
    0x0000048a   0x0000048a   0x00000000   Code   RO         1441    .text               mc_w.l(iusefp.o)
    0x0000048a   0x0000048a   0x0000014e   Code   RO         1442    .text               mf_w.l(dadd.o)
    0x000005d8   0x000005d8   0x000000e4   Code   RO         1444    .text               mf_w.l(dmul.o)
    0x000006bc   0x000006bc   0x000000de   Code   RO         1446    .text               mf_w.l(ddiv.o)
    0x0000079a   0x0000079a   0x00000030   Code   RO         1448    .text               mf_w.l(dfixul.o)
    0x000007ca   0x000007ca   0x00000002   PAD
    0x000007cc   0x000007cc   0x00000030   Code   RO         1450    .text               mf_w.l(cdrcmple.o)
    0x000007fc   0x000007fc   0x00000030   Code   RO         1452    .text               mc_w.l(init.o)
    0x0000082c   0x0000082c   0x0000001e   Code   RO         1454    .text               mc_w.l(llshl.o)
    0x0000084a   0x0000084a   0x00000020   Code   RO         1456    .text               mc_w.l(llushr.o)
    0x0000086a   0x0000086a   0x00000024   Code   RO         1458    .text               mc_w.l(llsshr.o)
    0x0000088e   0x0000088e   0x000000ba   Code   RO         1490    .text               mf_w.l(depilogue.o)
    0x00000948   0x00000948   0x00000032   Code   RO          650    .text.ADC0Seq0_Handler  adct0atrigger.o
    0x0000097a   0x0000097a   0x00000002   PAD
    0x0000097c   0x0000097c   0x00000022   Code   RO          654    .text.ADC0Seq3_Handler  adct0atrigger.o
    0x0000099e   0x0000099e   0x00000002   PAD
    0x000009a0   0x000009a0   0x00000046   Code   RO          671    .text.ADC0_InSeq3   adcswtrigger.o
    0x000009e6   0x000009e6   0x00000002   PAD
    0x000009e8   0x000009e8   0x00000478   Code   RO          669    .text.ADC0_InitSWTriggerSeq3  adcswtrigger.o
    0x00000e60   0x00000e60   0x00000016   Code   RO          705    .text.ADC_In        adc.o
    0x00000e76   0x00000e76   0x00000002   PAD
    0x00000e78   0x00000e78   0x00000026   Code   RO          703    .text.ADC_Init      adc.o
    0x00000e9e   0x00000e9e   0x00000002   PAD
    0x00000ea0   0x00000ea0   0x000000ba   Code   RO          993    .text.CAN0_Handler  can0.o
    0x00000f5a   0x00000f5a   0x00000002   PAD
    0x00000f5c   0x00000f5c   0x000000fe   Code   RO          995    .text.CAN0_Open     can0.o
    0x0000105a   0x0000105a   0x00000002   PAD
    0x0000105c   0x0000105c   0x00000040   Code   RO          997    .text.CAN0_Setup_Message_Object  can0.o
    0x0000109c   0x0000109c   0x000000ea   Code   RO          951    .text.CANBitRateSet  can.o
    0x00001186   0x00001186   0x00000002   PAD
    0x00001188   0x00001188   0x00000052   Code   RO          981    .text.CANDataRegRead  can.o
    0x000011da   0x000011da   0x00000002   PAD
    0x000011dc   0x000011dc   0x00000056   Code   RO          977    .text.CANDataRegWrite  can.o
    0x00001232   0x00001232   0x00000002   PAD
    0x00001234   0x00001234   0x0000001e   Code   RO          947    .text.CANEnable     can.o
    0x00001252   0x00001252   0x00000002   PAD
    0x00001254   0x00001254   0x000000c4   Code   RO          941    .text.CANInit       can.o
    0x00001318   0x00001318   0x00000062   Code   RO          965    .text.CANIntClear   can.o
    0x0000137a   0x0000137a   0x00000002   PAD
    0x0000137c   0x0000137c   0x00000020   Code   RO          959    .text.CANIntEnable  can.o
    0x0000139c   0x0000139c   0x0000003e   Code   RO          955    .text.CANIntNumberGet  can.o
    0x000013da   0x000013da   0x00000002   PAD
    0x000013dc   0x000013dc   0x0000005a   Code   RO          963    .text.CANIntStatus  can.o
    0x00001436   0x00001436   0x00000002   PAD
    0x00001438   0x00001438   0x0000028a   Code   RO          979    .text.CANMessageGet  can.o
    0x000016c2   0x000016c2   0x00000002   PAD
    0x000016c4   0x000016c4   0x000002e0   Code   RO          975    .text.CANMessageSet  can.o
    0x000019a4   0x000019a4   0x00000070   Code   RO          945    .text.CANRegRead    can.o
    0x00001a14   0x00001a14   0x00000028   Code   RO          943    .text.CANRegWrite   can.o
    0x00001a3c   0x00001a3c   0x000000aa   Code   RO          971    .text.CANStatusGet  can.o
    0x00001ae6   0x00001ae6   0x00000002   PAD
    0x00001ae8   0x00001ae8   0x00000094   Code   RO          434    .text.CS_Init       edisk.o
    0x00001b7c   0x00001b7c   0x0000002e   Code   RO          241    .text.Delay1ms      st7735.o
    0x00001baa   0x00001baa   0x00000002   PAD
    0x00001bac   0x00001bac   0x0000002e   Code   RO         1044    .text.DelayMs       esp8266.o
    0x00001bda   0x00001bda   0x00000002   PAD
    0x00001bdc   0x00001bdc   0x0000006c   Code   RO         1056    .text.ESP8266BufferToTx  esp8266.o
    0x00001c48   0x00001c48   0x00000052   Code   RO         1030    .text.ESP8266Rx0Fifo_Get  esp8266.o
    0x00001c9a   0x00001c9a   0x00000002   PAD
    0x00001c9c   0x00001c9c   0x00000018   Code   RO         1026    .text.ESP8266Rx0Fifo_Init  esp8266.o
    0x00001cb4   0x00001cb4   0x00000056   Code   RO         1028    .text.ESP8266Rx0Fifo_Put  esp8266.o
    0x00001d0a   0x00001d0a   0x00000002   PAD
    0x00001d0c   0x00001d0c   0x0000001a   Code   RO         1032    .text.ESP8266Rx0Fifo_Size  esp8266.o
    0x00001d26   0x00001d26   0x00000002   PAD
    0x00001d28   0x00001d28   0x00000052   Code   RO         1022    .text.ESP8266RxFifo_Get  esp8266.o
    0x00001d7a   0x00001d7a   0x00000002   PAD
    0x00001d7c   0x00001d7c   0x00000018   Code   RO         1018    .text.ESP8266RxFifo_Init  esp8266.o
    0x00001d94   0x00001d94   0x00000056   Code   RO         1020    .text.ESP8266RxFifo_Put  esp8266.o
    0x00001dea   0x00001dea   0x00000002   PAD
    0x00001dec   0x00001dec   0x0000001a   Code   RO         1024    .text.ESP8266RxFifo_Size  esp8266.o
    0x00001e06   0x00001e06   0x00000002   PAD
    0x00001e08   0x00001e08   0x0000007e   Code   RO         1058    .text.ESP8266RxToBuffer  esp8266.o
    0x00001e86   0x00001e86   0x00000002   PAD
    0x00001e88   0x00001e88   0x00000052   Code   RO         1038    .text.ESP8266TxFifo_Get  esp8266.o
    0x00001eda   0x00001eda   0x00000002   PAD
    0x00001edc   0x00001edc   0x00000018   Code   RO         1034    .text.ESP8266TxFifo_Init  esp8266.o
    0x00001ef4   0x00001ef4   0x00000056   Code   RO         1036    .text.ESP8266TxFifo_Put  esp8266.o
    0x00001f4a   0x00001f4a   0x00000002   PAD
    0x00001f4c   0x00001f4c   0x0000001a   Code   RO         1040    .text.ESP8266TxFifo_Size  esp8266.o
    0x00001f66   0x00001f66   0x00000002   PAD
    0x00001f68   0x00001f68   0x00000074   Code   RO         1118    .text.ESP8266_CloseTCPConnection  esp8266.o
    0x00001fdc   0x00001fdc   0x00000072   Code   RO         1070    .text.ESP8266_Connect  esp8266.o
    0x0000204e   0x0000204e   0x00000002   PAD
    0x00002050   0x00002050   0x0000000e   Code   RO         1052    .text.ESP8266_DisableInterrupt  esp8266.o
    0x0000205e   0x0000205e   0x00000002   PAD
    0x00002060   0x00002060   0x00000028   Code   RO         1050    .text.ESP8266_EnableInterrupt  esp8266.o
    0x00002088   0x00002088   0x00000068   Code   RO         1088    .text.ESP8266_EnableServer  esp8266.o
    0x000020f0   0x000020f0   0x0000004e   Code   RO         1082    .text.ESP8266_GetIPAddress  esp8266.o
    0x0000213e   0x0000213e   0x00000002   PAD
    0x00002140   0x00002140   0x00000048   Code   RO         1074    .text.ESP8266_GetMACAddress  esp8266.o
    0x00002188   0x00002188   0x00000048   Code   RO         1098    .text.ESP8266_GetVersionNumber  esp8266.o
    0x000021d0   0x000021d0   0x0000001c   Code   RO         1062    .text.ESP8266_InChar  esp8266.o
    0x000021ec   0x000021ec   0x00000134   Code   RO         1068    .text.ESP8266_Init  esp8266.o
    0x00002320   0x00002320   0x0000013a   Code   RO         1048    .text.ESP8266_InitUART  esp8266.o
    0x0000245a   0x0000245a   0x00000002   PAD
    0x0000245c   0x0000245c   0x00000076   Code   RO         1080    .text.ESP8266_JoinAccessPoint  esp8266.o
    0x000024d2   0x000024d2   0x00000002   PAD
    0x000024d4   0x000024d4   0x0000004e   Code   RO         1078    .text.ESP8266_ListAccessPoints  esp8266.o
    0x00002522   0x00002522   0x00000002   PAD
    0x00002524   0x00002524   0x0000003c   Code   RO         1060    .text.ESP8266_OutChar  esp8266.o
    0x00002560   0x00002560   0x000000f6   Code   RO         1116    .text.ESP8266_Receive  esp8266.o
    0x00002656   0x00002656   0x00000002   PAD
    0x00002658   0x00002658   0x00000048   Code   RO         1072    .text.ESP8266_Reset  esp8266.o
    0x000026a0   0x000026a0   0x000000ba   Code   RO         1112    .text.ESP8266_SendBuffered  esp8266.o
    0x0000275a   0x0000275a   0x00000002   PAD
    0x0000275c   0x0000275c   0x00000092   Code   RO         1114    .text.ESP8266_SendBufferedStatus  esp8266.o
    0x000027ee   0x000027ee   0x00000002   PAD
    0x000027f0   0x000027f0   0x0000002a   Code   RO         1064    .text.ESP8266_SendCommand  esp8266.o
    0x0000281a   0x0000281a   0x00000002   PAD
    0x0000281c   0x0000281c   0x00000068   Code   RO         1086    .text.ESP8266_SetConnectionMux  esp8266.o
    0x00002884   0x00002884   0x00000060   Code   RO         1090    .text.ESP8266_SetServerTimeout  esp8266.o
    0x000028e4   0x000028e4   0x0000005a   Code   RO         1076    .text.ESP8266_SetWifiMode  esp8266.o
    0x0000293e   0x0000293e   0x00000002   PAD
    0x00002940   0x00002940   0x0000004c   Code   RO         1084    .text.ESP8266_StartServer  esp8266.o
    0x0000298c   0x0000298c   0x00000050   Code   RO         1124    .text.ESP8266_WaitForConnection  esp8266.o
    0x000029dc   0x000029dc   0x000000f2   Code   RO         1066    .text.ESP8266_WaitForResponse  esp8266.o
    0x00002ace   0x00002ace   0x00000002   PAD
    0x00002ad0   0x00002ad0   0x0000020c   Code   RO          373    .text.ESP_Interpreter  interpreter.o
    0x00002cdc   0x00002cdc   0x000000b6   Code   RO          150    .text.GPIOPortF_Handler  os.o
    0x00002d92   0x00002d92   0x00000002   PAD
    0x00002d94   0x00002d94   0x0000007e   Code   RO           74    .text.HTTP_ServePage  lab6.o
    0x00002e12   0x00002e12   0x00000002   PAD
    0x00002e14   0x00002e14   0x0000030a   Code   RO          854    .text.Heap_Free     heap.o
    0x0000311e   0x0000311e   0x00000002   PAD
    0x00003120   0x00003120   0x0000002a   Code   RO          846    .text.Heap_Init     heap.o
    0x0000314a   0x0000314a   0x00000002   PAD
    0x0000314c   0x0000314c   0x0000013e   Code   RO          848    .text.Heap_Malloc   heap.o
    0x0000328a   0x0000328a   0x00000002   PAD
    0x0000328c   0x0000328c   0x0000005e   Code   RO          818    .text.IRDistance_Convert  irdistance.o
    0x000032ea   0x000032ea   0x00000002   PAD
    0x000032ec   0x000032ec   0x00000034   Code   RO           42    .text.Idle          lab6.o
    0x00003320   0x00003320   0x000000a0   Code   RO         1180    .text.IntDisable    interrupt.o
    0x000033c0   0x000033c0   0x000000a0   Code   RO         1178    .text.IntEnable     interrupt.o
    0x00003460   0x00003460   0x000000c4   Code   RO          371    .text.Interpreter   interpreter.o
    0x00003524   0x00003524   0x00000036   Code   RO          873    .text.LOADER_CLEAR  loader.o
    0x0000355a   0x0000355a   0x00000002   PAD
    0x0000355c   0x0000355c   0x00000032   Code   RO          867    .text.LOADER_OPEN_FOR_RD  loader.o
    0x0000358e   0x0000358e   0x00000002   PAD
    0x00003590   0x00003590   0x0000002c   Code   RO          869    .text.LOADER_READ   loader.o
    0x000035bc   0x000035bc   0x0000004e   Code   RO          148    .text.OS_AddPeriodicThread  os.o
    0x0000360a   0x0000360a   0x00000002   PAD
    0x0000360c   0x0000360c   0x000000f0   Code   RO          144    .text.OS_AddProcess  os.o
    0x000036fc   0x000036fc   0x000002e0   Code   RO          142    .text.OS_AddThread  os.o
    0x000039dc   0x000039dc   0x0000000e   Code   RO          178    .text.OS_ClearMsTime  os.o
    0x000039ea   0x000039ea   0x00000002   PAD
    0x000039ec   0x000039ec   0x0000000e   Code   RO          146    .text.OS_Id         os.o
    0x000039fa   0x000039fa   0x00000002   PAD
    0x000039fc   0x000039fc   0x00000060   Code   RO          130    .text.OS_Init       os.o
    0x00003a5c   0x00003a5c   0x00000016   Code   RO          132    .text.OS_InitSemaphore  os.o
    0x00003a72   0x00003a72   0x00000002   PAD
    0x00003a74   0x00003a74   0x000000f2   Code   RO          158    .text.OS_Kill       os.o
    0x00003b66   0x00003b66   0x00000002   PAD
    0x00003b68   0x00003b68   0x0000002e   Code   RO          182    .text.OS_Launch     os.o
    0x00003b96   0x00003b96   0x00000002   PAD
    0x00003b98   0x00003b98   0x0000000c   Code   RO          180    .text.OS_MsTime     os.o
    0x00003ba4   0x00003ba4   0x0000005c   Code   RO          136    .text.OS_Signal     os.o
    0x00003c00   0x00003c00   0x0000010c   Code   RO          156    .text.OS_Sleep      os.o
    0x00003d0c   0x00003d0c   0x000000bc   Code   RO          118    .text.OS_Suspend    os.o
    0x00003dc8   0x00003dc8   0x00000020   Code   RO          174    .text.OS_Time       os.o
    0x00003de8   0x00003de8   0x00000032   Code   RO          134    .text.OS_Wait       os.o
    0x00003e1a   0x00003e1a   0x00000002   PAD
    0x00003e1c   0x00003e1c   0x00000010   Code   RO          140    .text.OS_bSignal    os.o
    0x00003e2c   0x00003e2c   0x00000010   Code   RO          138    .text.OS_bWait      os.o
    0x00003e3c   0x00003e3c   0x00000016   Code   RO          112    .text.OS_setID      os.o
    0x00003e52   0x00003e52   0x00000002   PAD
    0x00003e54   0x00003e54   0x00000084   Code   RO         1342    .text.PFGeneralInit  edgeinterruptportf.o
    0x00003ed8   0x00003ed8   0x0000008a   Code   RO           32    .text.PLL_Init      pll.o
    0x00003f62   0x00003f62   0x00000002   PAD
    0x00003f64   0x00003f64   0x00000078   Code   RO           40    .text.PortD_Init    lab6.o
    0x00003fdc   0x00003fdc   0x0000023e   Code   RO         1046    .text.ReceiveDataFilter  esp8266.o
    0x0000421a   0x0000421a   0x00000002   PAD
    0x0000421c   0x0000421c   0x00000052   Code   RO         1239    .text.RxFifo_Get    fifosimple.o
    0x0000426e   0x0000426e   0x00000002   PAD
    0x00004270   0x00004270   0x00000018   Code   RO         1235    .text.RxFifo_Init   fifosimple.o
    0x00004288   0x00004288   0x00000056   Code   RO         1237    .text.RxFifo_Put    fifosimple.o
    0x000042de   0x000042de   0x00000002   PAD
    0x000042e0   0x000042e0   0x00000018   Code   RO         1241    .text.RxFifo_Size   fifosimple.o
    0x000042f8   0x000042f8   0x0000015e   Code   RO          436    .text.SSI0_Init     edisk.o
    0x00004456   0x00004456   0x00000002   PAD
    0x00004458   0x00004458   0x000001b6   Code   RO          281    .text.ST7735_DrawCharS  st7735.o
    0x0000460e   0x0000460e   0x00000002   PAD
    0x00004610   0x00004610   0x00000070   Code   RO          259    .text.ST7735_DrawPixel  st7735.o
    0x00004680   0x00004680   0x0000009a   Code   RO          285    .text.ST7735_DrawString  st7735.o
    0x0000471a   0x0000471a   0x00000002   PAD
    0x0000471c   0x0000471c   0x0000013e   Code   RO          269    .text.ST7735_FillRect  st7735.o
    0x0000485a   0x0000485a   0x00000002   PAD
    0x0000485c   0x0000485c   0x00000034   Code   RO          249    .text.ST7735_FillScreen  st7735.o
    0x00004890   0x00004890   0x000000b4   Code   RO          251    .text.ST7735_InitR  st7735.o
    0x00004944   0x00004944   0x0000013e   Code   RO          297    .text.ST7735_Message  st7735.o
    0x00004a82   0x00004a82   0x00000002   PAD
    0x00004a84   0x00004a84   0x000000f0   Code   RO          301    .text.ST7735_MessageNoVal  st7735.o
    0x00004b74   0x00004b74   0x0000010e   Code   RO          327    .text.ST7735_OutChar  st7735.o
    0x00004c82   0x00004c82   0x00000002   PAD
    0x00004c84   0x00004c84   0x00000024   Code   RO          299    .text.ST7735_OutString  st7735.o
    0x00004ca8   0x00004ca8   0x000000a6   Code   RO          293    .text.ST7735_OutUDec  st7735.o
    0x00004d4e   0x00004d4e   0x00000002   PAD
    0x00004d50   0x00004d50   0x00000036   Code   RO          247    .text.ST7735_SetCursor  st7735.o
    0x00004d86   0x00004d86   0x00000002   PAD
    0x00004d88   0x00004d88   0x00000104   Code   RO          120    .text.SysTick_Handler  os.o
    0x00004e8c   0x00004e8c   0x0000002e   Code   RO          126    .text.SysTick_Init  os.o
    0x00004eba   0x00004eba   0x00000002   PAD
    0x00004ebc   0x00004ebc   0x0000001c   Code   RO         1272    .text.Timer1A_Handler  timer1a.o
    0x00004ed8   0x00004ed8   0x0000001c   Code   RO         1286    .text.Timer2A_Handler  timer2a.o
    0x00004ef4   0x00004ef4   0x0000001c   Code   RO         1300    .text.Timer3A_Handler  timer3a.o
    0x00004f10   0x00004f10   0x0000001c   Code   RO         1314    .text.Timer4A_Handler  timer4a.o
    0x00004f2c   0x00004f2c   0x0000001c   Code   RO         1328    .text.Timer5A_Handler  timer5a.o
    0x00004f48   0x00004f48   0x000000a0   Code   RO         1326    .text.Timer5A_Init  timer5a.o
    0x00004fe8   0x00004fe8   0x00000052   Code   RO         1231    .text.TxFifo_Get    fifosimple.o
    0x0000503a   0x0000503a   0x00000002   PAD
    0x0000503c   0x0000503c   0x00000018   Code   RO         1227    .text.TxFifo_Init   fifosimple.o
    0x00005054   0x00005054   0x00000056   Code   RO         1229    .text.TxFifo_Put    fifosimple.o
    0x000050aa   0x000050aa   0x00000002   PAD
    0x000050ac   0x000050ac   0x00000018   Code   RO         1233    .text.TxFifo_Size   fifosimple.o
    0x000050c4   0x000050c4   0x0000008a   Code   RO          404    .text.UART0_Handler  uart0int.o
    0x0000514e   0x0000514e   0x00000002   PAD
    0x00005150   0x00005150   0x0000008a   Code   RO         1054    .text.UART2_Handler  esp8266.o
    0x000051da   0x000051da   0x00000002   PAD
    0x000051dc   0x000051dc   0x00000020   Code   RO          394    .text.UART_InChar   uart0int.o
    0x000051fc   0x000051fc   0x000000ea   Code   RO          392    .text.UART_Init     uart0int.o
    0x000052e6   0x000052e6   0x00000002   PAD
    0x000052e8   0x000052e8   0x0000003c   Code   RO          398    .text.UART_OutChar  uart0int.o
    0x00005324   0x00005324   0x0000003c   Code   RO          402    .text.UART_OutCharNonBlock  uart0int.o
    0x00005360   0x00005360   0x00000024   Code   RO          408    .text.UART_OutString  uart0int.o
    0x00005384   0x00005384   0x00000048   Code   RO          412    .text.UART_OutUDec  uart0int.o
    0x000053cc   0x000053cc   0x000000d8   Code   RO           44    .text.WebServerInterpreter  lab6.o
    0x000054a4   0x000054a4   0x0000001c   Code   RO          832    .text.WideTimer0A_Handler  wtimer0a.o
    0x000054c0   0x000054c0   0x000000aa   Code   RO          830    .text.WideTimer0A_Init  wtimer0a.o
    0x0000556a   0x0000556a   0x00000002   PAD
    0x0000556c   0x0000556c   0x0000001c   Code   RO         1258    .text.WideTimer1A_Handler  wtimer1a.o
    0x00005588   0x00005588   0x000000a6   Code   RO         1256    .text.WideTimer1A_Init  wtimer1a.o
    0x0000562e   0x0000562e   0x00000002   PAD
    0x00005630   0x00005630   0x00000092   Code   RO          114    .text.addThreadBack  os.o
    0x000056c2   0x000056c2   0x00000002   PAD
    0x000056c4   0x000056c4   0x0000008a   Code   RO          905    .text.addressOf     loader.o
    0x0000574e   0x0000574e   0x00000002   PAD
    0x00005750   0x00005750   0x000000b2   Code   RO          623    .text.check_fs      ff.o
    0x00005802   0x00005802   0x00000002   PAD
    0x00005804   0x00005804   0x0000003c   Code   RO          617    .text.chk_chr       ff.o
    0x00005840   0x00005840   0x00000036   Code   RO          529    .text.clust2sect    ff.o
    0x00005876   0x00005876   0x00000002   PAD
    0x00005878   0x00005878   0x000000aa   Code   RO          253    .text.commandList   st7735.o
    0x00005922   0x00005922   0x00000002   PAD
    0x00005924   0x00005924   0x000001a6   Code   RO          245    .text.commonInit    st7735.o
    0x00005aca   0x00005aca   0x00000002   PAD
    0x00005acc   0x00005acc   0x00000056   Code   RO          406    .text.copyHardwareToSoftware  uart0int.o
    0x00005b22   0x00005b22   0x00000002   PAD
    0x00005b24   0x00005b24   0x0000004e   Code   RO          400    .text.copySoftwareToHardware  uart0int.o
    0x00005b72   0x00005b72   0x00000002   PAD
    0x00005b74   0x00005b74   0x0000001e   Code   RO          110    .text.countMS       os.o
    0x00005b92   0x00005b92   0x00000002   PAD
    0x00005b94   0x00005b94   0x0000014e   Code   RO          563    .text.create_chain  ff.o
    0x00005ce2   0x00005ce2   0x00000002   PAD
    0x00005ce4   0x00005ce4   0x0000031e   Code   RO          625    .text.create_name   ff.o
    0x00006002   0x00006002   0x00000002   PAD
    0x00006004   0x00006004   0x00000016   Code   RO          446    .text.deselect      edisk.o
    0x0000601a   0x0000601a   0x00000002   PAD
    0x0000601c   0x0000601c   0x0000009c   Code   RO          619    .text.dir_alloc     ff.o
    0x000060b8   0x000060b8   0x000000a4   Code   RO          627    .text.dir_find      ff.o
    0x0000615c   0x0000615c   0x000001c0   Code   RO          579    .text.dir_next      ff.o
    0x0000631c   0x0000631c   0x000000ba   Code   RO          577    .text.dir_read      ff.o
    0x000063d6   0x000063d6   0x00000002   PAD
    0x000063d8   0x000063d8   0x0000005c   Code   RO          547    .text.dir_register  ff.o
    0x00006434   0x00006434   0x00000058   Code   RO          599    .text.dir_remove    ff.o
    0x0000648c   0x0000648c   0x0000011e   Code   RO          575    .text.dir_sdi       ff.o
    0x000065aa   0x000065aa   0x00000002   PAD
    0x000065ac   0x000065ac   0x000002d4   Code   RO          462    .text.disk_ioctl    edisk.o
    0x00006880   0x00006880   0x0000008e   Code   RO          468    .text.disk_timerproc  edisk.o
    0x0000690e   0x0000690e   0x00000002   PAD
    0x00006910   0x00006910   0x0000000a   Code   RO          899    .text.dumpData      loader.o
    0x0000691a   0x0000691a   0x00000002   PAD
    0x0000691c   0x0000691c   0x00000264   Code   RO          438    .text.eDisk_Init    edisk.o
    0x00006b80   0x00006b80   0x000000da   Code   RO          450    .text.eDisk_Read    edisk.o
    0x00006c5a   0x00006c5a   0x00000002   PAD
    0x00006c5c   0x00006c5c   0x0000002e   Code   RO          448    .text.eDisk_Status  edisk.o
    0x00006c8a   0x00006c8a   0x00000002   PAD
    0x00006c8c   0x00006c8c   0x00000116   Code   RO          456    .text.eDisk_Write   edisk.o
    0x00006da2   0x00006da2   0x00000002   PAD
    0x00006da4   0x00006da4   0x00000050   Code   RO          493    .text.eFile_Create  efile.o
    0x00006df4   0x00006df4   0x0000004a   Code   RO          513    .text.eFile_DClose  efile.o
    0x00006e3e   0x00006e3e   0x00000002   PAD
    0x00006e40   0x00006e40   0x0000004e   Code   RO          509    .text.eFile_DOpen   efile.o
    0x00006e8e   0x00006e8e   0x00000002   PAD
    0x00006e90   0x00006e90   0x00000046   Code   RO          507    .text.eFile_Delete  efile.o
    0x00006ed6   0x00006ed6   0x00000002   PAD
    0x00006ed8   0x00006ed8   0x0000007a   Code   RO          511    .text.eFile_DirNext  efile.o
    0x00006f52   0x00006f52   0x00000002   PAD
    0x00006f54   0x00006f54   0x0000004e   Code   RO          489    .text.eFile_Format  efile.o
    0x00006fa2   0x00006fa2   0x00000002   PAD
    0x00006fa4   0x00006fa4   0x00000004   Code   RO          487    .text.eFile_Init    efile.o
    0x00006fa8   0x00006fa8   0x00000054   Code   RO          491    .text.eFile_Mount   efile.o
    0x00006ffc   0x00006ffc   0x0000004a   Code   RO          505    .text.eFile_RClose  efile.o
    0x00007046   0x00007046   0x00000002   PAD
    0x00007048   0x00007048   0x00000050   Code   RO          501    .text.eFile_ROpen   efile.o
    0x00007098   0x00007098   0x0000005a   Code   RO          503    .text.eFile_ReadNext  efile.o
    0x000070f2   0x000070f2   0x00000002   PAD
    0x000070f4   0x000070f4   0x0000004e   Code   RO          515    .text.eFile_Unmount  efile.o
    0x00007142   0x00007142   0x00000002   PAD
    0x00007144   0x00007144   0x0000004a   Code   RO          499    .text.eFile_WClose  efile.o
    0x0000718e   0x0000718e   0x00000002   PAD
    0x00007190   0x00007190   0x00000050   Code   RO          495    .text.eFile_WOpen   efile.o
    0x000071e0   0x000071e0   0x0000005e   Code   RO          497    .text.eFile_Write   efile.o
    0x0000723e   0x0000723e   0x00000002   PAD
    0x00007240   0x00007240   0x0000012a   Code   RO          875    .text.exec_elf      loader.o
    0x0000736a   0x0000736a   0x00000002   PAD
    0x0000736c   0x0000736c   0x0000052e   Code   RO          367    .text.executeCommands  interpreter.o
    0x0000789a   0x0000789a   0x00000002   PAD
    0x0000789c   0x0000789c   0x0000003c   Code   RO          569    .text.f_close       ff.o
    0x000078d8   0x000078d8   0x00000028   Code   RO          587    .text.f_closedir    ff.o
    0x00007900   0x00007900   0x00000286   Code   RO          583    .text.f_lseek       ff.o
    0x00007b86   0x00007b86   0x00000002   PAD
    0x00007b88   0x00007b88   0x00000886   Code   RO          621    .text.f_mkfs        ff.o
    0x0000840e   0x0000840e   0x00000002   PAD
    0x00008410   0x00008410   0x0000009e   Code   RO          537    .text.f_mount       ff.o
    0x000084ae   0x000084ae   0x00000002   PAD
    0x000084b0   0x000084b0   0x00000258   Code   RO          543    .text.f_open        ff.o
    0x00008708   0x00008708   0x000000d4   Code   RO          585    .text.f_opendir     ff.o
    0x000087dc   0x000087dc   0x00000282   Code   RO          555    .text.f_read        ff.o
    0x00008a5e   0x00008a5e   0x00000002   PAD
    0x00008a60   0x00008a60   0x00000098   Code   RO          589    .text.f_readdir     ff.o
    0x00008af8   0x00008af8   0x00000114   Code   RO          565    .text.f_sync        ff.o
    0x00008c0c   0x00008c0c   0x00000166   Code   RO          597    .text.f_unlink      ff.o
    0x00008d72   0x00008d72   0x00000002   PAD
    0x00008d74   0x00008d74   0x000002de   Code   RO          561    .text.f_write       ff.o
    0x00009052   0x00009052   0x00000002   PAD
    0x00009054   0x00009054   0x00000070   Code   RO          287    .text.fillmessage   st7735.o
    0x000090c4   0x000090c4   0x00000488   Code   RO          541    .text.find_volume   ff.o
    0x0000954c   0x0000954c   0x0000011c   Code   RO          545    .text.follow_path   ff.o
    0x00009668   0x00009668   0x00000012   Code   RO          885    .text.freeElf       loader.o
    0x0000967a   0x0000967a   0x00000002   PAD
    0x0000967c   0x0000967c   0x0000001c   Code   RO          925    .text.freeSection   loader.o
    0x00009698   0x00009698   0x0000001c   Code   RO          897    .text.freeSegment   loader.o
    0x000096b4   0x000096b4   0x00000130   Code   RO          531    .text.get_fat       ff.o
    0x000097e4   0x000097e4   0x000000b0   Code   RO          581    .text.get_fileinfo  ff.o
    0x00009894   0x00009894   0x000000aa   Code   RO          539    .text.get_ldnumber  ff.o
    0x0000993e   0x0000993e   0x00000002   PAD
    0x00009940   0x00009940   0x000000b4   Code   RO          877    .text.initElf       loader.o
    0x000099f4   0x000099f4   0x00000034   Code   RO          440    .text.init_spi      edisk.o
    0x00009a28   0x00009a28   0x0000004a   Code   RO          883    .text.jumpTo        loader.o
    0x00009a72   0x00009a72   0x00000002   PAD
    0x00009a74   0x00009a74   0x00000030   Code   RO          549    .text.ld_clust      ff.o
    0x00009aa4   0x00009aa4   0x000000fc   Code   RO          879    .text.loadProgram   loader.o
    0x00009ba0   0x00009ba0   0x000000d6   Code   RO          923    .text.loadSecData   loader.o
    0x00009c76   0x00009c76   0x00000002   PAD
    0x00009c78   0x00009c78   0x000000dc   Code   RO          895    .text.loadSegData   loader.o
    0x00009d54   0x00009d54   0x000000c0   Code   RO          887    .text.loadSymbols   loader.o
    0x00009e14   0x00009e14   0x0000000a   Code   RO           82    .text.main          lab6.o
    0x00009e1e   0x00009e1e   0x00000002   PAD
    0x00009e20   0x00009e20   0x00000052   Code   RO          629    .text.mem_cmp       ff.o
    0x00009e72   0x00009e72   0x00000002   PAD
    0x00009e74   0x00009e74   0x00000032   Code   RO          559    .text.mem_cpy       ff.o
    0x00009ea6   0x00009ea6   0x00000002   PAD
    0x00009ea8   0x00009ea8   0x00000028   Code   RO          605    .text.mem_set       ff.o
    0x00009ed0   0x00009ed0   0x0000005e   Code   RO          533    .text.move_window   ff.o
    0x00009f2e   0x00009f2e   0x00000002   PAD
    0x00009f30   0x00009f30   0x000000c8   Code   RO          893    .text.placeDynamic  loader.o
    0x00009ff8   0x00009ff8   0x000001a8   Code   RO          921    .text.placeInfo     loader.o
    0x0000a1a0   0x0000a1a0   0x0000001c   Code   RO          263    .text.pushColor     st7735.o
    0x0000a1bc   0x0000a1bc   0x000001c8   Code   RO          535    .text.put_fat       ff.o
    0x0000a384   0x0000a384   0x00000080   Code   RO          452    .text.rcvr_datablock  edisk.o
    0x0000a404   0x0000a404   0x00000046   Code   RO          472    .text.rcvr_spi      edisk.o
    0x0000a44a   0x0000a44a   0x00000002   PAD
    0x0000a44c   0x0000a44c   0x0000002a   Code   RO          470    .text.rcvr_spi_multi  edisk.o
    0x0000a476   0x0000a476   0x00000002   PAD
    0x0000a478   0x0000a478   0x00000056   Code   RO          913    .text.readSecHeader  loader.o
    0x0000a4ce   0x0000a4ce   0x00000002   PAD
    0x0000a4d0   0x0000a4d0   0x0000004c   Code   RO          911    .text.readSection   loader.o
    0x0000a51c   0x0000a51c   0x0000005a   Code   RO          915    .text.readSectionName  loader.o
    0x0000a576   0x0000a576   0x00000002   PAD
    0x0000a578   0x0000a578   0x00000052   Code   RO          891    .text.readSegHeader  loader.o
    0x0000a5ca   0x0000a5ca   0x00000002   PAD
    0x0000a5cc   0x0000a5cc   0x00000092   Code   RO          903    .text.readSymbol    loader.o
    0x0000a65e   0x0000a65e   0x00000002   PAD
    0x0000a660   0x0000a660   0x0000005a   Code   RO          909    .text.readSymbolName  loader.o
    0x0000a6ba   0x0000a6ba   0x00000002   PAD
    0x0000a6bc   0x0000a6bc   0x000000c0   Code   RO           46    .text.realmain      lab6.o
    0x0000a77c   0x0000a77c   0x000000fe   Code   RO          919    .text.relJmpCall    loader.o
    0x0000a87a   0x0000a87a   0x00000002   PAD
    0x0000a87c   0x0000a87c   0x000000f2   Code   RO          901    .text.relocate      loader.o
    0x0000a96e   0x0000a96e   0x00000002   PAD
    0x0000a970   0x0000a970   0x00000038   Code   RO          881    .text.relocateProgram  loader.o
    0x0000a9a8   0x0000a9a8   0x00000064   Code   RO          927    .text.relocateSection  loader.o
    0x0000aa0c   0x0000aa0c   0x00000050   Code   RO          889    .text.relocateSections  loader.o
    0x0000aa5c   0x0000aa5c   0x00000050   Code   RO          907    .text.relocateSymbol  loader.o
    0x0000aaac   0x0000aaac   0x000000b0   Code   RO          553    .text.remove_chain  ff.o
    0x0000ab5c   0x0000ab5c   0x00000072   Code   RO          917    .text.sectionOf     loader.o
    0x0000abce   0x0000abce   0x00000002   PAD
    0x0000abd0   0x0000abd0   0x00000044   Code   RO          464    .text.select        edisk.o
    0x0000ac14   0x0000ac14   0x00000128   Code   RO          444    .text.send_cmd      edisk.o
    0x0000ad3c   0x0000ad3c   0x00000094   Code   RO          261    .text.setAddrWindow  st7735.o
    0x0000add0   0x0000add0   0x00000128   Code   RO          116    .text.setAsBlocked  os.o
    0x0000aef8   0x0000aef8   0x00000028   Code   RO          551    .text.st_clust      ff.o
    0x0000af20   0x0000af20   0x0000010c   Code   RO          567    .text.sync_fs       ff.o
    0x0000b02c   0x0000b02c   0x0000008a   Code   RO          603    .text.sync_window   ff.o
    0x0000b0b6   0x0000b0b6   0x00000002   PAD
    0x0000b0b8   0x0000b0b8   0x00000060   Code   RO          557    .text.validate      ff.o
    0x0000b118   0x0000b118   0x0000005c   Code   RO          466    .text.wait_ready    edisk.o
    0x0000b174   0x0000b174   0x0000007e   Code   RO          255    .text.writecommand  st7735.o
    0x0000b1f2   0x0000b1f2   0x00000002   PAD
    0x0000b1f4   0x0000b1f4   0x00000080   Code   RO          257    .text.writedata     st7735.o
    0x0000b274   0x0000b274   0x00000056   Code   RO          442    .text.xchg_spi      edisk.o
    0x0000b2ca   0x0000b2ca   0x00000002   PAD
    0x0000b2cc   0x0000b2cc   0x00000072   Code   RO          458    .text.xmit_datablock  edisk.o
    0x0000b33e   0x0000b33e   0x00000002   PAD
    0x0000b340   0x0000b340   0x00000052   Code   RO          474    .text.xmit_spi_multi  edisk.o
    0x0000b392   0x0000b392   0x00000002   PAD
    0x0000b394   0x0000b394   0x00000028   Code   RO         1377    i.__0sprintf        mc_w.l(printfa.o)
    0x0000b3bc   0x0000b3bc   0x0000000e   Code   RO         1496    i.__scatterload_copy  mc_w.l(handlers.o)
    0x0000b3ca   0x0000b3ca   0x00000002   Code   RO         1497    i.__scatterload_null  mc_w.l(handlers.o)
    0x0000b3cc   0x0000b3cc   0x0000000e   Code   RO         1498    i.__scatterload_zeroinit  mc_w.l(handlers.o)
    0x0000b3da   0x0000b3da   0x00000002   PAD
    0x0000b3dc   0x0000b3dc   0x00000184   Code   RO         1382    i._fp_digits        mc_w.l(printfa.o)
    0x0000b560   0x0000b560   0x000006dc   Code   RO         1383    i._printf_core      mc_w.l(printfa.o)
    0x0000bc3c   0x0000bc3c   0x00000024   Code   RO         1384    i._printf_post_padding  mc_w.l(printfa.o)
    0x0000bc60   0x0000bc60   0x0000002e   Code   RO         1385    i._printf_pre_padding  mc_w.l(printfa.o)
    0x0000bc8e   0x0000bc8e   0x0000000a   Code   RO         1387    i._sputc            mc_w.l(printfa.o)
    0x0000bc98   0x0000bc98   0x00000021   Data   RO          933    .rodata..L__const.loadSymbols.name  loader.o
    0x0000bcb9   0x0000bcb9   0x00000021   Data   RO          932    .rodata..L__const.relocate.name  loader.o
    0x0000bcda   0x0000bcda   0x00000002   PAD
    0x0000bcdc   0x0000bcdc   0x00000010   Data   RO          820    .rodata.A           irdistance.o
    0x0000bcec   0x0000bcec   0x00000010   Data   RO          821    .rodata.B           irdistance.o
    0x0000bcfc   0x0000bcfc   0x00000010   Data   RO          822    .rodata.C           irdistance.o
    0x0000bd0c   0x0000bd0c   0x0000000a   Data   RO         1150    .rodata.ESP8266_ERROR_RESPONSE  esp8266.o
    0x0000bd16   0x0000bd16   0x00000009   Data   RO         1151    .rodata.ESP8266_FAIL_RESPONSE  esp8266.o
    0x0000bd1f   0x0000bd1f   0x00000007   Data   RO         1149    .rodata.ESP8266_OK_RESPONSE  esp8266.o
    0x0000bd26   0x0000bd26   0x0000000a   Data   RO         1147    .rodata.ESP8266_READY_RESPONSE  esp8266.o
    0x0000bd30   0x0000bd30   0x000004fb   Data   RO          347    .rodata.Font        st7735.o
    0x0000c22b   0x0000c22b   0x00000001   PAD
    0x0000c22c   0x0000c22c   0x00000010   Data   RO          823    .rodata.IRmax       irdistance.o
    0x0000c23c   0x0000c23c   0x0000003b   Data   RO          336    .rodata.Rcmd1       st7735.o
    0x0000c277   0x0000c277   0x0000000d   Data   RO          337    .rodata.Rcmd2green  st7735.o
    0x0000c284   0x0000c284   0x0000000d   Data   RO          340    .rodata.Rcmd2red    st7735.o
    0x0000c291   0x0000c291   0x0000002b   Data   RO          341    .rodata.Rcmd3       st7735.o
    0x0000c2bc   0x0000c2bc   0x00000006   Data   RO         1140    .rodata.ReceiveDataSearchString  esp8266.o
    0x0000c2c2   0x0000c2c2   0x00000016   Data   RO          634    .rodata.f_mkfs.cst  ff.o
    0x0000c2d8   0x0000c2d8   0x00000016   Data   RO          633    .rodata.f_mkfs.vst  ff.o
    0x0000c2ee   0x0000c2ee   0x000000ee   Data   RO           98    .rodata.formBody    lab6.o
    0x0000c3dc   0x0000c3dc   0x00000014   Data   RO         1198    .rodata.g_pui32Dii16Regs  interrupt.o
    0x0000c3f0   0x0000c3f0   0x00000014   Data   RO         1197    .rodata.g_pui32EnRegs  interrupt.o
    0x0000c404   0x0000c404   0x00000012   Data   RO          985    .rodata.g_usCANBitValues  can.o
    0x0000c416   0x0000c416   0x0000005b   Data   RO           99    .rodata.statusBody  lab6.o
    0x0000c471   0x0000c471   0x000001f5   Data   RO           85    .rodata.str1.1      lab6.o
    0x0000c666   0x0000c666   0x00000018   Data   RO          350    .rodata.str1.1      st7735.o
    0x0000c67e   0x0000c67e   0x000001b6   Data   RO          378    .rodata.str1.1      interpreter.o
    0x0000c834   0x0000c834   0x00000053   Data   RO          632    .rodata.str1.1      ff.o
    0x0000c887   0x0000c887   0x000001d2   Data   RO          931    .rodata.str1.1      loader.o
    0x0000ca59   0x0000ca59   0x00000222   Data   RO         1148    .rodata.str1.1      esp8266.o
    0x0000cc7b   0x0000cc7b   0x00000001   PAD
    0x0000cc7c   0x0000cc7c   0x00000010   Data   RO          375    .rodata.symtab      interpreter.o
    0x0000cc8c   0x0000cc8c   0x00000020   Data   RO         1495    Region$$Table       anon$$obj.o


    Execution Region ER_RW (Exec base: 0x20000000, Load base: 0x0000ccac, Size: 0x0000001c, Max: 0xffffffff, ABSOLUTE)

    Exec Addr    Load Addr    Size         Type   Attr      Idx    E Section Name        Object

    0x20000000   0x0000ccac   0x00000004   Data   RW         1007    .data.RCV_ID        can0.o
    0x20000004   0x0000ccb0   0x00000004   Data   RW         1143    .data.ReceiveDataState  esp8266.o
    0x20000008   0x0000ccb4   0x00000002   Data   RW          333    .data.StTextColor   st7735.o
    0x2000000a   0x0000ccb6   0x00000001   Data   RW          476    .data.Stat          edisk.o
    0x2000000b   0x0000ccb7   0x00000001   PAD
    0x2000000c   0x0000ccb8   0x00000004   Data   RW         1008    .data.XMT_ID        can0.o
    0x20000010   0x0000ccbc   0x00000002   Data   RW          344    .data._height       st7735.o
    0x20000012   0x0000ccbe   0x00000002   Data   RW          343    .data._width        st7735.o
    0x20000014   0x0000ccc0   0x00000008   Data   RW          376    .data.env           interpreter.o


    Execution Region ER_ZI (Exec base: 0x20000020, Load base: 0x0000ccc8, Size: 0x00005328, Max: 0xffffffff, ABSOLUTE)

    Exec Addr    Load Addr    Size         Type   Attr      Idx    E Section Name        Object

    0x20000020        -       0x00000004   Zero   RW          656    .bss.ADCTask        adct0atrigger.o
    0x20000024        -       0x00000001   Zero   RW          478    .bss.CardType       edisk.o
    0x20000025        -       0x00000001   Zero   RW          338    .bss.ColStart       st7735.o
    0x20000026   0x0000ccc8   0x00000002   PAD
    0x20000028        -       0x00000004   Zero   RW          219    .bss.CurrPCB        os.o
    0x2000002c        -       0x00000400   Zero   RW         1133    .bss.ESP8266Rx0Fifo  esp8266.o
    0x2000042c        -       0x00000004   Zero   RW         1131    .bss.ESP8266Rx0GetI  esp8266.o
    0x20000430        -       0x00000004   Zero   RW         1132    .bss.ESP8266Rx0PutI  esp8266.o
    0x20000434        -       0x00000400   Zero   RW         1130    .bss.ESP8266RxFifo  esp8266.o
    0x20000834        -       0x00000004   Zero   RW         1128    .bss.ESP8266RxGetI  esp8266.o
    0x20000838        -       0x00000004   Zero   RW         1129    .bss.ESP8266RxPutI  esp8266.o
    0x2000083c        -       0x00000400   Zero   RW         1136    .bss.ESP8266TxFifo  esp8266.o
    0x20000c3c        -       0x00000004   Zero   RW         1134    .bss.ESP8266TxGetI  esp8266.o
    0x20000c40        -       0x00000004   Zero   RW         1135    .bss.ESP8266TxPutI  esp8266.o
    0x20000c44        -       0x00000002   Zero   RW         1138    .bss.ESP8266_ConnectionMux  esp8266.o
    0x20000c46   0x0000ccc8   0x00000002   PAD
    0x20000c48        -       0x00000004   Zero   RW         1141    .bss.ESP8266_DataAvailable  esp8266.o
    0x20000c4c        -       0x00000004   Zero   RW         1142    .bss.ESP8266_DataLoss  esp8266.o
    0x20000c50        -       0x00000001   Zero   RW         1127    .bss.ESP8266_EchoCommand  esp8266.o
    0x20000c51        -       0x00000001   Zero   RW         1126    .bss.ESP8266_EchoResponse  esp8266.o
    0x20000c52        -       0x00000002   Zero   RW         1139    .bss.ESP8266_Segment  esp8266.o
    0x20000c54        -       0x00000002   Zero   RW         1137    .bss.ESP8266_Server  esp8266.o
    0x20000c56   0x0000ccc8   0x00000002   PAD
    0x20000c58        -       0x00000004   Zero   RW          631    .bss.FatFs          ff.o
    0x20000c5c        -       0x00000002   Zero   RW          635    .bss.Fsid           ff.o
    0x20000c5e   0x0000ccc8   0x00000002   PAD
    0x20000c60        -       0x00000004   Zero   RW           84    .bss.IdleCount      lab6.o
    0x20000c64        -       0x0000000c   Zero   RW          335    .bss.LCDFree        st7735.o
    0x20000c70        -       0x00000224   Zero   RW          929    .bss.LOADER_OPEN_FOR_RD.fd  loader.o
    0x20000e94        -       0x00000004   Zero   RW          214    .bss.LookPt         os.o
    0x20000e98        -       0x00000004   Zero   RW         1010    .bss.MailFlag       can0.o
    0x20000e9c        -       0x00000004   Zero   RW          379    .bss.MaxJitter      interpreter.o
    0x20000ea0        -       0x0000000c   Zero   RW          348    .bss.Message        st7735.o
    0x20000eac        -       0x00000004   Zero   RW          349    .bss.Messageindex   st7735.o
    0x20000eb0        -       0x00000004   Zero   RW          216    .bss.Next           os.o
    0x20000eb4        -       0x00000004   Zero   RW          225    .bss.NextPt         os.o
    0x20000eb8        -       0x00000004   Zero   RW           86    .bss.NumCreated     lab6.o
    0x20000ebc        -       0x00000004   Zero   RW          657    .bss.PD3data        adct0atrigger.o
    0x20000ec0        -       0x00000004   Zero   RW         1276    .bss.PeriodicTask1  timer1a.o
    0x20000ec4        -       0x00000004   Zero   RW         1290    .bss.PeriodicTask2  timer2a.o
    0x20000ec8        -       0x00000004   Zero   RW         1304    .bss.PeriodicTask3  timer3a.o
    0x20000ecc        -       0x00000004   Zero   RW         1318    .bss.PeriodicTask4  timer4a.o
    0x20000ed0        -       0x00000004   Zero   RW         1332    .bss.PeriodicTask5A  timer5a.o
    0x20000ed4        -       0x00000004   Zero   RW          215    .bss.Prev           os.o
    0x20000ed8        -       0x00000028   Zero   RW          212    .bss.PriPointers    os.o
    0x20000f00        -       0x00000001   Zero   RW          221    .bss.ProcessCount   os.o
    0x20000f01        -       0x00000004   Zero   RW         1009    .bss.RCVData        can0.o
    0x20000f05   0x0000ccc8   0x00000003   PAD
    0x20000f08        -       0x00000004   Zero   RW         1144    .bss.ReceiveDataLen  esp8266.o
    0x20000f0c        -       0x00000004   Zero   RW         1146    .bss.ReceiveDataSearchIndex  esp8266.o
    0x20000f10        -       0x00000004   Zero   RW         1145    .bss.ReceiveDataStream  esp8266.o
    0x20000f14        -       0x00000001   Zero   RW          339    .bss.RowStart       st7735.o
    0x20000f15   0x0000ccc8   0x00000003   PAD
    0x20000f18        -       0x00000004   Zero   RW          211    .bss.RunPt          os.o
    0x20000f1c        -       0x00000400   Zero   RW         1248    .bss.RxFifo         fifosimple.o
    0x2000131c        -       0x00000004   Zero   RW         1246    .bss.RxGetI         fifosimple.o
    0x20001320        -       0x00000004   Zero   RW         1247    .bss.RxPutI         fifosimple.o
    0x20001324        -       0x00000004   Zero   RW          207    .bss.SW1Pri         os.o
    0x20001328        -       0x00000004   Zero   RW          222    .bss.SW1Task        os.o
    0x2000132c        -       0x00000004   Zero   RW          208    .bss.SW2Pri         os.o
    0x20001330        -       0x00000004   Zero   RW          223    .bss.SW2Task        os.o
    0x20001334        -       0x00000004   Zero   RW          210    .bss.SleepPt        os.o
    0x20001338        -       0x00000004   Zero   RW          331    .bss.StX            st7735.o
    0x2000133c        -       0x00000004   Zero   RW          332    .bss.StY            st7735.o
    0x20001340        -       0x00000001   Zero   RW          342    .bss.TabColor       st7735.o
    0x20001341        -       0x00000001   Zero   RW          380    .bss.ThreadCount    interpreter.o
    0x20001342        -       0x0000000a   Zero   RW          213    .bss.ThreadCounts   os.o
    0x2000134c        -       0x00000004   Zero   RW          224    .bss.TimeSlice      os.o
    0x20001350        -       0x00000004   Zero   RW          477    .bss.Timer1         edisk.o
    0x20001354        -       0x00000004   Zero   RW          479    .bss.Timer2         edisk.o
    0x20001358        -       0x00000001   Zero   RW          209    .bss.Timer5Used     os.o
    0x20001359        -       0x00000400   Zero   RW         1245    .bss.TxFifo         fifosimple.o
    0x20001759   0x0000ccc8   0x00000003   PAD
    0x2000175c        -       0x00000004   Zero   RW         1243    .bss.TxGetI         fifosimple.o
    0x20001760        -       0x00000004   Zero   RW         1244    .bss.TxPutI         fifosimple.o
    0x20001764        -       0x0000000c   Zero   RW           87    .bss.WebServerSema  lab6.o
    0x20001770        -       0x00000004   Zero   RW          836    .bss.WidePeriodicTask0  wtimer0a.o
    0x20001774        -       0x00000004   Zero   RW         1262    .bss.WidePeriodicTask1  wtimer1a.o
    0x20001778        -       0x00000004   Zero   RW          707    .bss.adc_val        adc.o
    0x2000177c        -       0x00000050   Zero   RW          382    .bss.command        interpreter.o
    0x200017cc        -       0x00000064   Zero   RW          377    .bss.command_args   interpreter.o
    0x20001830        -       0x0000001c   Zero   RW          520    .bss.d              efile.o
    0x2000184c        -       0x0000007c   Zero   RW          930    .bss.exec_elf.exec  loader.o
    0x200018c8        -       0x00000224   Zero   RW          519    .bss.f              efile.o
    0x20001aec        -       0x00000018   Zero   RW          521    .bss.fi             efile.o
    0x20001b04        -       0x00000234   Zero   RW          518    .bss.g_sFatFs       efile.o
    0x20001d38        -       0x00000800   Zero   RW          858    .bss.heap           heap.o
    0x20002538        -       0x0000000c   Zero   RW          859    .bss.heapSema       heap.o
    0x20002544        -       0x00000004   Zero   RW          198    .bss.lab1Count      os.o
    0x20002548        -       0x00000004   Zero   RW          199    .bss.lab2Count      os.o
    0x2000254c        -       0x00000064   Zero   RW          220    .bss.processes      os.o
    0x200025b0        -       0x00000001   Zero   RW          202    .bss.sleepCount     os.o
    0x200025b1   0x0000ccc8   0x00000003   PAD
    0x200025b4        -       0x00002800   Zero   RW          218    .bss.stacks         os.o
    0x20004db4        -       0x00000190   Zero   RW          217    .bss.threads        os.o
    0x20004f44   0x0000ccc8   0x00000004   PAD
    0x20004f48        -       0x00000400   Zero   RW            1    STACK               startup.o


==============================================================================

Image component sizes


      Code (inc. data)   RO Data    RW Data    ZI Data      Debug   Object Name

        60          0          0          0          4        821   adc.o
      1214         24          0          0          0       3426   adcswtrigger.o
        84          0          0          0          8       2000   adct0atrigger.o
      2618         10         18          0          0       7759   can.o
       504          0          0          8          8       2890   can0.o
       132          0          0          0          0       1109   edgeinterruptportf.o
      3570         10          0          1          9       6610   edisk.o
      1160          0          0          0       1164       3687   efile.o
      4542          4        588          4       3124      12911   esp8266.o
     12486          0        127          0          6      26949   ff.o
       432          0          0          0       2064       1910   fifosimple.o
      1138          0          0          0       2060       5197   heap.o
      2046          0        454          8        185       4400   interpreter.o
       320          0         40          0          0       3845   interrupt.o
        94          0         64          0          0        883   irdistance.o
       716          0        830          0         20       5833   lab6.o
      3920          0        532          0        672      13002   loader.o
      3144          0          0          0      10849      10433   os.o
       164         12          0          0          0        372   osasm.o
       138          0          0          0          0        653   pll.o
      3518          0       1427          6         39      13862   st7735.o
       672        622          0          0       1024       1108   startup.o
        28          0          0          0          4        979   timer1a.o
        28          0          0          0          4        979   timer2a.o
        28          0          0          0          4        979   timer3a.o
        28          0          0          0          4        979   timer4a.o
       188          0          0          0          4        979   timer5a.o
       796          0          0          0          0       4323   uart0int.o
       198          0          0          0          4        995   wtimer0a.o
       194          0          0          0          4        995   wtimer1a.o

    ----------------------------------------------------------------------
     44432        682       4116         28      21288     140868   Object Totals
         0          0         32          0          0          0   (incl. Generated)
       272          0          4          1         24          0   (incl. Padding)

    ----------------------------------------------------------------------

      Code (inc. data)   RO Data    RW Data    ZI Data      Debug   Library Member Name

         0          0          0          0          0          0   entry.o
         0          0          0          0          0          0   entry10a.o
         0          0          0          0          0          0   entry11a.o
         8          4          0          0          0          0   entry2.o
         4          0          0          0          0          0   entry5.o
         0          0          0          0          0          0   entry7b.o
         0          0          0          0          0          0   entry8b.o
         8          4          0          0          0          0   entry9a.o
        30          0          0          0          0          0   handlers.o
        48         10          0          0          0         68   init.o
         0          0          0          0          0          0   iusefp.o
        30          0          0          0          0         68   llshl.o
        36          0          0          0          0         68   llsshr.o
        32          0          0          0          0         68   llushr.o
        36          0          0          0          0         68   memcpya.o
      2276         86          0          0          0        520   printfa.o
        20          0          0          0          0         68   strchr.o
        28          0          0          0          0         76   strcmp.o
        14          0          0          0          0         68   strlen.o
        30          0          0          0          0         80   strncmp.o
        36          0          0          0          0         80   strstr.o
        44          0          0          0          0         80   uidiv.o
        98          0          0          0          0         92   uldiv.o
        48          0          0          0          0         68   cdrcmple.o
       334          0          0          0          0        148   dadd.o
       222          0          0          0          0        100   ddiv.o
       186          0          0          0          0        176   depilogue.o
        48          0          0          0          0         68   dfixul.o
       228          0          0          0          0         96   dmul.o

    ----------------------------------------------------------------------
      3848        104          0          0          0       2060   Library Totals
         4          0          0          0          0          0   (incl. Padding)

    ----------------------------------------------------------------------

      Code (inc. data)   RO Data    RW Data    ZI Data      Debug   Library Name

      2778        104          0          0          0       1404   mc_w.l
      1066          0          0          0          0        656   mf_w.l

    ----------------------------------------------------------------------
      3848        104          0          0          0       2060   Library Totals

    ----------------------------------------------------------------------

==============================================================================


      Code (inc. data)   RO Data    RW Data    ZI Data      Debug   

     48280        786       4116         28      21288     141448   Grand Totals
     48280        786       4116         28      21288     141448   ELF Image Totals
     48280        786       4116         28          0          0   ROM Totals

==============================================================================

    Total RO  Size (Code + RO Data)                52396 (  51.17kB)
    Total RW  Size (RW Data + ZI Data)             21316 (  20.82kB)
    Total ROM Size (Code + RO Data + RW Data)      52424 (  51.20kB)

==============================================================================

