Component: Arm Compiler for Embedded 6.22 Tool: armlink [5ee90200]

==============================================================================

Section Cross References

    startup.o(RESET) refers to startup.o(STACK) for StackMem
    startup.o(RESET) refers to osasm.o(.text) for SVC_Handler
    startup.o(RESET) refers to os.o(.text.SysTick_Handler) for SysTick_Handler
    startup.o(RESET) refers to uart0int.o(.text.UART0_Handler) for UART0_Handler
    startup.o(RESET) refers to tfluna.o(.text.UART1_Handler) for UART1_Handler
    startup.o(RESET) refers to adct0atrigger.o(.text.ADC0Seq0_Handler) for ADC0Seq0_Handler
    startup.o(RESET) refers to adct0atrigger.o(.text.ADC0Seq3_Handler) for ADC0Seq3_Handler
    startup.o(RESET) refers to timer.o(.text.Timer0A_Handler) for Timer0A_Handler
    startup.o(RESET) refers to timer.o(.text.Timer1A_Handler) for Timer1A_Handler
    startup.o(RESET) refers to timer2a.o(.text.Timer2A_Handler) for Timer2A_Handler
    startup.o(RESET) refers to os.o(.text.GPIOPortF_Handler) for GPIOPortF_Handler
    startup.o(RESET) refers to esp8266.o(.text.UART2_Handler) for UART2_Handler
    startup.o(RESET) refers to timer.o(.text.Timer3A_Handler) for Timer3A_Handler
    startup.o(RESET) refers to can0.o(.text.CAN0_Handler) for CAN0_Handler
    startup.o(RESET) refers to tfluna.o(.text.UART3_Handler) for UART3_Handler
    startup.o(RESET) refers to timer4a.o(.text.Timer4A_Handler) for Timer4A_Handler
    startup.o(RESET) refers to timer5a.o(.text.Timer5A_Handler) for Timer5A_Handler
    startup.o(RESET) refers to wtimer0a.o(.text.WideTimer0A_Handler) for WideTimer0A_Handler
    startup.o(RESET) refers to wtimer1a.o(.text.WideTimer1A_Handler) for WideTimer1A_Handler
    startup.o(RESET) refers to entry.o(.ARM.Collect$$$$00000000) for __main
    launchpad.o(.ARM.exidx.text.LaunchPad_Init) refers to launchpad.o(.text.LaunchPad_Init) for [Anonymous Symbol]
    launchpad.o(.ARM.exidx.text.LaunchPad_Input) refers to launchpad.o(.text.LaunchPad_Input) for [Anonymous Symbol]
    launchpad.o(.text.LaunchPad_WaitForTouch) refers to launchpad.o(.text.DelayMs) for DelayMs
    launchpad.o(.ARM.exidx.text.LaunchPad_WaitForTouch) refers to launchpad.o(.text.LaunchPad_WaitForTouch) for [Anonymous Symbol]
    launchpad.o(.ARM.exidx.text.DelayMs) refers to launchpad.o(.text.DelayMs) for [Anonymous Symbol]
    launchpad.o(.text.LaunchPad_WaitForRelease) refers to launchpad.o(.text.DelayMs) for DelayMs
    launchpad.o(.ARM.exidx.text.LaunchPad_WaitForRelease) refers to launchpad.o(.text.LaunchPad_WaitForRelease) for [Anonymous Symbol]
    launchpad.o(.ARM.exidx.text.LaunchPad_Output) refers to launchpad.o(.text.LaunchPad_Output) for [Anonymous Symbol]
    pll.o(.ARM.exidx.text.PLL_Init) refers to pll.o(.text.PLL_Init) for [Anonymous Symbol]
    lab6.o(.ARM.exidx.text.PortD_Init) refers to lab6.o(.text.PortD_Init) for [Anonymous Symbol]
    lab6.o(.text.Idle) refers to lab6.o(.bss.IdleCount) for IdleCount
    lab6.o(.text.Idle) refers to startup.o(.text) for WaitForInterrupt
    lab6.o(.ARM.exidx.text.Idle) refers to lab6.o(.text.Idle) for [Anonymous Symbol]
    lab6.o(.text.WebServerInterpreter) refers to esp8266.o(.text.ESP8266_Init) for ESP8266_Init
    lab6.o(.text.WebServerInterpreter) refers to lab6.o(.rodata.str1.1) for .L.str
    lab6.o(.text.WebServerInterpreter) refers to st7735.o(.text.ST7735_DrawString) for ST7735_DrawString
    lab6.o(.text.WebServerInterpreter) refers to os.o(.text.OS_Kill) for OS_Kill
    lab6.o(.text.WebServerInterpreter) refers to esp8266.o(.text.ESP8266_GetVersionNumber) for ESP8266_GetVersionNumber
    lab6.o(.text.WebServerInterpreter) refers to esp8266.o(.text.ESP8266_Connect) for ESP8266_Connect
    lab6.o(.text.WebServerInterpreter) refers to esp8266.o(.text.ESP8266_StartServer) for ESP8266_StartServer
    lab6.o(.text.WebServerInterpreter) refers to esp8266.o(.text.ESP8266_WaitForConnection) for ESP8266_WaitForConnection
    lab6.o(.text.WebServerInterpreter) refers to interpreter.o(.text.ESP_Interpreter) for ESP_Interpreter
    lab6.o(.text.WebServerInterpreter) refers to os.o(.text.OS_AddThread) for OS_AddThread
    lab6.o(.text.WebServerInterpreter) refers to lab6.o(.bss.NumCreated) for NumCreated
    lab6.o(.text.WebServerInterpreter) refers to lab6.o(.bss.WebServerSema) for WebServerSema
    lab6.o(.text.WebServerInterpreter) refers to os.o(.text.OS_Wait) for OS_Wait
    lab6.o(.ARM.exidx.text.WebServerInterpreter) refers to lab6.o(.text.WebServerInterpreter) for [Anonymous Symbol]
    lab6.o(.text.realmain) refers to os.o(.text.OS_Init) for OS_Init
    lab6.o(.text.realmain) refers to lab6.o(.text.PortD_Init) for PortD_Init
    lab6.o(.text.realmain) refers to heap.o(.text.Heap_Init) for Heap_Init
    lab6.o(.text.realmain) refers to interpreter.o(.bss.MaxJitter) for MaxJitter
    lab6.o(.text.realmain) refers to lab6.o(.bss.WebServerSema) for WebServerSema
    lab6.o(.text.realmain) refers to os.o(.text.OS_InitSemaphore) for OS_InitSemaphore
[...]
    [Anonymous Symbol]                       0x00003808   Section        0  st7735.o(.text.ST7735_OutString)
    [Anonymous Symbol]                       0x0000382c   Section        0  st7735.o(.text.ST7735_SetCursor)
    [Anonymous Symbol]                       0x00003864   Section        0  os.o(.text.SysTick_Handler)
    [Anonymous Symbol]                       0x00003968   Section        0  os.o(.text.SysTick_Init)
    [Anonymous Symbol]                       0x00003998   Section        0  tfluna.o(.text.TFLuna2_InStatus)
    [Anonymous Symbol]                       0x000039b4   Section        0  tfluna.o(.text.TFLuna_Format_Standard_mm)
    [Anonymous Symbol]                       0x000039c4   Section        0  tfluna.o(.text.TFLuna_Frame_Rate)
    [Anonymous Symbol]                       0x000039d4   Section        0  tfluna.o(.text.TFLuna_InStatus)
    [Anonymous Symbol]                       0x000039f0   Section        0  tfluna.o(.text.TFLuna_Init)
    [Anonymous Symbol]                       0x00003b18   Section        0  tfluna.o(.text.TFLuna_OutChar)
    [Anonymous Symbol]                       0x00003b48   Section        0  tfluna.o(.text.TFLuna_SaveSettings)
    [Anonymous Symbol]                       0x00003b58   Section        0  tfluna.o(.text.TFLuna_SendMessage)
    [Anonymous Symbol]                       0x00003b88   Section        0  tfluna.o(.text.TFLuna_System_Reset)
    [Anonymous Symbol]                       0x00003b98   Section        0  timer.o(.text.Timer0A_Handler)
    [Anonymous Symbol]                       0x00003bf8   Section        0  timer.o(.text.Timer0_Init)
    [Anonymous Symbol]                       0x00003d30   Section        0  timer.o(.text.Timer1A_Handler)
    [Anonymous Symbol]                       0x00003d98   Section        0  timer2a.o(.text.Timer2A_Handler)
    [Anonymous Symbol]                       0x00003db4   Section        0  timer.o(.text.Timer3A_Handler)
    [Anonymous Symbol]                       0x00003e1c   Section        0  timer4a.o(.text.Timer4A_Handler)
    [Anonymous Symbol]                       0x00003e38   Section        0  timer5a.o(.text.Timer5A_Handler)
    [Anonymous Symbol]                       0x00003e54   Section        0  timer5a.o(.text.Timer5A_Init)
    [Anonymous Symbol]                       0x00003ef4   Section        0  fifosimple.o(.text.TxFifo_Get)
    [Anonymous Symbol]                       0x00003f48   Section        0  fifosimple.o(.text.TxFifo_Init)
    [Anonymous Symbol]                       0x00003f60   Section        0  fifosimple.o(.text.TxFifo_Put)
    [Anonymous Symbol]                       0x00003fb8   Section        0  fifosimple.o(.text.TxFifo_Size)
    [Anonymous Symbol]                       0x00003fd0   Section        0  uart0int.o(.text.UART0_Handler)
    [Anonymous Symbol]                       0x0000405c   Section        0  tfluna.o(.text.UART1_Handler)
    [Anonymous Symbol]                       0x000040a8   Section        0  esp8266.o(.text.UART2_Handler)
    [Anonymous Symbol]                       0x00004134   Section        0  tfluna.o(.text.UART3_Handler)
    [Anonymous Symbol]                       0x00004180   Section        0  uart0int.o(.text.UART_Init)
    [Anonymous Symbol]                       0x0000426c   Section        0  uart0int.o(.text.UART_OutCharNonBlock)
    [Anonymous Symbol]                       0x000042a8   Section        0  wtimer0a.o(.text.WideTimer0A_Handler)
    [Anonymous Symbol]                       0x000042c4   Section        0  wtimer0a.o(.text.WideTimer0A_Init)
    [Anonymous Symbol]                       0x00004370   Section        0  wtimer1a.o(.text.WideTimer1A_Handler)
    [Anonymous Symbol]                       0x0000438c   Section        0  wtimer1a.o(.text.WideTimer1A_Init)
    [Anonymous Symbol]                       0x00004434   Section        0  os.o(.text.addThreadBack)
    [Anonymous Symbol]                       0x000044c8   Section        0  lab6.o(.text.button)
    commandList                              0x00004519   Thumb Code   170  st7735.o(.text.commandList)
    [Anonymous Symbol]                       0x00004518   Section        0  st7735.o(.text.commandList)
    commonInit                               0x000045c5   Thumb Code   422  st7735.o(.text.commonInit)
    [Anonymous Symbol]                       0x000045c4   Section        0  st7735.o(.text.commonInit)
    copyHardwareToSoftware                   0x0000476d   Thumb Code    86  uart0int.o(.text.copyHardwareToSoftware)
    [Anonymous Symbol]                       0x0000476c   Section        0  uart0int.o(.text.copyHardwareToSoftware)
    copyHardwareToSoftware                   0x000047c5   Thumb Code   392  tfluna.o(.text.copyHardwareToSoftware)
    [Anonymous Symbol]                       0x000047c4   Section        0  tfluna.o(.text.copyHardwareToSoftware)
    copyHardwareToSoftware2                  0x0000494d   Thumb Code   392  tfluna.o(.text.copyHardwareToSoftware2)
    [Anonymous Symbol]                       0x0000494c   Section        0  tfluna.o(.text.copyHardwareToSoftware2)
    copySoftwareToHardware                   0x00004ad5   Thumb Code    78  uart0int.o(.text.copySoftwareToHardware)
    [Anonymous Symbol]                       0x00004ad4   Section        0  uart0int.o(.text.copySoftwareToHardware)
    [Anonymous Symbol]                       0x00004b24   Section        0  os.o(.text.countMS)
    [Anonymous Symbol]                       0x00004b44   Section        0  lab6.o(.text.initiallize_control)
    [Anonymous Symbol]                       0x00004b90   Section        0  lab6.o(.text.main)
    pushColor                                0x00004b9d   Thumb Code    28  st7735.o(.text.pushColor)
    [Anonymous Symbol]                       0x00004b9c   Section        0  st7735.o(.text.pushColor)
    [Anonymous Symbol]                       0x00004bb8   Section        0  lab6.o(.text.sensorloop)
    [Anonymous Symbol]                       0x00004c28   Section        0  lab6.o(.text.sensormain)
    setAddrWindow                            0x00004cd1   Thumb Code   148  st7735.o(.text.setAddrWindow)
    [Anonymous Symbol]                       0x00004cd0   Section        0  st7735.o(.text.setAddrWindow)
    [Anonymous Symbol]                       0x00004d64   Section        0  os.o(.text.setAsBlocked)
    [Anonymous Symbol]                       0x00004e8c   Section        0  lab6.o(.text.setXmt)
    writecommand                             0x00004ec1   Thumb Code   126  st7735.o(.text.writecommand)
    [Anonymous Symbol]                       0x00004ec0   Section        0  st7735.o(.text.writecommand)
    writedata                                0x00004f41   Thumb Code   128  st7735.o(.text.writedata)
    [Anonymous Symbol]                       0x00004f40   Section        0  st7735.o(.text.writedata)
    i.__scatterload_copy                     0x00004fc0   Section       14  handlers.o(i.__scatterload_copy)
    i.__scatterload_null                     0x00004fce   Section        2  handlers.o(i.__scatterload_null)
    i.__scatterload_zeroinit                 0x00004fd0   Section       14  handlers.o(i.__scatterload_zeroinit)
    Font                                     0x00005010   Data        1275  st7735.o(.rodata.Font)
    [Anonymous Symbol]                       0x00005010   Section        0  st7735.o(.rodata.Font)
    Rcmd1                                    0x00005528   Data          59  st7735.o(.rodata.Rcmd1)
    [Anonymous Symbol]                       0x00005528   Section        0  st7735.o(.rodata.Rcmd1)
    Rcmd2green                               0x00005563   Data          13  st7735.o(.rodata.Rcmd2green)
    [Anonymous Symbol]                       0x00005563   Section        0  st7735.o(.rodata.Rcmd2green)
    Rcmd2red                                 0x00005570   Data          13  st7735.o(.rodata.Rcmd2red)
    [Anonymous Symbol]                       0x00005570   Section        0  st7735.o(.rodata.Rcmd2red)
    Rcmd3                                    0x0000557d   Data          43  st7735.o(.rodata.Rcmd3)
    [Anonymous Symbol]                       0x0000557d   Section        0  st7735.o(.rodata.Rcmd3)
    g_pui32Dii16Regs                         0x000055b8   Data          20  interrupt.o(.rodata.g_pui32Dii16Regs)
    [Anonymous Symbol]                       0x000055b8   Section        0  interrupt.o(.rodata.g_pui32Dii16Regs)
    g_pui32EnRegs                            0x000055cc   Data          20  interrupt.o(.rodata.g_pui32EnRegs)
    [Anonymous Symbol]                       0x000055cc   Section        0  interrupt.o(.rodata.g_pui32EnRegs)
    g_usCANBitValues                         0x000055e0   Data          18  can.o(.rodata.g_usCANBitValues)
    [Anonymous Symbol]                       0x000055e0   Section        0  can.o(.rodata.g_usCANBitValues)
    .L.str                                   0x000055f2   Data          16  lab6.o(.rodata.str1.1)
    [Anonymous Symbol]                       0x000055f2   Section        0  lab6.o(.rodata.str1.1)
    .L.str.1                                 0x00005602   Data          16  lab6.o(.rodata.str1.1)
    .L.str.2                                 0x00005612   Data          15  lab6.o(.rodata.str1.1)
    .L.str.3                                 0x00005621   Data          15  lab6.o(.rodata.str1.1)
    .L.str.4                                 0x00005630   Data          15  lab6.o(.rodata.str1.1)
    .L.str.5                                 0x0000563f   Data          14  lab6.o(.rodata.str1.1)
    .L.str.6                                 0x0000564d   Data          14  lab6.o(.rodata.str1.1)
    .L.str.7                                 0x0000565b   Data          14  lab6.o(.rodata.str1.1)
    .L.str.8                                 0x00005669   Data          15  lab6.o(.rodata.str1.1)
    .L.str.9                                 0x00005678   Data          18  lab6.o(.rodata.str1.1)
    .L.str.10                                0x0000568a   Data          23  lab6.o(.rodata.str1.1)
    .L.str.11                                0x000056a1   Data          18  lab6.o(.rodata.str1.1)
    .L.str.35                                0x000056a2   Data           5  lab6.o(.rodata.str1.1)
    .L.str.12                                0x000056b3   Data          12  lab6.o(.rodata.str1.1)
    .L.str.13                                0x000056bf   Data          12  lab6.o(.rodata.str1.1)
    .L.str.14                                0x000056cb   Data           5  lab6.o(.rodata.str1.1)
    .L.str.15                                0x000056d0   Data          16  lab6.o(.rodata.str1.1)
    .L.str.16                                0x000056e0   Data          17  lab6.o(.rodata.str1.1)
    .L.str.17                                0x000056f1   Data           8  lab6.o(.rodata.str1.1)
    .L.str.18                                0x000056f9   Data          11  lab6.o(.rodata.str1.1)
    .L.str.19                                0x00005704   Data          15  lab6.o(.rodata.str1.1)
    .L.str.20                                0x00005713   Data          15  lab6.o(.rodata.str1.1)
    .L.str.21                                0x00005722   Data          17  lab6.o(.rodata.str1.1)
    .L.str.34                                0x0000572e   Data           6  lab6.o(.rodata.str1.1)
    .L__const.HTTP_ServePage.header          0x00005733   Data          78  lab6.o(.rodata.str1.1)
    .L.str.22                                0x00005781   Data           7  lab6.o(.rodata.str1.1)
    .L.str.23                                0x00005788   Data          21  lab6.o(.rodata.str1.1)
    .L.str.24                                0x0000579d   Data          11  lab6.o(.rodata.str1.1)
    .L.str.25                                0x000057a8   Data           4  lab6.o(.rodata.str1.1)
    .L.str.26                                0x000057ac   Data          10  lab6.o(.rodata.str1.1)
    .L.str.33                                0x000057ad   Data          14  lab6.o(.rodata.str1.1)
    .L.str.27                                0x000057b6   Data          21  lab6.o(.rodata.str1.1)
    .L.str.28                                0x000057cb   Data          14  lab6.o(.rodata.str1.1)
    .L.str                                   0x000057d8   Data          22  st7735.o(.rodata.str1.1)
    [Anonymous Symbol]                       0x000057d8   Section        0  st7735.o(.rodata.str1.1)
    .L.str.29                                0x000057d9   Data          21  lab6.o(.rodata.str1.1)
    .L.str.1                                 0x000057ee   Data           2  st7735.o(.rodata.str1.1)
    .L.str.30                                0x000057ee   Data          12  lab6.o(.rodata.str1.1)
    .L.str.31                                0x000057fa   Data          19  lab6.o(.rodata.str1.1)
    .L.str.32                                0x0000580d   Data          18  lab6.o(.rodata.str1.1)
    .L.str.36                                0x00005838   Data           7  lab6.o(.rodata.str1.1)
    .L.str.37                                0x0000583f   Data           6  lab6.o(.rodata.str1.1)
    .L.str.38                                0x00005845   Data           8  lab6.o(.rodata.str1.1)
    ReceiveDataState                         0x20000004   Data           4  esp8266.o(.data.ReceiveDataState)
    [Anonymous Symbol]                       0x20000004   Section        0  esp8266.o(.data.ReceiveDataState)
    _height                                  0x20000010   Data           2  st7735.o(.data._height)
    [Anonymous Symbol]                       0x20000010   Section        0  st7735.o(.data._height)
    _width                                   0x20000012   Data           2  st7735.o(.data._width)
    [Anonymous Symbol]                       0x20000012   Section        0  st7735.o(.data._width)
    ColStart                                 0x20000024   Data           1  st7735.o(.bss.ColStart)
    [Anonymous Symbol]                       0x20000024   Section        0  st7735.o(.bss.ColStart)
    ESP8266Rx0Fifo                           0x2000002c   Data        1024  esp8266.o(.bss.ESP8266Rx0Fifo)
    [Anonymous Symbol]                       0x2000002c   Section        0  esp8266.o(.bss.ESP8266Rx0Fifo)
    ESP8266RxFifo                            0x20000434   Data        1024  esp8266.o(.bss.ESP8266RxFifo)
    [Anonymous Symbol]                       0x20000434   Section        0  esp8266.o(.bss.ESP8266RxFifo)
    ESP8266TxFifo                            0x2000083c   Data        1024  esp8266.o(.bss.ESP8266TxFifo)
    [Anonymous Symbol]                       0x2000083c   Section        0  esp8266.o(.bss.ESP8266TxFifo)
    MailFlag                                 0x20000c98   Data           4  can0.o(.bss.MailFlag)
    [Anonymous Symbol]                       0x20000c98   Section        0  can0.o(.bss.MailFlag)
    RCVData                                  0x20000ce5   Data           4  can0.o(.bss.RCVData)
    [Anonymous Symbol]                       0x20000ce5   Section        0  can0.o(.bss.RCVData)
    ReceiveDataLen                           0x20000cec   Data           4  esp8266.o(.bss.ReceiveDataLen)
    [Anonymous Symbol]                       0x20000cec   Section        0  esp8266.o(.bss.ReceiveDataLen)
    ReceiveDataSearchIndex                   0x20000cf0   Data           4  esp8266.o(.bss.ReceiveDataSearchIndex)
    [Anonymous Symbol]                       0x20000cf0   Section        0  esp8266.o(.bss.ReceiveDataSearchIndex)
    ReceiveDataStream                        0x20000cf4   Data           4  esp8266.o(.bss.ReceiveDataStream)
    [Anonymous Symbol]                       0x20000cf4   Section        0  esp8266.o(.bss.ReceiveDataStream)
    RowStart                                 0x20000cf8   Data           1  st7735.o(.bss.RowStart)
    [Anonymous Symbol]                       0x20000cf8   Section        0  st7735.o(.bss.RowStart)
    RxFifo                                   0x20000f00   Data          16  fifosimple.o(.bss.RxFifo)
    [Anonymous Symbol]                       0x20000f00   Section        0  fifosimple.o(.bss.RxFifo)
    TabColor                                 0x20000f9c   Data           1  st7735.o(.bss.TabColor)
    [Anonymous Symbol]                       0x20000f9c   Section        0  st7735.o(.bss.TabColor)
    TxFifo                                   0x20000fd1   Data          16  fifosimple.o(.bss.TxFifo)
    [Anonymous Symbol]                       0x20000fd1   Section        0  fifosimple.o(.bss.TxFifo)
    StackMem                                 0x200042b8   Data           0  startup.o(STACK)
    STACK                                    0x200042b8   Section     1024  startup.o(STACK)

    Global Symbols

    Symbol Name                              Value     Ov Type        Size  Object(Section)

    BuildAttributes$$THM_ISAv4$E$P$D$K$B$S$7EM$PE$A:L22UL41UL21$X:L11$S22US41US21$IEEE1$IW$~IW$USESV6$~STKCKD$USESV7$~SHL$OSPACE$ROPI$EBA8$MICROLIB$REQ8$PRES8$EABIv2 0x00000000   Number         0  anon$$obj.o ABSOLUTE
    __Vectors                                0x00000000   Data           0  startup.o(RESET)
    __cpp_initialize__aeabi_                  - Undefined Weak Reference
    __cxa_finalize                            - Undefined Weak Reference
    __decompress                              - Undefined Weak Reference
    _clock_init                               - Undefined Weak Reference
    _microlib_exit                            - Undefined Weak Reference
    Reset_Handler                            0x0000026d   Thumb Code     0  startup.o(RESET)
    NMI_Handler                              0x00000271   Thumb Code     2  startup.o(RESET)
    HardFault_Handler                        0x00000273   Thumb Code     2  startup.o(RESET)
    MemManage_Handler                        0x00000275   Thumb Code     2  startup.o(RESET)
    BusFault_Handler                         0x00000277   Thumb Code     2  startup.o(RESET)
    UsageFault_Handler                       0x00000279   Thumb Code     2  startup.o(RESET)
    DebugMon_Handler                         0x0000027d   Thumb Code     2  startup.o(RESET)
    ADC0Seq1_Handler                         0x00000283   Thumb Code     0  startup.o(RESET)
    ADC0Seq2_Handler                         0x00000283   Thumb Code     0  startup.o(RESET)
    ADC1Seq0_Handler                         0x00000283   Thumb Code     0  startup.o(RESET)
    ADC1Seq1_Handler                         0x00000283   Thumb Code     0  startup.o(RESET)
    ADC1Seq2_Handler                         0x00000283   Thumb Code     0  startup.o(RESET)
    ADC1Seq3_Handler                         0x00000283   Thumb Code     0  startup.o(RESET)
    CAN1_Handler                             0x00000283   Thumb Code     0  startup.o(RESET)
    CAN2_Handler                             0x00000283   Thumb Code     0  startup.o(RESET)
    Comp0_Handler                            0x00000283   Thumb Code     0  startup.o(RESET)
    Comp1_Handler                            0x00000283   Thumb Code     0  startup.o(RESET)
    Comp2_Handler                            0x00000283   Thumb Code     0  startup.o(RESET)
    Ethernet_Handler                         0x00000283   Thumb Code     0  startup.o(RESET)
    ExtBus_Handler                           0x00000283   Thumb Code     0  startup.o(RESET)
    FPU_Handler                              0x00000283   Thumb Code     0  startup.o(RESET)
    Fan0_Handler                             0x00000283   Thumb Code     0  startup.o(RESET)
    FlashCtl_Handler                         0x00000283   Thumb Code     0  startup.o(RESET)
    GPIOPortA_Handler                        0x00000283   Thumb Code     0  startup.o(RESET)
    GPIOPortB_Handler                        0x00000283   Thumb Code     0  startup.o(RESET)
    GPIOPortC_Handler                        0x00000283   Thumb Code     0  startup.o(RESET)
    GPIOPortD_Handler                        0x00000283   Thumb Code     0  startup.o(RESET)
    GPIOPortE_Handler                        0x00000283   Thumb Code     0  startup.o(RESET)
    GPIOPortG_Handler                        0x00000283   Thumb Code     0  startup.o(RESET)
    GPIOPortH_Handler                        0x00000283   Thumb Code     0  startup.o(RESET)
    GPIOPortJ_Handler                        0x00000283   Thumb Code     0  startup.o(RESET)
    GPIOPortK_Handler                        0x00000283   Thumb Code     0  startup.o(RESET)
    GPIOPortL_Handler                        0x00000283   Thumb Code     0  startup.o(RESET)
    GPIOPortM_Handler                        0x00000283   Thumb Code     0  startup.o(RESET)
    GPIOPortN_Handler                        0x00000283   Thumb Code     0  startup.o(RESET)
    GPIOPortP1_Handler                       0x00000283   Thumb Code     0  startup.o(RESET)
    GPIOPortP2_Handler                       0x00000283   Thumb Code     0  startup.o(RESET)
    GPIOPortP3_Handler                       0x00000283   Thumb Code     0  startup.o(RESET)
    GPIOPortP4_Handler                       0x00000283   Thumb Code     0  startup.o(RESET)
    GPIOPortP5_Handler                       0x00000283   Thumb Code     0  startup.o(RESET)
    GPIOPortP6_Handler                       0x00000283   Thumb Code     0  startup.o(RESET)
    GPIOPortP7_Handler                       0x00000283   Thumb Code     0  startup.o(RESET)
    GPIOPortP_Handler                        0x00000283   Thumb Code     0  startup.o(RESET)
    GPIOPortQ1_Handler                       0x00000283   Thumb Code     0  startup.o(RESET)
    GPIOPortQ2_Handler                       0x00000283   Thumb Code     0  startup.o(RESET)
    GPIOPortQ3_Handler                       0x00000283   Thumb Code     0  startup.o(RESET)
    GPIOPortQ4_Handler                       0x00000283   Thumb Code     0  startup.o(RESET)
    GPIOPortQ5_Handler                       0x00000283   Thumb Code     0  startup.o(RESET)
    GPIOPortQ6_Handler                       0x00000283   Thumb Code     0  startup.o(RESET)
    GPIOPortQ7_Handler                       0x00000283   Thumb Code     0  startup.o(RESET)
    GPIOPortQ_Handler                        0x00000283   Thumb Code     0  startup.o(RESET)
    GPIOPortR_Handler                        0x00000283   Thumb Code     0  startup.o(RESET)
    GPIOPortS_Handler                        0x00000283   Thumb Code     0  startup.o(RESET)
    Hibernate_Handler                        0x00000283   Thumb Code     0  startup.o(RESET)
    I2C0_Handler                             0x00000283   Thumb Code     0  startup.o(RESET)
    I2C1_Handler                             0x00000283   Thumb Code     0  startup.o(RESET)
    I2C2_Handler                             0x00000283   Thumb Code     0  startup.o(RESET)
    I2C3_Handler                             0x00000283   Thumb Code     0  startup.o(RESET)
    I2C4_Handler                             0x00000283   Thumb Code     0  startup.o(RESET)
    I2C5_Handler                             0x00000283   Thumb Code     0  startup.o(RESET)
    I2S0_Handler                             0x00000283   Thumb Code     0  startup.o(RESET)
    LPC0_Handler                             0x00000283   Thumb Code     0  startup.o(RESET)
    PECI0_Handler                            0x00000283   Thumb Code     0  startup.o(RESET)
    PWM0Fault_Handler                        0x00000283   Thumb Code     0  startup.o(RESET)
    PWM0Generator0_Handler                   0x00000283   Thumb Code     0  startup.o(RESET)
    PWM0Generator1_Handler                   0x00000283   Thumb Code     0  startup.o(RESET)
    PWM0Generator2_Handler                   0x00000283   Thumb Code     0  startup.o(RESET)
    PWM0Generator3_Handler                   0x00000283   Thumb Code     0  startup.o(RESET)
    PWM1Fault_Handler                        0x00000283   Thumb Code     0  startup.o(RESET)
    PWM1Generator0_Handler                   0x00000283   Thumb Code     0  startup.o(RESET)
    PWM1Generator1_Handler                   0x00000283   Thumb Code     0  startup.o(RESET)
    PWM1Generator2_Handler                   0x00000283   Thumb Code     0  startup.o(RESET)
    PWM1Generator3_Handler                   0x00000283   Thumb Code     0  startup.o(RESET)
    Quadrature0_Handler                      0x00000283   Thumb Code     0  startup.o(RESET)
    Quadrature1_Handler                      0x00000283   Thumb Code     0  startup.o(RESET)
    Quadrature2_Handler                      0x00000283   Thumb Code     0  startup.o(RESET)
    SSI0_Handler                             0x00000283   Thumb Code     0  startup.o(RESET)
    SSI1_Handler                             0x00000283   Thumb Code     0  startup.o(RESET)
    SSI2_Handler                             0x00000283   Thumb Code     0  startup.o(RESET)
    SSI3_Handler                             0x00000283   Thumb Code     0  startup.o(RESET)
    SysCtl_Handler                           0x00000283   Thumb Code     0  startup.o(RESET)
    Timer0B_Handler                          0x00000283   Thumb Code     0  startup.o(RESET)
    Timer1B_Handler                          0x00000283   Thumb Code     0  startup.o(RESET)
    Timer2B_Handler                          0x00000283   Thumb Code     0  startup.o(RESET)
    Timer3B_Handler                          0x00000283   Thumb Code     0  startup.o(RESET)
    Timer4B_Handler                          0x00000283   Thumb Code     0  startup.o(RESET)
    Timer5B_Handler                          0x00000283   Thumb Code     0  startup.o(RESET)
    UART4_Handler                            0x00000283   Thumb Code     0  startup.o(RESET)
    UART5_Handler                            0x00000283   Thumb Code     0  startup.o(RESET)
    UART6_Handler                            0x00000283   Thumb Code     0  startup.o(RESET)
    UART7_Handler                            0x00000283   Thumb Code     0  startup.o(RESET)
    USB0_Handler                             0x00000283   Thumb Code     0  startup.o(RESET)
    WDT_Handler                              0x00000283   Thumb Code     0  startup.o(RESET)
    WideTimer0B_Handler                      0x00000283   Thumb Code     0  startup.o(RESET)
    WideTimer1B_Handler                      0x00000283   Thumb Code     0  startup.o(RESET)
    WideTimer2A_Handler                      0x00000283   Thumb Code     0  startup.o(RESET)
    WideTimer2B_Handler                      0x00000283   Thumb Code     0  startup.o(RESET)
    WideTimer3A_Handler                      0x00000283   Thumb Code     0  startup.o(RESET)
    WideTimer3B_Handler                      0x00000283   Thumb Code     0  startup.o(RESET)
    WideTimer4A_Handler                      0x00000283   Thumb Code     0  startup.o(RESET)
    WideTimer4B_Handler                      0x00000283   Thumb Code     0  startup.o(RESET)
    WideTimer5A_Handler                      0x00000283   Thumb Code     0  startup.o(RESET)
    WideTimer5B_Handler                      0x00000283   Thumb Code     0  startup.o(RESET)
    uDMA_Error                               0x00000283   Thumb Code     0  startup.o(RESET)
    uDMA_Handler                             0x00000283   Thumb Code     0  startup.o(RESET)
    __main                                   0x00000285   Thumb Code     0  entry.o(.ARM.Collect$$$$00000000)
    _main_stk                                0x00000285   Thumb Code     0  entry2.o(.ARM.Collect$$$$00000001)
    _main_scatterload                        0x00000289   Thumb Code     0  entry5.o(.ARM.Collect$$$$00000004)
    __main_after_scatterload                 0x0000028d   Thumb Code     0  entry5.o(.ARM.Collect$$$$00000004)
    _main_clock                              0x0000028d   Thumb Code     0  entry7b.o(.ARM.Collect$$$$00000008)
    _main_cpp_init                           0x0000028d   Thumb Code     0  entry8b.o(.ARM.Collect$$$$0000000A)
    _main_init                               0x0000028d   Thumb Code     0  entry9a.o(.ARM.Collect$$$$0000000B)
    __rt_final_cpp                           0x00000295   Thumb Code     0  entry10a.o(.ARM.Collect$$$$0000000D)
    __rt_final_exit                          0x00000295   Thumb Code     0  entry11a.o(.ARM.Collect$$$$0000000F)
    DisableInterrupts                        0x00000299   Thumb Code     0  startup.o(.text)
    EnableInterrupts                         0x0000029d   Thumb Code     0  startup.o(.text)
    StartCritical                            0x000002a1   Thumb Code     0  startup.o(.text)
    EndCritical                              0x000002a9   Thumb Code     0  startup.o(.text)
    WaitForInterrupt                         0x000002af   Thumb Code     0  startup.o(.text)
    StartOS                                  0x000002b5   Thumb Code     0  osasm.o(.text)
    ContextSwitch                            0x000002d7   Thumb Code     0  osasm.o(.text)
    PendSV_Handler                           0x000002e1   Thumb Code     0  osasm.o(.text)
    SVC_Handler                              0x00000301   Thumb Code     0  osasm.o(.text)
    __scatterload                            0x00000359   Thumb Code    38  init.o(.text)
    __scatterload_rt2                        0x00000359   Thumb Code     0  init.o(.text)
    ADC0Seq0_Handler                         0x00000389   Thumb Code    50  adct0atrigger.o(.text.ADC0Seq0_Handler)
    ADC0Seq3_Handler                         0x000003bd   Thumb Code    34  adct0atrigger.o(.text.ADC0Seq3_Handler)
    ADC_In3210                               0x000003e1   Thumb Code   102  adcswtrigger.o(.text.ADC_In3210)
    ADC_Init3210                             0x00000449   Thumb Code   300  adcswtrigger.o(.text.ADC_Init3210)
    CAN0_Handler                             0x00000575   Thumb Code   186  can0.o(.text.CAN0_Handler)
    CAN0_Open                                0x00000631   Thumb Code   254  can0.o(.text.CAN0_Open)
    CAN0_SendData                            0x00000731   Thumb Code    36  can0.o(.text.CAN0_SendData)
    CANBitRateSet                            0x00000795   Thumb Code   234  can.o(.text.CANBitRateSet)
    CANEnable                                0x0000092d   Thumb Code    30  can.o(.text.CANEnable)
    CANInit                                  0x0000094d   Thumb Code   196  can.o(.text.CANInit)
    CANIntClear                              0x00000a11   Thumb Code    98  can.o(.text.CANIntClear)
    CANIntEnable                             0x00000a75   Thumb Code    32  can.o(.text.CANIntEnable)
    CANIntStatus                             0x00000ad5   Thumb Code    90  can.o(.text.CANIntStatus)
    CANMessageGet                            0x00000b31   Thumb Code   650  can.o(.text.CANMessageGet)
    CANMessageSet                            0x00000dbd   Thumb Code   736  can.o(.text.CANMessageSet)
    CANStatusGet                             0x00001135   Thumb Code   170  can.o(.text.CANStatusGet)
    CS_Init                                  0x000011e1   Thumb Code   148  edisk.o(.text.CS_Init)
    Clock_Delay                              0x00001275   Thumb Code    24  cortexm.o(.text.Clock_Delay)
    Clock_Delay1ms                           0x0000128d   Thumb Code    34  cortexm.o(.text.Clock_Delay1ms)
    Delay1ms                                 0x000012b1   Thumb Code    46  st7735.o(.text.Delay1ms)
    ESP8266Rx0Fifo_Put                       0x0000134d   Thumb Code    86  esp8266.o(.text.ESP8266Rx0Fifo_Put)
    ESP8266RxFifo_Put                        0x000013a5   Thumb Code    86  esp8266.o(.text.ESP8266RxFifo_Put)
    ESP8266RxFifo_Size                       0x000013fd   Thumb Code    26  esp8266.o(.text.ESP8266RxFifo_Size)
    ESP8266TxFifo_Get                        0x00001499   Thumb Code    82  esp8266.o(.text.ESP8266TxFifo_Get)
    ESP8266TxFifo_Size                       0x000014ed   Thumb Code    26  esp8266.o(.text.ESP8266TxFifo_Size)
    GPIOPortF_Handler                        0x00001509   Thumb Code   182  os.o(.text.GPIOPortF_Handler)
    Heap_Free                                0x000015c1   Thumb Code   778  heap.o(.text.Heap_Free)
    Heap_Init                                0x000018cd   Thumb Code    42  heap.o(.text.Heap_Init)
    IRDistance_Convert                       0x000018f9   Thumb Code    94  irdistance.o(.text.IRDistance_Convert)
    Idle                                     0x00001959   Thumb Code    52  lab6.o(.text.Idle)
    IntDisable                               0x0000198d   Thumb Code   160  interrupt.o(.text.IntDisable)
    IntEnable                                0x00001a2d   Thumb Code   160  interrupt.o(.text.IntEnable)
    LPF_Calc                                 0x00001acd   Thumb Code   130  lpf.o(.text.LPF_Calc)
    LPF_Calc2                                0x00001b51   Thumb Code   130  lpf.o(.text.LPF_Calc2)
    LPF_Calc3                                0x00001bd5   Thumb Code   130  lpf.o(.text.LPF_Calc3)
    LPF_Init                                 0x00001c59   Thumb Code   116  lpf.o(.text.LPF_Init)
    LPF_Init2                                0x00001ccd   Thumb Code   116  lpf.o(.text.LPF_Init2)
    LPF_Init3                                0x00001d41   Thumb Code   116  lpf.o(.text.LPF_Init3)
    LPF_Init4                                0x00001db5   Thumb Code   116  lpf.o(.text.LPF_Init4)
    OS_AddPeriodicThread                     0x00001e29   Thumb Code    78  os.o(.text.OS_AddPeriodicThread)
    OS_AddSW1Task                            0x00001e79   Thumb Code    96  os.o(.text.OS_AddSW1Task)
    OS_AddThread                             0x00001ed9   Thumb Code   736  os.o(.text.OS_AddThread)
    OS_Id                                    0x000021b9   Thumb Code    14  os.o(.text.OS_Id)
    OS_Init                                  0x000021c9   Thumb Code   128  os.o(.text.OS_Init)
    OS_InitSemaphore                         0x00002249   Thumb Code    22  os.o(.text.OS_InitSemaphore)
    OS_Kill                                  0x00002261   Thumb Code   242  os.o(.text.OS_Kill)
    OS_Launch                                0x00002355   Thumb Code    46  os.o(.text.OS_Launch)
    OS_Signal                                0x00002385   Thumb Code    92  os.o(.text.OS_Signal)
    OS_Sleep                                 0x000023e1   Thumb Code   268  os.o(.text.OS_Sleep)
    OS_Suspend                               0x000024ed   Thumb Code   188  os.o(.text.OS_Suspend)
    OS_Time                                  0x000025a9   Thumb Code    12  os.o(.text.OS_Time)
    OS_Wait                                  0x000025b5   Thumb Code    50  os.o(.text.OS_Wait)
    OS_bSignal                               0x000025e9   Thumb Code    16  os.o(.text.OS_bSignal)
    OS_bWait                                 0x000025f9   Thumb Code    16  os.o(.text.OS_bWait)
    PF4Init                                  0x00002609   Thumb Code   136  edgeinterruptportf.o(.text.PF4Init)
    PFGeneralInit                            0x00002691   Thumb Code   132  edgeinterruptportf.o(.text.PFGeneralInit)
    PID                                      0x00002715   Thumb Code   292  lab6.o(.text.PID)
    PID_new                                  0x00002839   Thumb Code   938  lab6.o(.text.PID_new)
    PLL_Init                                 0x00002be5   Thumb Code   138  pll.o(.text.PLL_Init)
    PortD_Init                               0x00002c71   Thumb Code   120  lab6.o(.text.PortD_Init)
    ProcessDistance                          0x00002ce9   Thumb Code    34  interpreter.o(.text.ProcessDistance)
    ReceiveDataFilter                        0x00002d0d   Thumb Code   574  esp8266.o(.text.ReceiveDataFilter)
    RxFifo2_Put                              0x00002f4d   Thumb Code   100  tfluna.o(.text.RxFifo2_Put)
    RxFifo_Init                              0x00002fb1   Thumb Code    30  fifosimple.o(.text.RxFifo_Init)
    RxFifo_Init2                             0x00002fd1   Thumb Code    34  tfluna.o(.text.RxFifo_Init2)
    RxFifo_Put                               0x00002ff5   Thumb Code   106  fifosimple.o(.text.RxFifo_Put)
    RxFifo_Put2                              0x00003061   Thumb Code   100  tfluna.o(.text.RxFifo_Put2)
    RxFifo_Size                              0x000030c5   Thumb Code    88  fifosimple.o(.text.RxFifo_Size)
    ST7735_DrawCharS                         0x0000311d   Thumb Code   438  st7735.o(.text.ST7735_DrawCharS)
    ST7735_DrawPixel                         0x000032d5   Thumb Code   112  st7735.o(.text.ST7735_DrawPixel)
    ST7735_DrawString                        0x00003345   Thumb Code   154  st7735.o(.text.ST7735_DrawString)
    ST7735_FillRect                          0x000033e1   Thumb Code   318  st7735.o(.text.ST7735_FillRect)
    ST7735_FillScreen                        0x00003521   Thumb Code    52  st7735.o(.text.ST7735_FillScreen)
    ST7735_InitR                             0x00003555   Thumb Code   180  st7735.o(.text.ST7735_InitR)
    ST7735_MessageNoVal                      0x00003609   Thumb Code   240  st7735.o(.text.ST7735_MessageNoVal)
    ST7735_OutChar                           0x000036f9   Thumb Code   270  st7735.o(.text.ST7735_OutChar)
    ST7735_OutString                         0x00003809   Thumb Code    36  st7735.o(.text.ST7735_OutString)
    ST7735_SetCursor                         0x0000382d   Thumb Code    54  st7735.o(.text.ST7735_SetCursor)
    SysTick_Handler                          0x00003865   Thumb Code   260  os.o(.text.SysTick_Handler)
    SysTick_Init                             0x00003969   Thumb Code    46  os.o(.text.SysTick_Init)
    TFLuna2_InStatus                         0x00003999   Thumb Code    26  tfluna.o(.text.TFLuna2_InStatus)
    TFLuna_Format_Standard_mm                0x000039b5   Thumb Code    16  tfluna.o(.text.TFLuna_Format_Standard_mm)
    TFLuna_Frame_Rate                        0x000039c5   Thumb Code    16  tfluna.o(.text.TFLuna_Frame_Rate)
    TFLuna_InStatus                          0x000039d5   Thumb Code    26  tfluna.o(.text.TFLuna_InStatus)
    TFLuna_Init                              0x000039f1   Thumb Code   296  tfluna.o(.text.TFLuna_Init)
    TFLuna_OutChar                           0x00003b19   Thumb Code    46  tfluna.o(.text.TFLuna_OutChar)
    TFLuna_SaveSettings                      0x00003b49   Thumb Code    16  tfluna.o(.text.TFLuna_SaveSettings)
    TFLuna_SendMessage                       0x00003b59   Thumb Code    48  tfluna.o(.text.TFLuna_SendMessage)
    TFLuna_System_Reset                      0x00003b89   Thumb Code    16  tfluna.o(.text.TFLuna_System_Reset)
    Timer0A_Handler                          0x00003b99   Thumb Code    96  timer.o(.text.Timer0A_Handler)
    Timer0_Init                              0x00003bf9   Thumb Code   310  timer.o(.text.Timer0_Init)
    Timer1A_Handler                          0x00003d31   Thumb Code   102  timer.o(.text.Timer1A_Handler)
    Timer2A_Handler                          0x00003d99   Thumb Code    28  timer2a.o(.text.Timer2A_Handler)
    Timer3A_Handler                          0x00003db5   Thumb Code   102  timer.o(.text.Timer3A_Handler)
    Timer4A_Handler                          0x00003e1d   Thumb Code    28  timer4a.o(.text.Timer4A_Handler)
    Timer5A_Handler                          0x00003e39   Thumb Code    28  timer5a.o(.text.Timer5A_Handler)
    Timer5A_Init                             0x00003e55   Thumb Code   160  timer5a.o(.text.Timer5A_Init)
    TxFifo_Get                               0x00003ef5   Thumb Code    82  fifosimple.o(.text.TxFifo_Get)
    TxFifo_Init                              0x00003f49   Thumb Code    24  fifosimple.o(.text.TxFifo_Init)
    TxFifo_Put                               0x00003f61   Thumb Code    86  fifosimple.o(.text.TxFifo_Put)
    TxFifo_Size                              0x00003fb9   Thumb Code    24  fifosimple.o(.text.TxFifo_Size)
    UART0_Handler                            0x00003fd1   Thumb Code   138  uart0int.o(.text.UART0_Handler)
    UART1_Handler                            0x0000405d   Thumb Code    76  tfluna.o(.text.UART1_Handler)
    UART2_Handler                            0x000040a9   Thumb Code   138  esp8266.o(.text.UART2_Handler)
    UART3_Handler                            0x00004135   Thumb Code    76  tfluna.o(.text.UART3_Handler)
    UART_Init                                0x00004181   Thumb Code   234  uart0int.o(.text.UART_Init)
    UART_OutCharNonBlock                     0x0000426d   Thumb Code    60  uart0int.o(.text.UART_OutCharNonBlock)
    WideTimer0A_Handler                      0x000042a9   Thumb Code    28  wtimer0a.o(.text.WideTimer0A_Handler)
    WideTimer0A_Init                         0x000042c5   Thumb Code   170  wtimer0a.o(.text.WideTimer0A_Init)
    WideTimer1A_Handler                      0x00004371   Thumb Code    28  wtimer1a.o(.text.WideTimer1A_Handler)
    WideTimer1A_Init                         0x0000438d   Thumb Code   166  wtimer1a.o(.text.WideTimer1A_Init)
    addThreadBack                            0x00004435   Thumb Code   146  os.o(.text.addThreadBack)
    button                                   0x000044c9   Thumb Code    78  lab6.o(.text.button)
    countMS                                  0x00004b25   Thumb Code    30  os.o(.text.countMS)
    initiallize_control                      0x00004b45   Thumb Code    76  lab6.o(.text.initiallize_control)
    main                                     0x00004b91   Thumb Code    10  lab6.o(.text.main)
    sensorloop                               0x00004bb9   Thumb Code   110  lab6.o(.text.sensorloop)
    sensormain                               0x00004c29   Thumb Code   168  lab6.o(.text.sensormain)
    setAsBlocked                             0x00004d65   Thumb Code   296  os.o(.text.setAsBlocked)
    setXmt                                   0x00004e8d   Thumb Code    50  lab6.o(.text.setXmt)
    __scatterload_copy                       0x00004fc1   Thumb Code    14  handlers.o(i.__scatterload_copy)
    __scatterload_null                       0x00004fcf   Thumb Code     2  handlers.o(i.__scatterload_null)
    __scatterload_zeroinit                   0x00004fd1   Thumb Code    14  handlers.o(i.__scatterload_zeroinit)
    A                                        0x00004fe0   Data          16  irdistance.o(.rodata.A)
    B                                        0x00004ff0   Data          16  irdistance.o(.rodata.B)
    C                                        0x00005000   Data          16  irdistance.o(.rodata.C)
    Format_Standard_mm                       0x0000550b   Data           5  tfluna.o(.rodata.Format_Standard_mm)
    Frame_Rate                               0x00005510   Data           6  tfluna.o(.rodata.Frame_Rate)
    IRmax                                    0x00005518   Data          16  irdistance.o(.rodata.IRmax)
    ReceiveDataSearchString                  0x000055a8   Data           6  esp8266.o(.rodata.ReceiveDataSearchString)
    SaveSettings                             0x000055ae   Data           4  tfluna.o(.rodata.SaveSettings)
    System_Reset                             0x000055b2   Data           4  tfluna.o(.rodata.System_Reset)
    Region$$Table$$Base                      0x000057f0   Number         0  anon$$obj.o(Region$$Table)
    Region$$Table$$Limit                     0x00005810   Number         0  anon$$obj.o(Region$$Table)
    RCV_ID                                   0x20000000   Data           4  can0.o(.data.RCV_ID)
    StTextColor                              0x20000008   Data           2  st7735.o(.data.StTextColor)
    XMT_ID                                   0x2000000c   Data           4  can0.o(.data.XMT_ID)
    ADCTask                                  0x20000018   Data           4  adct0atrigger.o(.bss.ADCTask)
    BadCheckSum                              0x2000001c   Data           4  tfluna.o(.bss.BadCheckSum)
    BadCheckSum2                             0x20000020   Data           4  tfluna.o(.bss.BadCheckSum2)
    CurrPCB                                  0x20000028   Data           4  os.o(.bss.CurrPCB)
    ESP8266Rx0GetI                           0x2000042c   Data           4  esp8266.o(.bss.ESP8266Rx0GetI)
    ESP8266Rx0PutI                           0x20000430   Data           4  esp8266.o(.bss.ESP8266Rx0PutI)
    ESP8266RxGetI                            0x20000834   Data           4  esp8266.o(.bss.ESP8266RxGetI)
    ESP8266RxPutI                            0x20000838   Data           4  esp8266.o(.bss.ESP8266RxPutI)
    ESP8266TxGetI                            0x20000c3c   Data           4  esp8266.o(.bss.ESP8266TxGetI)
    ESP8266TxPutI                            0x20000c40   Data           4  esp8266.o(.bss.ESP8266TxPutI)
    ESP8266_ConnectionMux                    0x20000c44   Data           2  esp8266.o(.bss.ESP8266_ConnectionMux)
    ESP8266_DataAvailable                    0x20000c48   Data           4  esp8266.o(.bss.ESP8266_DataAvailable)
    ESP8266_DataLoss                         0x20000c4c   Data           4  esp8266.o(.bss.ESP8266_DataLoss)
    ESP8266_EchoCommand                      0x20000c50   Data           1  esp8266.o(.bss.ESP8266_EchoCommand)
    ESP8266_EchoResponse                     0x20000c51   Data           1  esp8266.o(.bss.ESP8266_EchoResponse)
    I1                                       0x20000c54   Data           4  lpf.o(.bss.I1)
    I2                                       0x20000c58   Data           4  lpf.o(.bss.I2)
    I3                                       0x20000c5c   Data           4  lpf.o(.bss.I3)
    I4                                       0x20000c60   Data           4  lpf.o(.bss.I4)
    IRdata                                   0x20000c64   Data          16  lab6.o(.bss.IRdata)
    IdleCount                                0x20000c74   Data           4  lab6.o(.bss.IdleCount)
    LCDFree                                  0x20000c78   Data          12  st7735.o(.bss.LCDFree)
    LPFSum1                                  0x20000c84   Data           4  lpf.o(.bss.LPFSum1)
    LPFSum2                                  0x20000c88   Data           4  lpf.o(.bss.LPFSum2)
    LPFSum3                                  0x20000c8c   Data           4  lpf.o(.bss.LPFSum3)
    LPFSum4                                  0x20000c90   Data           4  lpf.o(.bss.LPFSum4)
    LookPt                                   0x20000c94   Data           4  os.o(.bss.LookPt)
    Next                                     0x20000c9c   Data           4  os.o(.bss.Next)
    NextPt                                   0x20000ca0   Data           4  os.o(.bss.NextPt)
    NumCreated                               0x20000ca4   Data           4  lab6.o(.bss.NumCreated)
    PD3data                                  0x20000ca8   Data           4  adct0atrigger.o(.bss.PD3data)
    PeriodicTask2                            0x20000cac   Data           4  timer2a.o(.bss.PeriodicTask2)
    PeriodicTask4                            0x20000cb0   Data           4  timer4a.o(.bss.PeriodicTask4)
    PeriodicTask5A                           0x20000cb4   Data           4  timer5a.o(.bss.PeriodicTask5A)
    Prev                                     0x20000cb8   Data           4  os.o(.bss.Prev)
    PriPointers                              0x20000cbc   Data          40  os.o(.bss.PriPointers)
    ProcessCount                             0x20000ce4   Data           1  os.o(.bss.ProcessCount)
    RunPt                                    0x20000cfc   Data           4  os.o(.bss.RunPt)
    RxFIFO                                   0x20000d00   Data         256  tfluna.o(.bss.RxFIFO)
    RxFIFO2                                  0x20000e00   Data         256  tfluna.o(.bss.RxFIFO2)
    RxFifoLost                               0x20000f10   Data           4  tfluna.o(.bss.RxFifoLost)
    RxFifoLost2                              0x20000f14   Data           4  tfluna.o(.bss.RxFifoLost2)
    RxGetI                                   0x20000f18   Data           4  tfluna.o(.bss.RxGetI)
    RxGetI2                                  0x20000f1c   Data           4  tfluna.o(.bss.RxGetI2)
    RxGetPt                                  0x20000f20   Data           4  fifosimple.o(.bss.RxGetPt)
    RxPutI                                   0x20000f24   Data           4  tfluna.o(.bss.RxPutI)
    RxPutI2                                  0x20000f28   Data           4  tfluna.o(.bss.RxPutI2)
    RxPutPt                                  0x20000f2c   Data           4  fifosimple.o(.bss.RxPutPt)
    SW1Init                                  0x20000f30   Data           1  os.o(.bss.SW1Init)
    SW1Pri                                   0x20000f34   Data           4  os.o(.bss.SW1Pri)
    SW1Task                                  0x20000f38   Data           4  os.o(.bss.SW1Task)
    SW2Pri                                   0x20000f3c   Data           4  os.o(.bss.SW2Pri)
    SW2Task                                  0x20000f40   Data           4  os.o(.bss.SW2Task)
    Size1                                    0x20000f44   Data           4  lpf.o(.bss.Size1)
    Size2                                    0x20000f48   Data           4  lpf.o(.bss.Size2)
    Size3                                    0x20000f4c   Data           4  lpf.o(.bss.Size3)
    Size4                                    0x20000f50   Data           4  lpf.o(.bss.Size4)
    SleepPt                                  0x20000f54   Data           4  os.o(.bss.SleepPt)
    StX                                      0x20000f58   Data           4  st7735.o(.bss.StX)
    StY                                      0x20000f5c   Data           4  st7735.o(.bss.StY)
    TFDistance                               0x20000f60   Data           4  interpreter.o(.bss.TFDistance)
    TFLunaDataMessage                        0x20000f64   Data          12  tfluna.o(.bss.TFLunaDataMessage)
    TFLunaDataMessage2                       0x20000f70   Data          12  tfluna.o(.bss.TFLunaDataMessage2)
    TFLunaDistance                           0x20000f7c   Data           4  tfluna.o(.bss.TFLunaDistance)
    TFLunaDistance2                          0x20000f80   Data           4  tfluna.o(.bss.TFLunaDistance2)
    TFLunaFunction                           0x20000f84   Data           4  tfluna.o(.bss.TFLunaFunction)
    TFLunaFunction2                          0x20000f88   Data           4  tfluna.o(.bss.TFLunaFunction2)
    TFLunaIndex                              0x20000f8c   Data           4  tfluna.o(.bss.TFLunaIndex)
    TFLunaIndex2                             0x20000f90   Data           4  tfluna.o(.bss.TFLunaIndex2)
    TFLunaLastByte                           0x20000f94   Data           1  tfluna.o(.bss.TFLunaLastByte)
    TFLunaLastByte2                          0x20000f95   Data           1  tfluna.o(.bss.TFLunaLastByte2)
    TFLunaOk                                 0x20000f98   Data           4  interpreter.o(.bss.TFLunaOk)
    ThreadCount                              0x20000f9d   Data           1  interpreter.o(.bss.ThreadCount)
    ThreadCounts                             0x20000f9e   Data          10  os.o(.bss.ThreadCounts)
    TimeSlice                                0x20000fa8   Data           4  os.o(.bss.TimeSlice)
    Timer0Done                               0x20000fac   Data           4  timer.o(.bss.Timer0Done)
    Timer0First                              0x20000fb0   Data           4  timer.o(.bss.Timer0First)
    Timer0Pulse                              0x20000fb4   Data           4  timer.o(.bss.Timer0Pulse)
    Timer1Done                               0x20000fb8   Data           4  timer.o(.bss.Timer1Done)
    Timer1First                              0x20000fbc   Data           4  timer.o(.bss.Timer1First)
    Timer1Pulse                              0x20000fc0   Data           4  timer.o(.bss.Timer1Pulse)
    Timer3Done                               0x20000fc4   Data           4  timer.o(.bss.Timer3Done)
    Timer3First                              0x20000fc8   Data           4  timer.o(.bss.Timer3First)
    Timer3Pulse                              0x20000fcc   Data           4  timer.o(.bss.Timer3Pulse)
    Timer5Used                               0x20000fd0   Data           1  os.o(.bss.Timer5Used)
    TxGetI                                   0x20000fe4   Data           4  fifosimple.o(.bss.TxGetI)
    TxPutI                                   0x20000fe8   Data           4  fifosimple.o(.bss.TxPutI)
    WidePeriodicTask0                        0x20000fec   Data           4  wtimer0a.o(.bss.WidePeriodicTask0)
    WidePeriodicTask1                        0x20000ff0   Data           4  wtimer1a.o(.bss.WidePeriodicTask1)
    XmtData                                  0x20000ff4   Data           4  lab6.o(.bss.XmtData)
    error                                    0x20000ff8   Data           4  lab6.o(.bss.error)
    heap                                     0x20000ffc   Data        2048  heap.o(.bss.heap)
    heapSema                                 0x200017fc   Data          12  heap.o(.bss.heapSema)
    ir_least                                 0x20001808   Data           2  lab6.o(.bss.ir_least)
    ir_left                                  0x2000180a   Data           2  lab6.o(.bss.ir_left)
    ir_mid                                   0x2000180c   Data           2  lab6.o(.bss.ir_mid)
    ir_right                                 0x2000180e   Data           2  lab6.o(.bss.ir_right)
    lab1Count                                0x20001810   Data           4  os.o(.bss.lab1Count)
    lab2Count                                0x20001814   Data           4  os.o(.bss.lab2Count)
    prev_error                               0x20001818   Data           4  lab6.o(.bss.prev_error)
    reverseservo                             0x2000181c   Data           2  lab6.o(.bss.reverseservo)
    sleepCount                               0x2000181e   Data           1  os.o(.bss.sleepCount)
    stacks                                   0x20001820   Data       10240  os.o(.bss.stacks)
    startflag                                0x20004020   Data           4  lab6.o(.bss.startflag)
    threads                                  0x20004024   Data         400  os.o(.bss.threads)
    x1                                       0x200041b4   Data          64  lpf.o(.bss.x1)
    x2                                       0x200041f4   Data          64  lpf.o(.bss.x2)
    x3                                       0x20004234   Data          64  lpf.o(.bss.x3)
    x4                                       0x20004274   Data          64  lpf.o(.bss.x4)
    __initial_sp                             0x200046b8   Data           0  startup.o(STACK)



==============================================================================

Memory Map of the image

  Image Entry point : 0x0000026d

  Load Region LR_1 (Base: 0x00000000, Size: 0x00005824, Max: 0xffffffff, ABSOLUTE)

    Execution Region ER_RO (Exec base: 0x00000000, Load base: 0x00000000, Size: 0x00005810, Max: 0xffffffff, ABSOLUTE)

    Exec Addr    Load Addr    Size         Type   Attr      Idx    E Section Name        Object

    0x00000000   0x00000000   0x00000284   Code   RO            3  * RESET               startup.o
    0x00000284   0x00000284   0x00000000   Code   RO         1593  * .ARM.Collect$$$$00000000  mc_w.l(entry.o)
    0x00000284   0x00000284   0x00000004   Code   RO         1642    .ARM.Collect$$$$00000001  mc_w.l(entry2.o)
    0x00000288   0x00000288   0x00000004   Code   RO         1645    .ARM.Collect$$$$00000004  mc_w.l(entry5.o)
    0x0000028c   0x0000028c   0x00000000   Code   RO         1647    .ARM.Collect$$$$00000008  mc_w.l(entry7b.o)
    0x0000028c   0x0000028c   0x00000000   Code   RO         1649    .ARM.Collect$$$$0000000A  mc_w.l(entry8b.o)
    0x0000028c   0x0000028c   0x00000008   Code   RO         1650    .ARM.Collect$$$$0000000B  mc_w.l(entry9a.o)
    0x00000294   0x00000294   0x00000000   Code   RO         1652    .ARM.Collect$$$$0000000D  mc_w.l(entry10a.o)
    0x00000294   0x00000294   0x00000000   Code   RO         1654    .ARM.Collect$$$$0000000F  mc_w.l(entry11a.o)
    0x00000294   0x00000294   0x00000004   Code   RO         1643    .ARM.Collect$$$$00002712  mc_w.l(entry2.o)
    0x00000298   0x00000298   0x0000001c   Code   RO            4    .text               startup.o
    0x000002b4   0x000002b4   0x000000a4   Code   RO          687    .text               osasm.o
    0x00000358   0x00000358   0x00000030   Code   RO         1690    .text               mc_w.l(init.o)
    0x00000388   0x00000388   0x00000032   Code   RO          695    .text.ADC0Seq0_Handler  adct0atrigger.o
    0x000003ba   0x000003ba   0x00000002   PAD
    0x000003bc   0x000003bc   0x00000022   Code   RO          699    .text.ADC0Seq3_Handler  adct0atrigger.o
    0x000003de   0x000003de   0x00000002   PAD
    0x000003e0   0x000003e0   0x00000066   Code   RO          732    .text.ADC_In3210    adcswtrigger.o
    0x00000446   0x00000446   0x00000002   PAD
    0x00000448   0x00000448   0x0000012c   Code   RO          730    .text.ADC_Init3210  adcswtrigger.o
    0x00000574   0x00000574   0x000000ba   Code   RO         1038    .text.CAN0_Handler  can0.o
    0x0000062e   0x0000062e   0x00000002   PAD
    0x00000630   0x00000630   0x000000fe   Code   RO         1040    .text.CAN0_Open     can0.o
    0x0000072e   0x0000072e   0x00000002   PAD
    0x00000730   0x00000730   0x00000024   Code   RO         1044    .text.CAN0_SendData  can0.o
    0x00000754   0x00000754   0x00000040   Code   RO         1042    .text.CAN0_Setup_Message_Object  can0.o
    0x00000794   0x00000794   0x000000ea   Code   RO          996    .text.CANBitRateSet  can.o
    0x0000087e   0x0000087e   0x00000002   PAD
    0x00000880   0x00000880   0x00000052   Code   RO         1026    .text.CANDataRegRead  can.o
    0x000008d2   0x000008d2   0x00000002   PAD
    0x000008d4   0x000008d4   0x00000056   Code   RO         1022    .text.CANDataRegWrite  can.o
    0x0000092a   0x0000092a   0x00000002   PAD
    0x0000092c   0x0000092c   0x0000001e   Code   RO          992    .text.CANEnable     can.o
    0x0000094a   0x0000094a   0x00000002   PAD
    0x0000094c   0x0000094c   0x000000c4   Code   RO          986    .text.CANInit       can.o
    0x00000a10   0x00000a10   0x00000062   Code   RO         1010    .text.CANIntClear   can.o
    0x00000a72   0x00000a72   0x00000002   PAD
    0x00000a74   0x00000a74   0x00000020   Code   RO         1004    .text.CANIntEnable  can.o
    0x00000a94   0x00000a94   0x0000003e   Code   RO         1000    .text.CANIntNumberGet  can.o
    0x00000ad2   0x00000ad2   0x00000002   PAD
    0x00000ad4   0x00000ad4   0x0000005a   Code   RO         1008    .text.CANIntStatus  can.o
    0x00000b2e   0x00000b2e   0x00000002   PAD
    0x00000b30   0x00000b30   0x0000028a   Code   RO         1024    .text.CANMessageGet  can.o
    0x00000dba   0x00000dba   0x00000002   PAD
    0x00000dbc   0x00000dbc   0x000002e0   Code   RO         1020    .text.CANMessageSet  can.o
    0x0000109c   0x0000109c   0x00000070   Code   RO          990    .text.CANRegRead    can.o
    0x0000110c   0x0000110c   0x00000028   Code   RO          988    .text.CANRegWrite   can.o
    0x00001134   0x00001134   0x000000aa   Code   RO         1016    .text.CANStatusGet  can.o
    0x000011de   0x000011de   0x00000002   PAD
    0x000011e0   0x000011e0   0x00000094   Code   RO          479    .text.CS_Init       edisk.o
    0x00001274   0x00001274   0x00000018   Code   RO         1583    .text.Clock_Delay   cortexm.o
    0x0000128c   0x0000128c   0x00000022   Code   RO         1585    .text.Clock_Delay1ms  cortexm.o
    0x000012ae   0x000012ae   0x00000002   PAD
    0x000012b0   0x000012b0   0x0000002e   Code   RO          277    .text.Delay1ms      st7735.o
    0x000012de   0x000012de   0x00000002   PAD
    0x000012e0   0x000012e0   0x0000006c   Code   RO         1101    .text.ESP8266BufferToTx  esp8266.o
    0x0000134c   0x0000134c   0x00000056   Code   RO         1073    .text.ESP8266Rx0Fifo_Put  esp8266.o
    0x000013a2   0x000013a2   0x00000002   PAD
    0x000013a4   0x000013a4   0x00000056   Code   RO         1065    .text.ESP8266RxFifo_Put  esp8266.o
    0x000013fa   0x000013fa   0x00000002   PAD
    0x000013fc   0x000013fc   0x0000001a   Code   RO         1069    .text.ESP8266RxFifo_Size  esp8266.o
    0x00001416   0x00001416   0x00000002   PAD
    0x00001418   0x00001418   0x0000007e   Code   RO         1103    .text.ESP8266RxToBuffer  esp8266.o
    0x00001496   0x00001496   0x00000002   PAD
    0x00001498   0x00001498   0x00000052   Code   RO         1083    .text.ESP8266TxFifo_Get  esp8266.o
    0x000014ea   0x000014ea   0x00000002   PAD
    0x000014ec   0x000014ec   0x0000001a   Code   RO         1085    .text.ESP8266TxFifo_Size  esp8266.o
    0x00001506   0x00001506   0x00000002   PAD
    0x00001508   0x00001508   0x000000b6   Code   RO          186    .text.GPIOPortF_Handler  os.o
    0x000015be   0x000015be   0x00000002   PAD
    0x000015c0   0x000015c0   0x0000030a   Code   RO          899    .text.Heap_Free     heap.o
    0x000018ca   0x000018ca   0x00000002   PAD
    0x000018cc   0x000018cc   0x0000002a   Code   RO          891    .text.Heap_Init     heap.o
    0x000018f6   0x000018f6   0x00000002   PAD
    0x000018f8   0x000018f8   0x0000005e   Code   RO          863    .text.IRDistance_Convert  irdistance.o
    0x00001956   0x00001956   0x00000002   PAD
    0x00001958   0x00001958   0x00000034   Code   RO           42    .text.Idle          lab6.o
    0x0000198c   0x0000198c   0x000000a0   Code   RO         1225    .text.IntDisable    interrupt.o
    0x00001a2c   0x00001a2c   0x000000a0   Code   RO         1223    .text.IntEnable     interrupt.o
    0x00001acc   0x00001acc   0x00000082   Code   RO          764    .text.LPF_Calc      lpf.o
    0x00001b4e   0x00001b4e   0x00000002   PAD
    0x00001b50   0x00001b50   0x00000082   Code   RO          770    .text.LPF_Calc2     lpf.o
    0x00001bd2   0x00001bd2   0x00000002   PAD
    0x00001bd4   0x00001bd4   0x00000082   Code   RO          776    .text.LPF_Calc3     lpf.o
    0x00001c56   0x00001c56   0x00000002   PAD
    0x00001c58   0x00001c58   0x00000074   Code   RO          762    .text.LPF_Init      lpf.o
    0x00001ccc   0x00001ccc   0x00000074   Code   RO          768    .text.LPF_Init2     lpf.o
    0x00001d40   0x00001d40   0x00000074   Code   RO          774    .text.LPF_Init3     lpf.o
    0x00001db4   0x00001db4   0x00000074   Code   RO          780    .text.LPF_Init4     lpf.o
    0x00001e28   0x00001e28   0x0000004e   Code   RO          184    .text.OS_AddPeriodicThread  os.o
    0x00001e76   0x00001e76   0x00000002   PAD
    0x00001e78   0x00001e78   0x00000060   Code   RO          188    .text.OS_AddSW1Task  os.o
    0x00001ed8   0x00001ed8   0x000002e0   Code   RO          178    .text.OS_AddThread  os.o
    0x000021b8   0x000021b8   0x0000000e   Code   RO          182    .text.OS_Id         os.o
    0x000021c6   0x000021c6   0x00000002   PAD
    0x000021c8   0x000021c8   0x00000080   Code   RO          166    .text.OS_Init       os.o
    0x00002248   0x00002248   0x00000016   Code   RO          168    .text.OS_InitSemaphore  os.o
    0x0000225e   0x0000225e   0x00000002   PAD
    0x00002260   0x00002260   0x000000f2   Code   RO          194    .text.OS_Kill       os.o
    0x00002352   0x00002352   0x00000002   PAD
    0x00002354   0x00002354   0x0000002e   Code   RO          218    .text.OS_Launch     os.o
    0x00002382   0x00002382   0x00000002   PAD
    0x00002384   0x00002384   0x0000005c   Code   RO          172    .text.OS_Signal     os.o
    0x000023e0   0x000023e0   0x0000010c   Code   RO          192    .text.OS_Sleep      os.o
    0x000024ec   0x000024ec   0x000000bc   Code   RO          154    .text.OS_Suspend    os.o
    0x000025a8   0x000025a8   0x0000000c   Code   RO          210    .text.OS_Time       os.o
    0x000025b4   0x000025b4   0x00000032   Code   RO          170    .text.OS_Wait       os.o
    0x000025e6   0x000025e6   0x00000002   PAD
    0x000025e8   0x000025e8   0x00000010   Code   RO          176    .text.OS_bSignal    os.o
    0x000025f8   0x000025f8   0x00000010   Code   RO          174    .text.OS_bWait      os.o
    0x00002608   0x00002608   0x00000088   Code   RO         1332    .text.PF4Init       edgeinterruptportf.o
    0x00002690   0x00002690   0x00000084   Code   RO         1330    .text.PFGeneralInit  edgeinterruptportf.o
    0x00002714   0x00002714   0x00000124   Code   RO           94    .text.PID           lab6.o
    0x00002838   0x00002838   0x000003aa   Code   RO           96    .text.PID_new       lab6.o
    0x00002be2   0x00002be2   0x00000002   PAD
    0x00002be4   0x00002be4   0x0000008a   Code   RO           32    .text.PLL_Init      pll.o
    0x00002c6e   0x00002c6e   0x00000002   PAD
    0x00002c70   0x00002c70   0x00000078   Code   RO           40    .text.PortD_Init    lab6.o
    0x00002ce8   0x00002ce8   0x00000022   Code   RO          401    .text.ProcessDistance  interpreter.o
    0x00002d0a   0x00002d0a   0x00000002   PAD
    0x00002d0c   0x00002d0c   0x0000023e   Code   RO         1091    .text.ReceiveDataFilter  esp8266.o
    0x00002f4a   0x00002f4a   0x00000002   PAD
    0x00002f4c   0x00002f4c   0x00000064   Code   RO         1395    .text.RxFifo2_Put   tfluna.o
    0x00002fb0   0x00002fb0   0x0000001e   Code   RO         1508    .text.RxFifo_Init   fifosimple.o
    0x00002fce   0x00002fce   0x00000002   PAD
    0x00002fd0   0x00002fd0   0x00000022   Code   RO         1387    .text.RxFifo_Init2  tfluna.o
    0x00002ff2   0x00002ff2   0x00000002   PAD
    0x00002ff4   0x00002ff4   0x0000006a   Code   RO         1510    .text.RxFifo_Put    fifosimple.o
    0x0000305e   0x0000305e   0x00000002   PAD
    0x00003060   0x00003060   0x00000064   Code   RO         1389    .text.RxFifo_Put2   tfluna.o
    0x000030c4   0x000030c4   0x00000058   Code   RO         1514    .text.RxFifo_Size   fifosimple.o
    0x0000311c   0x0000311c   0x000001b6   Code   RO          317    .text.ST7735_DrawCharS  st7735.o
    0x000032d2   0x000032d2   0x00000002   PAD
    0x000032d4   0x000032d4   0x00000070   Code   RO          295    .text.ST7735_DrawPixel  st7735.o
    0x00003344   0x00003344   0x0000009a   Code   RO          321    .text.ST7735_DrawString  st7735.o
    0x000033de   0x000033de   0x00000002   PAD
    0x000033e0   0x000033e0   0x0000013e   Code   RO          305    .text.ST7735_FillRect  st7735.o
    0x0000351e   0x0000351e   0x00000002   PAD
    0x00003520   0x00003520   0x00000034   Code   RO          285    .text.ST7735_FillScreen  st7735.o
    0x00003554   0x00003554   0x000000b4   Code   RO          287    .text.ST7735_InitR  st7735.o
    0x00003608   0x00003608   0x000000f0   Code   RO          337    .text.ST7735_MessageNoVal  st7735.o
    0x000036f8   0x000036f8   0x0000010e   Code   RO          363    .text.ST7735_OutChar  st7735.o
    0x00003806   0x00003806   0x00000002   PAD
    0x00003808   0x00003808   0x00000024   Code   RO          335    .text.ST7735_OutString  st7735.o
    0x0000382c   0x0000382c   0x00000036   Code   RO          283    .text.ST7735_SetCursor  st7735.o
    0x00003862   0x00003862   0x00000002   PAD
    0x00003864   0x00003864   0x00000104   Code   RO          156    .text.SysTick_Handler  os.o
    0x00003968   0x00003968   0x0000002e   Code   RO          162    .text.SysTick_Init  os.o
    0x00003996   0x00003996   0x00000002   PAD
    0x00003998   0x00003998   0x0000001a   Code   RO         1401    .text.TFLuna2_InStatus  tfluna.o
    0x000039b2   0x000039b2   0x00000002   PAD
    0x000039b4   0x000039b4   0x00000010   Code   RO         1417    .text.TFLuna_Format_Standard_mm  tfluna.o
    0x000039c4   0x000039c4   0x00000010   Code   RO         1427    .text.TFLuna_Frame_Rate  tfluna.o
    0x000039d4   0x000039d4   0x0000001a   Code   RO         1399    .text.TFLuna_InStatus  tfluna.o
    0x000039ee   0x000039ee   0x00000002   PAD
    0x000039f0   0x000039f0   0x00000128   Code   RO         1403    .text.TFLuna_Init   tfluna.o
    0x00003b18   0x00003b18   0x0000002e   Code   RO         1407    .text.TFLuna_OutChar  tfluna.o
    0x00003b46   0x00003b46   0x00000002   PAD
    0x00003b48   0x00003b48   0x00000010   Code   RO         1429    .text.TFLuna_SaveSettings  tfluna.o
    0x00003b58   0x00003b58   0x00000030   Code   RO         1415    .text.TFLuna_SendMessage  tfluna.o
    0x00003b88   0x00003b88   0x00000010   Code   RO         1431    .text.TFLuna_System_Reset  tfluna.o
    0x00003b98   0x00003b98   0x00000060   Code   RO         1541    .text.Timer0A_Handler  timer.o
    0x00003bf8   0x00003bf8   0x00000136   Code   RO         1533    .text.Timer0_Init   timer.o
    0x00003d2e   0x00003d2e   0x00000002   PAD
    0x00003d30   0x00003d30   0x00000066   Code   RO         1551    .text.Timer1A_Handler  timer.o
    0x00003d96   0x00003d96   0x00000002   PAD
    0x00003d98   0x00003d98   0x0000001c   Code   RO         1288    .text.Timer2A_Handler  timer2a.o
    0x00003db4   0x00003db4   0x00000066   Code   RO         1561    .text.Timer3A_Handler  timer.o
    0x00003e1a   0x00003e1a   0x00000002   PAD
    0x00003e1c   0x00003e1c   0x0000001c   Code   RO         1302    .text.Timer4A_Handler  timer4a.o
    0x00003e38   0x00003e38   0x0000001c   Code   RO         1316    .text.Timer5A_Handler  timer5a.o
    0x00003e54   0x00003e54   0x000000a0   Code   RO         1314    .text.Timer5A_Init  timer5a.o
    0x00003ef4   0x00003ef4   0x00000052   Code   RO         1504    .text.TxFifo_Get    fifosimple.o
    0x00003f46   0x00003f46   0x00000002   PAD
    0x00003f48   0x00003f48   0x00000018   Code   RO         1500    .text.TxFifo_Init   fifosimple.o
    0x00003f60   0x00003f60   0x00000056   Code   RO         1502    .text.TxFifo_Put    fifosimple.o
    0x00003fb6   0x00003fb6   0x00000002   PAD
    0x00003fb8   0x00003fb8   0x00000018   Code   RO         1506    .text.TxFifo_Size   fifosimple.o
    0x00003fd0   0x00003fd0   0x0000008a   Code   RO          449    .text.UART0_Handler  uart0int.o
    0x0000405a   0x0000405a   0x00000002   PAD
    0x0000405c   0x0000405c   0x0000004c   Code   RO         1409    .text.UART1_Handler  tfluna.o
    0x000040a8   0x000040a8   0x0000008a   Code   RO         1099    .text.UART2_Handler  esp8266.o
    0x00004132   0x00004132   0x00000002   PAD
    0x00004134   0x00004134   0x0000004c   Code   RO         1439    .text.UART3_Handler  tfluna.o
    0x00004180   0x00004180   0x000000ea   Code   RO          437    .text.UART_Init     uart0int.o
    0x0000426a   0x0000426a   0x00000002   PAD
    0x0000426c   0x0000426c   0x0000003c   Code   RO          447    .text.UART_OutCharNonBlock  uart0int.o
    0x000042a8   0x000042a8   0x0000001c   Code   RO          877    .text.WideTimer0A_Handler  wtimer0a.o
    0x000042c4   0x000042c4   0x000000aa   Code   RO          875    .text.WideTimer0A_Init  wtimer0a.o
    0x0000436e   0x0000436e   0x00000002   PAD
    0x00004370   0x00004370   0x0000001c   Code   RO         1274    .text.WideTimer1A_Handler  wtimer1a.o
    0x0000438c   0x0000438c   0x000000a6   Code   RO         1272    .text.WideTimer1A_Init  wtimer1a.o
    0x00004432   0x00004432   0x00000002   PAD
    0x00004434   0x00004434   0x00000092   Code   RO          150    .text.addThreadBack  os.o
    0x000044c6   0x000044c6   0x00000002   PAD
    0x000044c8   0x000044c8   0x0000004e   Code   RO          100    .text.button        lab6.o
    0x00004516   0x00004516   0x00000002   PAD
    0x00004518   0x00004518   0x000000aa   Code   RO          289    .text.commandList   st7735.o
    0x000045c2   0x000045c2   0x00000002   PAD
    0x000045c4   0x000045c4   0x000001a6   Code   RO          281    .text.commonInit    st7735.o
    0x0000476a   0x0000476a   0x00000002   PAD
    0x0000476c   0x0000476c   0x00000056   Code   RO          451    .text.copyHardwareToSoftware  uart0int.o
    0x000047c2   0x000047c2   0x00000002   PAD
    0x000047c4   0x000047c4   0x00000188   Code   RO         1411    .text.copyHardwareToSoftware  tfluna.o
    0x0000494c   0x0000494c   0x00000188   Code   RO         1441    .text.copyHardwareToSoftware2  tfluna.o
    0x00004ad4   0x00004ad4   0x0000004e   Code   RO          445    .text.copySoftwareToHardware  uart0int.o
    0x00004b22   0x00004b22   0x00000002   PAD
    0x00004b24   0x00004b24   0x0000001e   Code   RO          146    .text.countMS       os.o
    0x00004b42   0x00004b42   0x00000002   PAD
    0x00004b44   0x00004b44   0x0000004c   Code   RO           90    .text.initiallize_control  lab6.o
    0x00004b90   0x00004b90   0x0000000a   Code   RO          104    .text.main          lab6.o
    0x00004b9a   0x00004b9a   0x00000002   PAD
    0x00004b9c   0x00004b9c   0x0000001c   Code   RO          299    .text.pushColor     st7735.o
    0x00004bb8   0x00004bb8   0x0000006e   Code   RO           92    .text.sensorloop    lab6.o
    0x00004c26   0x00004c26   0x00000002   PAD
    0x00004c28   0x00004c28   0x000000a8   Code   RO          102    .text.sensormain    lab6.o
    0x00004cd0   0x00004cd0   0x00000094   Code   RO          297    .text.setAddrWindow  st7735.o
    0x00004d64   0x00004d64   0x00000128   Code   RO          152    .text.setAsBlocked  os.o
    0x00004e8c   0x00004e8c   0x00000032   Code   RO           86    .text.setXmt        lab6.o
    0x00004ebe   0x00004ebe   0x00000002   PAD
    0x00004ec0   0x00004ec0   0x0000007e   Code   RO          291    .text.writecommand  st7735.o
    0x00004f3e   0x00004f3e   0x00000002   PAD
    0x00004f40   0x00004f40   0x00000080   Code   RO          293    .text.writedata     st7735.o
    0x00004fc0   0x00004fc0   0x0000000e   Code   RO         1734    i.__scatterload_copy  mc_w.l(handlers.o)
    0x00004fce   0x00004fce   0x00000002   Code   RO         1735    i.__scatterload_null  mc_w.l(handlers.o)
    0x00004fd0   0x00004fd0   0x0000000e   Code   RO         1736    i.__scatterload_zeroinit  mc_w.l(handlers.o)
    0x00004fde   0x00004fde   0x00000002   PAD
    0x00004fe0   0x00004fe0   0x00000010   Data   RO          865    .rodata.A           irdistance.o
    0x00004ff0   0x00004ff0   0x00000010   Data   RO          866    .rodata.B           irdistance.o
    0x00005000   0x00005000   0x00000010   Data   RO          867    .rodata.C           irdistance.o
    0x00005010   0x00005010   0x000004fb   Data   RO          383    .rodata.Font        st7735.o
    0x0000550b   0x0000550b   0x00000005   Data   RO         1469    .rodata.Format_Standard_mm  tfluna.o
    0x00005510   0x00005510   0x00000006   Data   RO         1465    .rodata.Frame_Rate  tfluna.o
    0x00005516   0x00005516   0x00000002   PAD
    0x00005518   0x00005518   0x00000010   Data   RO          868    .rodata.IRmax       irdistance.o
    0x00005528   0x00005528   0x0000003b   Data   RO          372    .rodata.Rcmd1       st7735.o
    0x00005563   0x00005563   0x0000000d   Data   RO          373    .rodata.Rcmd2green  st7735.o
    0x00005570   0x00005570   0x0000000d   Data   RO          376    .rodata.Rcmd2red    st7735.o
    0x0000557d   0x0000557d   0x0000002b   Data   RO          377    .rodata.Rcmd3       st7735.o
    0x000055a8   0x000055a8   0x00000006   Data   RO         1185    .rodata.ReceiveDataSearchString  esp8266.o
    0x000055ae   0x000055ae   0x00000004   Data   RO         1472    .rodata.SaveSettings  tfluna.o
    0x000055b2   0x000055b2   0x00000004   Data   RO         1464    .rodata.System_Reset  tfluna.o
    0x000055b6   0x000055b6   0x00000002   PAD
    0x000055b8   0x000055b8   0x00000014   Data   RO         1243    .rodata.g_pui32Dii16Regs  interrupt.o
    0x000055cc   0x000055cc   0x00000014   Data   RO         1242    .rodata.g_pui32EnRegs  interrupt.o
    0x000055e0   0x000055e0   0x00000012   Data   RO         1030    .rodata.g_usCANBitValues  can.o
    0x000055f2   0x000055f2   0x000001e6   Data   RO          107    .rodata.str1.1      lab6.o
    0x000057d8   0x000057d8   0x00000018   Data   RO          386    .rodata.str1.1      st7735.o
    0x000057f0   0x000057f0   0x00000020   Data   RO         1733    Region$$Table       anon$$obj.o


    Execution Region ER_RW (Exec base: 0x20000000, Load base: 0x00005810, Size: 0x00000014, Max: 0xffffffff, ABSOLUTE)

    Exec Addr    Load Addr    Size         Type   Attr      Idx    E Section Name        Object

    0x20000000   0x00005810   0x00000004   Data   RW         1052    .data.RCV_ID        can0.o
    0x20000004   0x00005814   0x00000004   Data   RW         1188    .data.ReceiveDataState  esp8266.o
    0x20000008   0x00005818   0x00000002   Data   RW          369    .data.StTextColor   st7735.o
    0x2000000a   0x0000581a   0x00000002   PAD
    0x2000000c   0x0000581c   0x00000004   Data   RW         1053    .data.XMT_ID        can0.o
    0x20000010   0x00005820   0x00000002   Data   RW          380    .data._height       st7735.o
    0x20000012   0x00005822   0x00000002   Data   RW          379    .data._width        st7735.o


    Execution Region ER_ZI (Exec base: 0x20000018, Load base: 0x00005824, Size: 0x000046a0, Max: 0xffffffff, ABSOLUTE)

    Exec Addr    Load Addr    Size         Type   Attr      Idx    E Section Name        Object

    0x20000018        -       0x00000004   Zero   RW          701    .bss.ADCTask        adct0atrigger.o
    0x2000001c        -       0x00000004   Zero   RW         1485    .bss.BadCheckSum    tfluna.o
    0x20000020        -       0x00000004   Zero   RW         1490    .bss.BadCheckSum2   tfluna.o
    0x20000024        -       0x00000001   Zero   RW          374    .bss.ColStart       st7735.o
    0x20000025   0x00005824   0x00000003   PAD
    0x20000028        -       0x00000004   Zero   RW          255    .bss.CurrPCB        os.o
    0x2000002c        -       0x00000400   Zero   RW         1178    .bss.ESP8266Rx0Fifo  esp8266.o
    0x2000042c        -       0x00000004   Zero   RW         1176    .bss.ESP8266Rx0GetI  esp8266.o
    0x20000430        -       0x00000004   Zero   RW         1177    .bss.ESP8266Rx0PutI  esp8266.o
    0x20000434        -       0x00000400   Zero   RW         1175    .bss.ESP8266RxFifo  esp8266.o
    0x20000834        -       0x00000004   Zero   RW         1173    .bss.ESP8266RxGetI  esp8266.o
    0x20000838        -       0x00000004   Zero   RW         1174    .bss.ESP8266RxPutI  esp8266.o
    0x2000083c        -       0x00000400   Zero   RW         1181    .bss.ESP8266TxFifo  esp8266.o
    0x20000c3c        -       0x00000004   Zero   RW         1179    .bss.ESP8266TxGetI  esp8266.o
    0x20000c40        -       0x00000004   Zero   RW         1180    .bss.ESP8266TxPutI  esp8266.o
    0x20000c44        -       0x00000002   Zero   RW         1183    .bss.ESP8266_ConnectionMux  esp8266.o
    0x20000c46   0x00005824   0x00000002   PAD
    0x20000c48        -       0x00000004   Zero   RW         1186    .bss.ESP8266_DataAvailable  esp8266.o
    0x20000c4c        -       0x00000004   Zero   RW         1187    .bss.ESP8266_DataLoss  esp8266.o
    0x20000c50        -       0x00000001   Zero   RW         1172    .bss.ESP8266_EchoCommand  esp8266.o
    0x20000c51        -       0x00000001   Zero   RW         1171    .bss.ESP8266_EchoResponse  esp8266.o
    0x20000c52   0x00005824   0x00000002   PAD
    0x20000c54        -       0x00000004   Zero   RW          809    .bss.I1             lpf.o
    0x20000c58        -       0x00000004   Zero   RW          815    .bss.I2             lpf.o
    0x20000c5c        -       0x00000004   Zero   RW          821    .bss.I3             lpf.o
    0x20000c60        -       0x00000004   Zero   RW          827    .bss.I4             lpf.o
    0x20000c64        -       0x00000010   Zero   RW          123    .bss.IRdata         lab6.o
    0x20000c74        -       0x00000004   Zero   RW          106    .bss.IdleCount      lab6.o
    0x20000c78        -       0x0000000c   Zero   RW          371    .bss.LCDFree        st7735.o
    0x20000c84        -       0x00000004   Zero   RW          810    .bss.LPFSum1        lpf.o
    0x20000c88        -       0x00000004   Zero   RW          816    .bss.LPFSum2        lpf.o
    0x20000c8c        -       0x00000004   Zero   RW          822    .bss.LPFSum3        lpf.o
    0x20000c90        -       0x00000004   Zero   RW          828    .bss.LPFSum4        lpf.o
    0x20000c94        -       0x00000004   Zero   RW          250    .bss.LookPt         os.o
    0x20000c98        -       0x00000004   Zero   RW         1055    .bss.MailFlag       can0.o
    0x20000c9c        -       0x00000004   Zero   RW          252    .bss.Next           os.o
    0x20000ca0        -       0x00000004   Zero   RW          261    .bss.NextPt         os.o
    0x20000ca4        -       0x00000004   Zero   RW          108    .bss.NumCreated     lab6.o
    0x20000ca8        -       0x00000004   Zero   RW          702    .bss.PD3data        adct0atrigger.o
    0x20000cac        -       0x00000004   Zero   RW         1292    .bss.PeriodicTask2  timer2a.o
    0x20000cb0        -       0x00000004   Zero   RW         1306    .bss.PeriodicTask4  timer4a.o
    0x20000cb4        -       0x00000004   Zero   RW         1320    .bss.PeriodicTask5A  timer5a.o
    0x20000cb8        -       0x00000004   Zero   RW          251    .bss.Prev           os.o
    0x20000cbc        -       0x00000028   Zero   RW          248    .bss.PriPointers    os.o
    0x20000ce4        -       0x00000001   Zero   RW          257    .bss.ProcessCount   os.o
    0x20000ce5        -       0x00000004   Zero   RW         1054    .bss.RCVData        can0.o
    0x20000ce9   0x00005824   0x00000003   PAD
    0x20000cec        -       0x00000004   Zero   RW         1189    .bss.ReceiveDataLen  esp8266.o
    0x20000cf0        -       0x00000004   Zero   RW         1191    .bss.ReceiveDataSearchIndex  esp8266.o
    0x20000cf4        -       0x00000004   Zero   RW         1190    .bss.ReceiveDataStream  esp8266.o
    0x20000cf8        -       0x00000001   Zero   RW          375    .bss.RowStart       st7735.o
    0x20000cf9   0x00005824   0x00000003   PAD
    0x20000cfc        -       0x00000004   Zero   RW          247    .bss.RunPt          os.o
    0x20000d00        -       0x00000100   Zero   RW         1476    .bss.RxFIFO         tfluna.o
    0x20000e00        -       0x00000100   Zero   RW         1480    .bss.RxFIFO2        tfluna.o
    0x20000f00        -       0x00000010   Zero   RW         1519    .bss.RxFifo         fifosimple.o
    0x20000f10        -       0x00000004   Zero   RW         1475    .bss.RxFifoLost     tfluna.o
    0x20000f14        -       0x00000004   Zero   RW         1479    .bss.RxFifoLost2    tfluna.o
    0x20000f18        -       0x00000004   Zero   RW         1473    .bss.RxGetI         tfluna.o
    0x20000f1c        -       0x00000004   Zero   RW         1477    .bss.RxGetI2        tfluna.o
    0x20000f20        -       0x00000004   Zero   RW         1520    .bss.RxGetPt        fifosimple.o
    0x20000f24        -       0x00000004   Zero   RW         1474    .bss.RxPutI         tfluna.o
    0x20000f28        -       0x00000004   Zero   RW         1478    .bss.RxPutI2        tfluna.o
    0x20000f2c        -       0x00000004   Zero   RW         1521    .bss.RxPutPt        fifosimple.o
    0x20000f30        -       0x00000001   Zero   RW          241    .bss.SW1Init        os.o
    0x20000f31   0x00005824   0x00000003   PAD
    0x20000f34        -       0x00000004   Zero   RW          243    .bss.SW1Pri         os.o
    0x20000f38        -       0x00000004   Zero   RW          258    .bss.SW1Task        os.o
    0x20000f3c        -       0x00000004   Zero   RW          244    .bss.SW2Pri         os.o
    0x20000f40        -       0x00000004   Zero   RW          259    .bss.SW2Task        os.o
    0x20000f44        -       0x00000004   Zero   RW          808    .bss.Size1          lpf.o
    0x20000f48        -       0x00000004   Zero   RW          814    .bss.Size2          lpf.o
    0x20000f4c        -       0x00000004   Zero   RW          820    .bss.Size3          lpf.o
    0x20000f50        -       0x00000004   Zero   RW          826    .bss.Size4          lpf.o
    0x20000f54        -       0x00000004   Zero   RW          246    .bss.SleepPt        os.o
    0x20000f58        -       0x00000004   Zero   RW          367    .bss.StX            st7735.o
    0x20000f5c        -       0x00000004   Zero   RW          368    .bss.StY            st7735.o
    0x20000f60        -       0x00000004   Zero   RW          415    .bss.TFDistance     interpreter.o
    0x20000f64        -       0x0000000c   Zero   RW         1484    .bss.TFLunaDataMessage  tfluna.o
    0x20000f70        -       0x0000000c   Zero   RW         1489    .bss.TFLunaDataMessage2  tfluna.o
    0x20000f7c        -       0x00000004   Zero   RW         1491    .bss.TFLunaDistance  tfluna.o
    0x20000f80        -       0x00000004   Zero   RW         1492    .bss.TFLunaDistance2  tfluna.o
    0x20000f84        -       0x00000004   Zero   RW         1481    .bss.TFLunaFunction  tfluna.o
    0x20000f88        -       0x00000004   Zero   RW         1486    .bss.TFLunaFunction2  tfluna.o
    0x20000f8c        -       0x00000004   Zero   RW         1482    .bss.TFLunaIndex    tfluna.o
    0x20000f90        -       0x00000004   Zero   RW         1487    .bss.TFLunaIndex2   tfluna.o
    0x20000f94        -       0x00000001   Zero   RW         1483    .bss.TFLunaLastByte  tfluna.o
    0x20000f95        -       0x00000001   Zero   RW         1488    .bss.TFLunaLastByte2  tfluna.o
    0x20000f96   0x00005824   0x00000002   PAD
    0x20000f98        -       0x00000004   Zero   RW          416    .bss.TFLunaOk       interpreter.o
    0x20000f9c        -       0x00000001   Zero   RW          378    .bss.TabColor       st7735.o
    0x20000f9d        -       0x00000001   Zero   RW          422    .bss.ThreadCount    interpreter.o
    0x20000f9e        -       0x0000000a   Zero   RW          249    .bss.ThreadCounts   os.o
    0x20000fa8        -       0x00000004   Zero   RW          260    .bss.TimeSlice      os.o
    0x20000fac        -       0x00000004   Zero   RW         1568    .bss.Timer0Done     timer.o
    0x20000fb0        -       0x00000004   Zero   RW         1569    .bss.Timer0First    timer.o
    0x20000fb4        -       0x00000004   Zero   RW         1567    .bss.Timer0Pulse    timer.o
    0x20000fb8        -       0x00000004   Zero   RW         1571    .bss.Timer1Done     timer.o
    0x20000fbc        -       0x00000004   Zero   RW         1572    .bss.Timer1First    timer.o
    0x20000fc0        -       0x00000004   Zero   RW         1570    .bss.Timer1Pulse    timer.o
    0x20000fc4        -       0x00000004   Zero   RW         1574    .bss.Timer3Done     timer.o
    0x20000fc8        -       0x00000004   Zero   RW         1575    .bss.Timer3First    timer.o
    0x20000fcc        -       0x00000004   Zero   RW         1573    .bss.Timer3Pulse    timer.o
    0x20000fd0        -       0x00000001   Zero   RW          245    .bss.Timer5Used     os.o
    0x20000fd1        -       0x00000010   Zero   RW         1518    .bss.TxFifo         fifosimple.o
    0x20000fe1   0x00005824   0x00000003   PAD
    0x20000fe4        -       0x00000004   Zero   RW         1516    .bss.TxGetI         fifosimple.o
    0x20000fe8        -       0x00000004   Zero   RW         1517    .bss.TxPutI         fifosimple.o
    0x20000fec        -       0x00000004   Zero   RW          881    .bss.WidePeriodicTask0  wtimer0a.o
    0x20000ff0        -       0x00000004   Zero   RW         1278    .bss.WidePeriodicTask1  wtimer1a.o
    0x20000ff4        -       0x00000004   Zero   RW          115    .bss.XmtData        lab6.o
    0x20000ff8        -       0x00000004   Zero   RW          124    .bss.error          lab6.o
    0x20000ffc        -       0x00000800   Zero   RW          903    .bss.heap           heap.o
    0x200017fc        -       0x0000000c   Zero   RW          904    .bss.heapSema       heap.o
    0x20001808        -       0x00000002   Zero   RW          130    .bss.ir_least       lab6.o
    0x2000180a        -       0x00000002   Zero   RW          127    .bss.ir_left        lab6.o
    0x2000180c        -       0x00000002   Zero   RW          129    .bss.ir_mid         lab6.o
    0x2000180e        -       0x00000002   Zero   RW          128    .bss.ir_right       lab6.o
    0x20001810        -       0x00000004   Zero   RW          234    .bss.lab1Count      os.o
    0x20001814        -       0x00000004   Zero   RW          235    .bss.lab2Count      os.o
    0x20001818        -       0x00000004   Zero   RW          125    .bss.prev_error     lab6.o
    0x2000181c        -       0x00000002   Zero   RW          131    .bss.reverseservo   lab6.o
    0x2000181e        -       0x00000001   Zero   RW          238    .bss.sleepCount     os.o
    0x2000181f   0x00005824   0x00000001   PAD
    0x20001820        -       0x00002800   Zero   RW          254    .bss.stacks         os.o
    0x20004020        -       0x00000004   Zero   RW          126    .bss.startflag      lab6.o
    0x20004024        -       0x00000190   Zero   RW          253    .bss.threads        os.o
    0x200041b4        -       0x00000040   Zero   RW          811    .bss.x1             lpf.o
    0x200041f4        -       0x00000040   Zero   RW          817    .bss.x2             lpf.o
    0x20004234        -       0x00000040   Zero   RW          823    .bss.x3             lpf.o
    0x20004274        -       0x00000040   Zero   RW          829    .bss.x4             lpf.o
    0x200042b4   0x00005824   0x00000004   PAD
    0x200042b8        -       0x00000400   Zero   RW            1    STACK               startup.o


==============================================================================

Image component sizes


      Code (inc. data)   RO Data    RW Data    ZI Data      Debug   Object Name

       402          0          0          0          0       3406   adcswtrigger.o
        84          0          0          0          8       1980   adct0atrigger.o
      2618         10         18          0          0       7739   can.o
       540          0          0          8          8       2870   can0.o
        58          0          0          0          0        727   cortexm.o
       268          0          0          0          0       1089   edgeinterruptportf.o
       148          0          0          0          0       6590   edisk.o
      1252          4          6          4       3120      12891   esp8266.o
       440          0          0          0         48       1970   fifosimple.o
       820          0          0          0       2060       5177   heap.o
        34          0          0          0          9       5217   interpreter.o
       320          0         40          0          0       3825   interrupt.o
        94          0         64          0          0        865   irdistance.o
      1894          0        486          0         50       9081   lab6.o
       854          0          0          0        304       7579   lpf.o
      2964          0          0          0      10750      10464   os.o
       164         12          0          0          0        328   osasm.o
       138          0          0          0          0        633   pll.o
      2922          0       1427          6         23      13842   st7735.o
       672        622          0          0       1024       1012   startup.o
      1676          0         19          0        594       7154   tfluna.o
       610          0          0          0         36       3394   timer.o
        28          0          0          0          4        959   timer2a.o
        28          0          0          0          4        959   timer4a.o
       188          0          0          0          4        959   timer5a.o
       596          0          0          0          0       4303   uart0int.o
       198          0          0          0          4        975   wtimer0a.o
       194          0          0          0          4        975   wtimer1a.o

    ----------------------------------------------------------------------
     20348        648       2096         20      18080     116963   Object Totals
         0          0         32          0          0          0   (incl. Generated)
       144          0          4          2         26          0   (incl. Padding)

    ----------------------------------------------------------------------

      Code (inc. data)   RO Data    RW Data    ZI Data      Debug   Library Member Name

         0          0          0          0          0          0   entry.o
         0          0          0          0          0          0   entry10a.o
         0          0          0          0          0          0   entry11a.o
         8          4          0          0          0          0   entry2.o
         4          0          0          0          0          0   entry5.o
         0          0          0          0          0          0   entry7b.o
         0          0          0          0          0          0   entry8b.o
         8          4          0          0          0          0   entry9a.o
        30          0          0          0          0          0   handlers.o
        48         10          0          0          0         68   init.o

    ----------------------------------------------------------------------
       100         18          0          0          0         68   Library Totals
         2          0          0          0          0          0   (incl. Padding)

    ----------------------------------------------------------------------

      Code (inc. data)   RO Data    RW Data    ZI Data      Debug   Library Name

        98         18          0          0          0         68   mc_w.l

    ----------------------------------------------------------------------
       100         18          0          0          0         68   Library Totals

    ----------------------------------------------------------------------

==============================================================================


      Code (inc. data)   RO Data    RW Data    ZI Data      Debug   

     20448        666       2096         20      18080     116683   Grand Totals
     20448        666       2096         20      18080     116683   ELF Image Totals
     20448        666       2096         20          0          0   ROM Totals

==============================================================================

    Total RO  Size (Code + RO Data)                22544 (  22.02kB)
    Total RW  Size (RW Data + ZI Data)             18100 (  17.68kB)
    Total ROM Size (Code + RO Data + RW Data)      22564 (  22.04kB)

==============================================================================

