<html>
<body>
<pre>
<h1>µVision Build Log</h1>
<h2>Tool Versions:</h2>
IDE-Version: µVision V5.41.0.0
Copyright (C) 2024 ARM Ltd and ARM Germany GmbH. All rights reserved.
License Information: Jacob Erattuparambil
University of Texas at Austin
User-based license: Keil MDK Community (non-commercial free of charge)
Valid until: May 31 2033. Cached until: Mar 24 2025
 
Tool Versions:
Toolchain:       Keil MDK Community (non-commercial free of charge  Version: 5.41.0.0
Toolchain Path:  C:\Keil_v5\ARM\ARMCLANG\Bin
C Compiler:      ArmClang.exe V6.22
Assembler:       Armasm.exe V6.22
Linker/Locator:  ArmLink.exe V6.22
Library Manager: ArmAr.exe V6.22
Hex Converter:   FromElf.exe V6.22
CPU DLL:         SARMCM3.DLL V5.41.0.0
Dialog DLL:      DCM.DLL V1.17.5.0
Target DLL:      UL2CM3.DLL V1.164.14.0
Dialog DLL:      TCM.DLL V1.56.4.0
 
<h2>Project:</h2>
C:\Users\jacob\RTOS_Labs\ValvanoWareTM4C123v6\ValvanoWareTM4C123v6\lab-5-je28497_jwv493-1\RTOS_Lab5_User\User.uvprojx
Project File Date:  03/17/2025

<h2>Output:</h2>
*** Using Compiler 'V6.22', folder: 'C:\Keil_v5\ARM\ARMCLANG\Bin'
Build target 'User'
assembling Display.s...
assembling startup.s...
assembling osasm.s...
compiling User.c...
linking...
.\User.axf: Warning: L6238E: startup.o(RESET) contains invalid call from 'USESV6 (R9 used as V6)' function to 'RWPI (R9 used as SB)' function __main.
.\User.axf: Warning: L6095W: Image requires generation of the deprecated R-type dynamic information. Support for the legacy R-type dynamic linking model shall be removed in a future version of the linker. Alternative linking models: System V PIC, bare-metal PIE, ROPI/RWPI, PIXO.
Program Size: Code=512 RO-data=0 RW-data=4 ZI-data=100  
Finished: 0 information, 2 warning and 0 error messages.
".\User.axf" - 0 Error(s), 2 Warning(s).

<h2>Software Packages used:</h2>

Package Vendor: ARM
                https://www.keil.com/pack/ARM.CMSIS.6.1.0.pack
                ARM::CMSIS@6.1.0
                CMSIS (Common Microcontroller Software Interface Standard)
   * Component: CORE Version: 6.1.0

Package Vendor: Keil
                http://www.keil.com/pack/Keil.TM4C_DFP.1.1.0.pack
                Keil::TM4C_DFP@1.1.0
                Texas Instruments Tiva C Series Device Support and Examples

<h2>Collection of Component include folders:</h2>
  ./RTE/_User
  C:/Users/jacob/AppData/Local/Arm/Packs/ARM/CMSIS/6.1.0/CMSIS/Core/Include
  C:/Users/jacob/AppData/Local/Arm/Packs/Keil/TM4C_DFP/1.1.0/Device/Include/TM4C123

<h2>Collection of Component Files used:</h2>

   * Component: ARM::CMSIS:CORE@6.1.0
Build Time Elapsed:  00:00:01
</pre>
</body>
</html>
